<?xml version="1.0"?>
<link_info>
   <banner>MSP430 Linker PC v4.4.3</banner>
   <copyright>Copyright (c) 2003-2015 Texas Instruments Incorporated</copyright>
   <link_time>0x5d3d88ee</link_time>
   <link_errors>0x0</link_errors>
   <output_file>glz_msp430_ucOS_II.out</output_file>
   <entry_point>
      <name>_c_int00_noargs_noexit</name>
      <address>0xa5bc</address>
   </entry_point>
   <input_file_list>
      <input_file id="fl-2">
         <path>.\uCOS-II\Source\</path>
         <kind>object</kind>
         <file>os_core.obj</file>
         <name>os_core.obj</name>
      </input_file>
      <input_file id="fl-3">
         <path>.\uCOS-II\Source\</path>
         <kind>object</kind>
         <file>os_flag.obj</file>
         <name>os_flag.obj</name>
      </input_file>
      <input_file id="fl-4">
         <path>.\uCOS-II\Source\</path>
         <kind>object</kind>
         <file>os_mbox.obj</file>
         <name>os_mbox.obj</name>
      </input_file>
      <input_file id="fl-5">
         <path>.\uCOS-II\Source\</path>
         <kind>object</kind>
         <file>os_mem.obj</file>
         <name>os_mem.obj</name>
      </input_file>
      <input_file id="fl-6">
         <path>.\uCOS-II\Source\</path>
         <kind>object</kind>
         <file>os_mutex.obj</file>
         <name>os_mutex.obj</name>
      </input_file>
      <input_file id="fl-7">
         <path>.\uCOS-II\Source\</path>
         <kind>object</kind>
         <file>os_q.obj</file>
         <name>os_q.obj</name>
      </input_file>
      <input_file id="fl-8">
         <path>.\uCOS-II\Source\</path>
         <kind>object</kind>
         <file>os_sem.obj</file>
         <name>os_sem.obj</name>
      </input_file>
      <input_file id="fl-9">
         <path>.\uCOS-II\Source\</path>
         <kind>object</kind>
         <file>os_task.obj</file>
         <name>os_task.obj</name>
      </input_file>
      <input_file id="fl-a">
         <path>.\uCOS-II\Source\</path>
         <kind>object</kind>
         <file>os_time.obj</file>
         <name>os_time.obj</name>
      </input_file>
      <input_file id="fl-b">
         <path>.\uCOS-II\Source\</path>
         <kind>object</kind>
         <file>os_tmr.obj</file>
         <name>os_tmr.obj</name>
      </input_file>
      <input_file id="fl-c">
         <path>.\uCOS-II\Ports\MSP430X\CCS\</path>
         <kind>object</kind>
         <file>os_cpu_a.obj</file>
         <name>os_cpu_a.obj</name>
      </input_file>
      <input_file id="fl-d">
         <path>.\uCOS-II\Ports\MSP430X\CCS\</path>
         <kind>object</kind>
         <file>os_cpu_c.obj</file>
         <name>os_cpu_c.obj</name>
      </input_file>
      <input_file id="fl-e">
         <path>.\uC-LIB\</path>
         <kind>object</kind>
         <file>lib_ascii.obj</file>
         <name>lib_ascii.obj</name>
      </input_file>
      <input_file id="fl-f">
         <path>.\uC-LIB\</path>
         <kind>object</kind>
         <file>lib_math.obj</file>
         <name>lib_math.obj</name>
      </input_file>
      <input_file id="fl-10">
         <path>.\uC-LIB\</path>
         <kind>object</kind>
         <file>lib_mem.obj</file>
         <name>lib_mem.obj</name>
      </input_file>
      <input_file id="fl-11">
         <path>.\uC-LIB\</path>
         <kind>object</kind>
         <file>lib_str.obj</file>
         <name>lib_str.obj</name>
      </input_file>
      <input_file id="fl-12">
         <path>.\uC-CPU\</path>
         <kind>object</kind>
         <file>cpu_core.obj</file>
         <name>cpu_core.obj</name>
      </input_file>
      <input_file id="fl-13">
         <path>.\uC-CPU\MSP430\CCS\</path>
         <kind>object</kind>
         <file>cpu_a.obj</file>
         <name>cpu_a.obj</name>
      </input_file>
      <input_file id="fl-14">
         <path>.\FatFs\</path>
         <kind>object</kind>
         <file>Diskio.obj</file>
         <name>Diskio.obj</name>
      </input_file>
      <input_file id="fl-15">
         <path>.\FatFs\</path>
         <kind>object</kind>
         <file>Fatfs.obj</file>
         <name>Fatfs.obj</name>
      </input_file>
      <input_file id="fl-16">
         <path>.\FatFs\</path>
         <kind>object</kind>
         <file>FileTxt.obj</file>
         <name>FileTxt.obj</name>
      </input_file>
      <input_file id="fl-17">
         <path>.\BSP\utils\</path>
         <kind>object</kind>
         <file>utils_hmac.obj</file>
         <name>utils_hmac.obj</name>
      </input_file>
      <input_file id="fl-18">
         <path>.\BSP\utils\</path>
         <kind>object</kind>
         <file>utils_list.obj</file>
         <name>utils_list.obj</name>
      </input_file>
      <input_file id="fl-19">
         <path>.\BSP\utils\</path>
         <kind>object</kind>
         <file>utils_md5.obj</file>
         <name>utils_md5.obj</name>
      </input_file>
      <input_file id="fl-1a">
         <path>.\BSP\utils\</path>
         <kind>object</kind>
         <file>utils_sha1.obj</file>
         <name>utils_sha1.obj</name>
      </input_file>
      <input_file id="fl-1b">
         <path>.\BSP\cJSON\</path>
         <kind>object</kind>
         <file>cjson.obj</file>
         <name>cjson.obj</name>
      </input_file>
      <input_file id="fl-1c">
         <path>.\BSP\cJSON\</path>
         <kind>object</kind>
         <file>malloc.obj</file>
         <name>malloc.obj</name>
      </input_file>
      <input_file id="fl-1d">
         <path>.\BSP\</path>
         <kind>object</kind>
         <file>bsp.obj</file>
         <name>bsp.obj</name>
      </input_file>
      <input_file id="fl-1e">
         <path>.\BSP\Platform\</path>
         <kind>object</kind>
         <file>g_Dust_Station.obj</file>
         <name>g_Dust_Station.obj</name>
      </input_file>
      <input_file id="fl-1f">
         <path>.\BSP\Platform\</path>
         <kind>object</kind>
         <file>g_Voc_Station.obj</file>
         <name>g_Voc_Station.obj</name>
      </input_file>
      <input_file id="fl-20">
         <path>.\BSP\MSP430F5xx_6xx\</path>
         <kind>object</kind>
         <file>adc10_a.obj</file>
         <name>adc10_a.obj</name>
      </input_file>
      <input_file id="fl-21">
         <path>.\BSP\MSP430F5xx_6xx\</path>
         <kind>object</kind>
         <file>adc12_a.obj</file>
         <name>adc12_a.obj</name>
      </input_file>
      <input_file id="fl-22">
         <path>.\BSP\MSP430F5xx_6xx\</path>
         <kind>object</kind>
         <file>aes.obj</file>
         <name>aes.obj</name>
      </input_file>
      <input_file id="fl-23">
         <path>.\BSP\MSP430F5xx_6xx\</path>
         <kind>object</kind>
         <file>battbak.obj</file>
         <name>battbak.obj</name>
      </input_file>
      <input_file id="fl-24">
         <path>.\BSP\MSP430F5xx_6xx\</path>
         <kind>object</kind>
         <file>comp_b.obj</file>
         <name>comp_b.obj</name>
      </input_file>
      <input_file id="fl-25">
         <path>.\BSP\MSP430F5xx_6xx\</path>
         <kind>object</kind>
         <file>crc.obj</file>
         <name>crc.obj</name>
      </input_file>
      <input_file id="fl-26">
         <path>.\BSP\MSP430F5xx_6xx\</path>
         <kind>object</kind>
         <file>ctsd16.obj</file>
         <name>ctsd16.obj</name>
      </input_file>
      <input_file id="fl-27">
         <path>.\BSP\MSP430F5xx_6xx\</path>
         <kind>object</kind>
         <file>dac12_a.obj</file>
         <name>dac12_a.obj</name>
      </input_file>
      <input_file id="fl-28">
         <path>.\BSP\MSP430F5xx_6xx\</path>
         <kind>object</kind>
         <file>dma.obj</file>
         <name>dma.obj</name>
      </input_file>
      <input_file id="fl-29">
         <path>.\BSP\MSP430F5xx_6xx\</path>
         <kind>object</kind>
         <file>eusci_a_spi.obj</file>
         <name>eusci_a_spi.obj</name>
      </input_file>
      <input_file id="fl-2a">
         <path>.\BSP\MSP430F5xx_6xx\</path>
         <kind>object</kind>
         <file>eusci_a_uart.obj</file>
         <name>eusci_a_uart.obj</name>
      </input_file>
      <input_file id="fl-2b">
         <path>.\BSP\MSP430F5xx_6xx\</path>
         <kind>object</kind>
         <file>eusci_b_i2c.obj</file>
         <name>eusci_b_i2c.obj</name>
      </input_file>
      <input_file id="fl-2c">
         <path>.\BSP\MSP430F5xx_6xx\</path>
         <kind>object</kind>
         <file>eusci_b_spi.obj</file>
         <name>eusci_b_spi.obj</name>
      </input_file>
      <input_file id="fl-2d">
         <path>.\BSP\MSP430F5xx_6xx\</path>
         <kind>object</kind>
         <file>flashctl.obj</file>
         <name>flashctl.obj</name>
      </input_file>
      <input_file id="fl-2e">
         <path>.\BSP\MSP430F5xx_6xx\</path>
         <kind>object</kind>
         <file>gpio.obj</file>
         <name>gpio.obj</name>
      </input_file>
      <input_file id="fl-2f">
         <path>.\BSP\MSP430F5xx_6xx\</path>
         <kind>object</kind>
         <file>lcd_b.obj</file>
         <name>lcd_b.obj</name>
      </input_file>
      <input_file id="fl-30">
         <path>.\BSP\MSP430F5xx_6xx\</path>
         <kind>object</kind>
         <file>ldopwr.obj</file>
         <name>ldopwr.obj</name>
      </input_file>
      <input_file id="fl-31">
         <path>.\BSP\MSP430F5xx_6xx\</path>
         <kind>object</kind>
         <file>mpy32.obj</file>
         <name>mpy32.obj</name>
      </input_file>
      <input_file id="fl-32">
         <path>.\BSP\MSP430F5xx_6xx\</path>
         <kind>object</kind>
         <file>oa.obj</file>
         <name>oa.obj</name>
      </input_file>
      <input_file id="fl-33">
         <path>.\BSP\MSP430F5xx_6xx\</path>
         <kind>object</kind>
         <file>pmap.obj</file>
         <name>pmap.obj</name>
      </input_file>
      <input_file id="fl-34">
         <path>.\BSP\MSP430F5xx_6xx\</path>
         <kind>object</kind>
         <file>pmm.obj</file>
         <name>pmm.obj</name>
      </input_file>
      <input_file id="fl-35">
         <path>.\BSP\MSP430F5xx_6xx\</path>
         <kind>object</kind>
         <file>ram.obj</file>
         <name>ram.obj</name>
      </input_file>
      <input_file id="fl-36">
         <path>.\BSP\MSP430F5xx_6xx\</path>
         <kind>object</kind>
         <file>ref.obj</file>
         <name>ref.obj</name>
      </input_file>
      <input_file id="fl-37">
         <path>.\BSP\MSP430F5xx_6xx\</path>
         <kind>object</kind>
         <file>rtc_a.obj</file>
         <name>rtc_a.obj</name>
      </input_file>
      <input_file id="fl-38">
         <path>.\BSP\MSP430F5xx_6xx\</path>
         <kind>object</kind>
         <file>rtc_b.obj</file>
         <name>rtc_b.obj</name>
      </input_file>
      <input_file id="fl-39">
         <path>.\BSP\MSP430F5xx_6xx\</path>
         <kind>object</kind>
         <file>rtc_c.obj</file>
         <name>rtc_c.obj</name>
      </input_file>
      <input_file id="fl-3a">
         <path>.\BSP\MSP430F5xx_6xx\</path>
         <kind>object</kind>
         <file>sd24_b.obj</file>
         <name>sd24_b.obj</name>
      </input_file>
      <input_file id="fl-3b">
         <path>.\BSP\MSP430F5xx_6xx\</path>
         <kind>object</kind>
         <file>sfr.obj</file>
         <name>sfr.obj</name>
      </input_file>
      <input_file id="fl-3c">
         <path>.\BSP\MSP430F5xx_6xx\</path>
         <kind>object</kind>
         <file>sysctl.obj</file>
         <name>sysctl.obj</name>
      </input_file>
      <input_file id="fl-3d">
         <path>.\BSP\MSP430F5xx_6xx\</path>
         <kind>object</kind>
         <file>tec.obj</file>
         <name>tec.obj</name>
      </input_file>
      <input_file id="fl-3e">
         <path>.\BSP\MSP430F5xx_6xx\</path>
         <kind>object</kind>
         <file>timer_a.obj</file>
         <name>timer_a.obj</name>
      </input_file>
      <input_file id="fl-3f">
         <path>.\BSP\MSP430F5xx_6xx\</path>
         <kind>object</kind>
         <file>timer_b.obj</file>
         <name>timer_b.obj</name>
      </input_file>
      <input_file id="fl-40">
         <path>.\BSP\MSP430F5xx_6xx\</path>
         <kind>object</kind>
         <file>timer_d.obj</file>
         <name>timer_d.obj</name>
      </input_file>
      <input_file id="fl-41">
         <path>.\BSP\MSP430F5xx_6xx\</path>
         <kind>object</kind>
         <file>tlv.obj</file>
         <name>tlv.obj</name>
      </input_file>
      <input_file id="fl-42">
         <path>.\BSP\MSP430F5xx_6xx\</path>
         <kind>object</kind>
         <file>ucs.obj</file>
         <name>ucs.obj</name>
      </input_file>
      <input_file id="fl-43">
         <path>.\BSP\MSP430F5xx_6xx\</path>
         <kind>object</kind>
         <file>usci_a_spi.obj</file>
         <name>usci_a_spi.obj</name>
      </input_file>
      <input_file id="fl-44">
         <path>.\BSP\MSP430F5xx_6xx\</path>
         <kind>object</kind>
         <file>usci_a_uart.obj</file>
         <name>usci_a_uart.obj</name>
      </input_file>
      <input_file id="fl-45">
         <path>.\BSP\MSP430F5xx_6xx\</path>
         <kind>object</kind>
         <file>usci_b_i2c.obj</file>
         <name>usci_b_i2c.obj</name>
      </input_file>
      <input_file id="fl-46">
         <path>.\BSP\MSP430F5xx_6xx\</path>
         <kind>object</kind>
         <file>usci_b_spi.obj</file>
         <name>usci_b_spi.obj</name>
      </input_file>
      <input_file id="fl-47">
         <path>.\BSP\MSP430F5xx_6xx\</path>
         <kind>object</kind>
         <file>wdt_a.obj</file>
         <name>wdt_a.obj</name>
      </input_file>
      <input_file id="fl-48">
         <path>.\BSP\Hallib\</path>
         <kind>object</kind>
         <file>hal_layer_api.obj</file>
         <name>hal_layer_api.obj</name>
      </input_file>
      <input_file id="fl-49">
         <path>.\BSP\Hallib\</path>
         <kind>object</kind>
         <file>hal_pmm.obj</file>
         <name>hal_pmm.obj</name>
      </input_file>
      <input_file id="fl-4a">
         <path>.\BSP\Hallib\</path>
         <kind>object</kind>
         <file>hal_tlv.obj</file>
         <name>hal_tlv.obj</name>
      </input_file>
      <input_file id="fl-4b">
         <path>.\BSP\Hallib\</path>
         <kind>object</kind>
         <file>hal_ucs.obj</file>
         <name>hal_ucs.obj</name>
      </input_file>
      <input_file id="fl-4c">
         <path>.\BSP\Devicelib\</path>
         <kind>object</kind>
         <file>g_DeviceADC.obj</file>
         <name>g_DeviceADC.obj</name>
      </input_file>
      <input_file id="fl-4d">
         <path>.\BSP\Devicelib\</path>
         <kind>object</kind>
         <file>g_DeviceConfig.obj</file>
         <name>g_DeviceConfig.obj</name>
      </input_file>
      <input_file id="fl-4e">
         <path>.\BSP\Devicelib\</path>
         <kind>object</kind>
         <file>g_DeviceFlash.obj</file>
         <name>g_DeviceFlash.obj</name>
      </input_file>
      <input_file id="fl-4f">
         <path>.\BSP\Devicelib\</path>
         <kind>object</kind>
         <file>g_DeviceGprs.obj</file>
         <name>g_DeviceGprs.obj</name>
      </input_file>
      <input_file id="fl-50">
         <path>.\BSP\Devicelib\</path>
         <kind>object</kind>
         <file>g_DeviceIO.obj</file>
         <name>g_DeviceIO.obj</name>
      </input_file>
      <input_file id="fl-51">
         <path>.\BSP\Devicelib\</path>
         <kind>object</kind>
         <file>g_DevicePrintf.obj</file>
         <name>g_DevicePrintf.obj</name>
      </input_file>
      <input_file id="fl-52">
         <path>.\BSP\Devicelib\</path>
         <kind>object</kind>
         <file>g_DeviceRTC.obj</file>
         <name>g_DeviceRTC.obj</name>
      </input_file>
      <input_file id="fl-53">
         <path>.\BSP\Devicelib\</path>
         <kind>object</kind>
         <file>g_DeviceSD.obj</file>
         <name>g_DeviceSD.obj</name>
      </input_file>
      <input_file id="fl-54">
         <path>.\BSP\Devicelib\</path>
         <kind>object</kind>
         <file>g_DeviceSDMMC.obj</file>
         <name>g_DeviceSDMMC.obj</name>
      </input_file>
      <input_file id="fl-55">
         <path>.\BSP\Devicelib\</path>
         <kind>object</kind>
         <file>g_DeviceSpi.obj</file>
         <name>g_DeviceSpi.obj</name>
      </input_file>
      <input_file id="fl-56">
         <path>.\BSP\Devicelib\</path>
         <kind>object</kind>
         <file>g_DeviceUart.obj</file>
         <name>g_DeviceUart.obj</name>
      </input_file>
      <input_file id="fl-57">
         <path>.\App\</path>
         <kind>object</kind>
         <file>app.obj</file>
         <name>app.obj</name>
      </input_file>
      <input_file id="fl-58">
         <path>.\App\</path>
         <kind>object</kind>
         <file>app_hooks.obj</file>
         <name>app_hooks.obj</name>
      </input_file>
      <input_file id="fl-8d">
         <path>G:\DeveloperFiles\ti\ccsv6\tools\compiler\ti-cgt-msp430_4.4.3\lib\</path>
         <kind>archive</kind>
         <file>rts430x_lc_rd_eabi.lib</file>
         <name>addd.obj</name>
      </input_file>
      <input_file id="fl-8e">
         <path>G:\DeveloperFiles\ti\ccsv6\tools\compiler\ti-cgt-msp430_4.4.3\lib\</path>
         <kind>archive</kind>
         <file>rts430x_lc_rd_eabi.lib</file>
         <name>asr32.obj</name>
      </input_file>
      <input_file id="fl-8f">
         <path>G:\DeveloperFiles\ti\ccsv6\tools\compiler\ti-cgt-msp430_4.4.3\lib\</path>
         <kind>archive</kind>
         <file>rts430x_lc_rd_eabi.lib</file>
         <name>boot.obj</name>
      </input_file>
      <input_file id="fl-90">
         <path>G:\DeveloperFiles\ti\ccsv6\tools\compiler\ti-cgt-msp430_4.4.3\lib\</path>
         <kind>archive</kind>
         <file>rts430x_lc_rd_eabi.lib</file>
         <name>boot_special.obj</name>
      </input_file>
      <input_file id="fl-91">
         <path>G:\DeveloperFiles\ti\ccsv6\tools\compiler\ti-cgt-msp430_4.4.3\lib\</path>
         <kind>archive</kind>
         <file>rts430x_lc_rd_eabi.lib</file>
         <name>cmpd.obj</name>
      </input_file>
      <input_file id="fl-92">
         <path>G:\DeveloperFiles\ti\ccsv6\tools\compiler\ti-cgt-msp430_4.4.3\lib\</path>
         <kind>archive</kind>
         <file>rts430x_lc_rd_eabi.lib</file>
         <name>copy_decompress_none.obj</name>
      </input_file>
      <input_file id="fl-93">
         <path>G:\DeveloperFiles\ti\ccsv6\tools\compiler\ti-cgt-msp430_4.4.3\lib\</path>
         <kind>archive</kind>
         <file>rts430x_lc_rd_eabi.lib</file>
         <name>copy_decompress_rle.obj</name>
      </input_file>
      <input_file id="fl-94">
         <path>G:\DeveloperFiles\ti\ccsv6\tools\compiler\ti-cgt-msp430_4.4.3\lib\</path>
         <kind>archive</kind>
         <file>rts430x_lc_rd_eabi.lib</file>
         <name>copy_zero_init.obj</name>
      </input_file>
      <input_file id="fl-95">
         <path>G:\DeveloperFiles\ti\ccsv6\tools\compiler\ti-cgt-msp430_4.4.3\lib\</path>
         <kind>archive</kind>
         <file>rts430x_lc_rd_eabi.lib</file>
         <name>cvtdf.obj</name>
      </input_file>
      <input_file id="fl-96">
         <path>G:\DeveloperFiles\ti\ccsv6\tools\compiler\ti-cgt-msp430_4.4.3\lib\</path>
         <kind>archive</kind>
         <file>rts430x_lc_rd_eabi.lib</file>
         <name>cvtfd.obj</name>
      </input_file>
      <input_file id="fl-97">
         <path>G:\DeveloperFiles\ti\ccsv6\tools\compiler\ti-cgt-msp430_4.4.3\lib\</path>
         <kind>archive</kind>
         <file>rts430x_lc_rd_eabi.lib</file>
         <name>div16s.obj</name>
      </input_file>
      <input_file id="fl-98">
         <path>G:\DeveloperFiles\ti\ccsv6\tools\compiler\ti-cgt-msp430_4.4.3\lib\</path>
         <kind>archive</kind>
         <file>rts430x_lc_rd_eabi.lib</file>
         <name>div16u.obj</name>
      </input_file>
      <input_file id="fl-99">
         <path>G:\DeveloperFiles\ti\ccsv6\tools\compiler\ti-cgt-msp430_4.4.3\lib\</path>
         <kind>archive</kind>
         <file>rts430x_lc_rd_eabi.lib</file>
         <name>div32s.obj</name>
      </input_file>
      <input_file id="fl-9a">
         <path>G:\DeveloperFiles\ti\ccsv6\tools\compiler\ti-cgt-msp430_4.4.3\lib\</path>
         <kind>archive</kind>
         <file>rts430x_lc_rd_eabi.lib</file>
         <name>div32u.obj</name>
      </input_file>
      <input_file id="fl-9b">
         <path>G:\DeveloperFiles\ti\ccsv6\tools\compiler\ti-cgt-msp430_4.4.3\lib\</path>
         <kind>archive</kind>
         <file>rts430x_lc_rd_eabi.lib</file>
         <name>exit.obj</name>
      </input_file>
      <input_file id="fl-9c">
         <path>G:\DeveloperFiles\ti\ccsv6\tools\compiler\ti-cgt-msp430_4.4.3\lib\</path>
         <kind>archive</kind>
         <file>rts430x_lc_rd_eabi.lib</file>
         <name>fixdi.obj</name>
      </input_file>
      <input_file id="fl-9d">
         <path>G:\DeveloperFiles\ti\ccsv6\tools\compiler\ti-cgt-msp430_4.4.3\lib\</path>
         <kind>archive</kind>
         <file>rts430x_lc_rd_eabi.lib</file>
         <name>fixdli.obj</name>
      </input_file>
      <input_file id="fl-9e">
         <path>G:\DeveloperFiles\ti\ccsv6\tools\compiler\ti-cgt-msp430_4.4.3\lib\</path>
         <kind>archive</kind>
         <file>rts430x_lc_rd_eabi.lib</file>
         <name>floor.obj</name>
      </input_file>
      <input_file id="fl-9f">
         <path>G:\DeveloperFiles\ti\ccsv6\tools\compiler\ti-cgt-msp430_4.4.3\lib\</path>
         <kind>archive</kind>
         <file>rts430x_lc_rd_eabi.lib</file>
         <name>fltid.obj</name>
      </input_file>
      <input_file id="fl-a0">
         <path>G:\DeveloperFiles\ti\ccsv6\tools\compiler\ti-cgt-msp430_4.4.3\lib\</path>
         <kind>archive</kind>
         <file>rts430x_lc_rd_eabi.lib</file>
         <name>fltlid.obj</name>
      </input_file>
      <input_file id="fl-a1">
         <path>G:\DeveloperFiles\ti\ccsv6\tools\compiler\ti-cgt-msp430_4.4.3\lib\</path>
         <kind>archive</kind>
         <file>rts430x_lc_rd_eabi.lib</file>
         <name>fltud.obj</name>
      </input_file>
      <input_file id="fl-a2">
         <path>G:\DeveloperFiles\ti\ccsv6\tools\compiler\ti-cgt-msp430_4.4.3\lib\</path>
         <kind>archive</kind>
         <file>rts430x_lc_rd_eabi.lib</file>
         <name>fltuld.obj</name>
      </input_file>
      <input_file id="fl-a3">
         <path>G:\DeveloperFiles\ti\ccsv6\tools\compiler\ti-cgt-msp430_4.4.3\lib\</path>
         <kind>archive</kind>
         <file>rts430x_lc_rd_eabi.lib</file>
         <name>frcaddd.obj</name>
      </input_file>
      <input_file id="fl-a4">
         <path>G:\DeveloperFiles\ti\ccsv6\tools\compiler\ti-cgt-msp430_4.4.3\lib\</path>
         <kind>archive</kind>
         <file>rts430x_lc_rd_eabi.lib</file>
         <name>fs_add.obj</name>
      </input_file>
      <input_file id="fl-a5">
         <path>G:\DeveloperFiles\ti\ccsv6\tools\compiler\ti-cgt-msp430_4.4.3\lib\</path>
         <kind>archive</kind>
         <file>rts430x_lc_rd_eabi.lib</file>
         <name>fs_cmp.obj</name>
      </input_file>
      <input_file id="fl-a6">
         <path>G:\DeveloperFiles\ti\ccsv6\tools\compiler\ti-cgt-msp430_4.4.3\lib\</path>
         <kind>archive</kind>
         <file>rts430x_lc_rd_eabi.lib</file>
         <name>fs_div.obj</name>
      </input_file>
      <input_file id="fl-a7">
         <path>G:\DeveloperFiles\ti\ccsv6\tools\compiler\ti-cgt-msp430_4.4.3\lib\</path>
         <kind>archive</kind>
         <file>rts430x_lc_rd_eabi.lib</file>
         <name>fs_itof.obj</name>
      </input_file>
      <input_file id="fl-a8">
         <path>G:\DeveloperFiles\ti\ccsv6\tools\compiler\ti-cgt-msp430_4.4.3\lib\</path>
         <kind>archive</kind>
         <file>rts430x_lc_rd_eabi.lib</file>
         <name>fs_mpy.obj</name>
      </input_file>
      <input_file id="fl-a9">
         <path>G:\DeveloperFiles\ti\ccsv6\tools\compiler\ti-cgt-msp430_4.4.3\lib\</path>
         <kind>archive</kind>
         <file>rts430x_lc_rd_eabi.lib</file>
         <name>fs_neg.obj</name>
      </input_file>
      <input_file id="fl-aa">
         <path>G:\DeveloperFiles\ti\ccsv6\tools\compiler\ti-cgt-msp430_4.4.3\lib\</path>
         <kind>archive</kind>
         <file>rts430x_lc_rd_eabi.lib</file>
         <name>fs_toi.obj</name>
      </input_file>
      <input_file id="fl-ab">
         <path>G:\DeveloperFiles\ti\ccsv6\tools\compiler\ti-cgt-msp430_4.4.3\lib\</path>
         <kind>archive</kind>
         <file>rts430x_lc_rd_eabi.lib</file>
         <name>fs_tou.obj</name>
      </input_file>
      <input_file id="fl-ac">
         <path>G:\DeveloperFiles\ti\ccsv6\tools\compiler\ti-cgt-msp430_4.4.3\lib\</path>
         <kind>archive</kind>
         <file>rts430x_lc_rd_eabi.lib</file>
         <name>fs_ultof.obj</name>
      </input_file>
      <input_file id="fl-ad">
         <path>G:\DeveloperFiles\ti\ccsv6\tools\compiler\ti-cgt-msp430_4.4.3\lib\</path>
         <kind>archive</kind>
         <file>rts430x_lc_rd_eabi.lib</file>
         <name>fs_utof.obj</name>
      </input_file>
      <input_file id="fl-ae">
         <path>G:\DeveloperFiles\ti\ccsv6\tools\compiler\ti-cgt-msp430_4.4.3\lib\</path>
         <kind>archive</kind>
         <file>rts430x_lc_rd_eabi.lib</file>
         <name>int36.obj</name>
      </input_file>
      <input_file id="fl-af">
         <path>G:\DeveloperFiles\ti\ccsv6\tools\compiler\ti-cgt-msp430_4.4.3\lib\</path>
         <kind>archive</kind>
         <file>rts430x_lc_rd_eabi.lib</file>
         <name>int38.obj</name>
      </input_file>
      <input_file id="fl-b0">
         <path>G:\DeveloperFiles\ti\ccsv6\tools\compiler\ti-cgt-msp430_4.4.3\lib\</path>
         <kind>archive</kind>
         <file>rts430x_lc_rd_eabi.lib</file>
         <name>int39.obj</name>
      </input_file>
      <input_file id="fl-b1">
         <path>G:\DeveloperFiles\ti\ccsv6\tools\compiler\ti-cgt-msp430_4.4.3\lib\</path>
         <kind>archive</kind>
         <file>rts430x_lc_rd_eabi.lib</file>
         <name>int40.obj</name>
      </input_file>
      <input_file id="fl-b2">
         <path>G:\DeveloperFiles\ti\ccsv6\tools\compiler\ti-cgt-msp430_4.4.3\lib\</path>
         <kind>archive</kind>
         <file>rts430x_lc_rd_eabi.lib</file>
         <name>int41.obj</name>
      </input_file>
      <input_file id="fl-b3">
         <path>G:\DeveloperFiles\ti\ccsv6\tools\compiler\ti-cgt-msp430_4.4.3\lib\</path>
         <kind>archive</kind>
         <file>rts430x_lc_rd_eabi.lib</file>
         <name>int42.obj</name>
      </input_file>
      <input_file id="fl-b4">
         <path>G:\DeveloperFiles\ti\ccsv6\tools\compiler\ti-cgt-msp430_4.4.3\lib\</path>
         <kind>archive</kind>
         <file>rts430x_lc_rd_eabi.lib</file>
         <name>int43.obj</name>
      </input_file>
      <input_file id="fl-b5">
         <path>G:\DeveloperFiles\ti\ccsv6\tools\compiler\ti-cgt-msp430_4.4.3\lib\</path>
         <kind>archive</kind>
         <file>rts430x_lc_rd_eabi.lib</file>
         <name>int44.obj</name>
      </input_file>
      <input_file id="fl-b6">
         <path>G:\DeveloperFiles\ti\ccsv6\tools\compiler\ti-cgt-msp430_4.4.3\lib\</path>
         <kind>archive</kind>
         <file>rts430x_lc_rd_eabi.lib</file>
         <name>int45.obj</name>
      </input_file>
      <input_file id="fl-b7">
         <path>G:\DeveloperFiles\ti\ccsv6\tools\compiler\ti-cgt-msp430_4.4.3\lib\</path>
         <kind>archive</kind>
         <file>rts430x_lc_rd_eabi.lib</file>
         <name>int48.obj</name>
      </input_file>
      <input_file id="fl-b8">
         <path>G:\DeveloperFiles\ti\ccsv6\tools\compiler\ti-cgt-msp430_4.4.3\lib\</path>
         <kind>archive</kind>
         <file>rts430x_lc_rd_eabi.lib</file>
         <name>int50.obj</name>
      </input_file>
      <input_file id="fl-b9">
         <path>G:\DeveloperFiles\ti\ccsv6\tools\compiler\ti-cgt-msp430_4.4.3\lib\</path>
         <kind>archive</kind>
         <file>rts430x_lc_rd_eabi.lib</file>
         <name>int51.obj</name>
      </input_file>
      <input_file id="fl-ba">
         <path>G:\DeveloperFiles\ti\ccsv6\tools\compiler\ti-cgt-msp430_4.4.3\lib\</path>
         <kind>archive</kind>
         <file>rts430x_lc_rd_eabi.lib</file>
         <name>int54.obj</name>
      </input_file>
      <input_file id="fl-bb">
         <path>G:\DeveloperFiles\ti\ccsv6\tools\compiler\ti-cgt-msp430_4.4.3\lib\</path>
         <kind>archive</kind>
         <file>rts430x_lc_rd_eabi.lib</file>
         <name>int55.obj</name>
      </input_file>
      <input_file id="fl-bc">
         <path>G:\DeveloperFiles\ti\ccsv6\tools\compiler\ti-cgt-msp430_4.4.3\lib\</path>
         <kind>archive</kind>
         <file>rts430x_lc_rd_eabi.lib</file>
         <name>int58.obj</name>
      </input_file>
      <input_file id="fl-bd">
         <path>G:\DeveloperFiles\ti\ccsv6\tools\compiler\ti-cgt-msp430_4.4.3\lib\</path>
         <kind>archive</kind>
         <file>rts430x_lc_rd_eabi.lib</file>
         <name>int60.obj</name>
      </input_file>
      <input_file id="fl-be">
         <path>G:\DeveloperFiles\ti\ccsv6\tools\compiler\ti-cgt-msp430_4.4.3\lib\</path>
         <kind>archive</kind>
         <file>rts430x_lc_rd_eabi.lib</file>
         <name>int61.obj</name>
      </input_file>
      <input_file id="fl-bf">
         <path>G:\DeveloperFiles\ti\ccsv6\tools\compiler\ti-cgt-msp430_4.4.3\lib\</path>
         <kind>archive</kind>
         <file>rts430x_lc_rd_eabi.lib</file>
         <name>int62.obj</name>
      </input_file>
      <input_file id="fl-c0">
         <path>G:\DeveloperFiles\ti\ccsv6\tools\compiler\ti-cgt-msp430_4.4.3\lib\</path>
         <kind>archive</kind>
         <file>rts430x_lc_rd_eabi.lib</file>
         <name>isr_trap.obj</name>
      </input_file>
      <input_file id="fl-c1">
         <path>G:\DeveloperFiles\ti\ccsv6\tools\compiler\ti-cgt-msp430_4.4.3\lib\</path>
         <kind>archive</kind>
         <file>rts430x_lc_rd_eabi.lib</file>
         <name>lsl16.obj</name>
      </input_file>
      <input_file id="fl-c2">
         <path>G:\DeveloperFiles\ti\ccsv6\tools\compiler\ti-cgt-msp430_4.4.3\lib\</path>
         <kind>archive</kind>
         <file>rts430x_lc_rd_eabi.lib</file>
         <name>lsl32.obj</name>
      </input_file>
      <input_file id="fl-c3">
         <path>G:\DeveloperFiles\ti\ccsv6\tools\compiler\ti-cgt-msp430_4.4.3\lib\</path>
         <kind>archive</kind>
         <file>rts430x_lc_rd_eabi.lib</file>
         <name>lsl64.obj</name>
      </input_file>
      <input_file id="fl-c4">
         <path>G:\DeveloperFiles\ti\ccsv6\tools\compiler\ti-cgt-msp430_4.4.3\lib\</path>
         <kind>archive</kind>
         <file>rts430x_lc_rd_eabi.lib</file>
         <name>lsr32.obj</name>
      </input_file>
      <input_file id="fl-c5">
         <path>G:\DeveloperFiles\ti\ccsv6\tools\compiler\ti-cgt-msp430_4.4.3\lib\</path>
         <kind>archive</kind>
         <file>rts430x_lc_rd_eabi.lib</file>
         <name>lsr64.obj</name>
      </input_file>
      <input_file id="fl-c6">
         <path>G:\DeveloperFiles\ti\ccsv6\tools\compiler\ti-cgt-msp430_4.4.3\lib\</path>
         <kind>archive</kind>
         <file>rts430x_lc_rd_eabi.lib</file>
         <name>memcpy.obj</name>
      </input_file>
      <input_file id="fl-c7">
         <path>G:\DeveloperFiles\ti\ccsv6\tools\compiler\ti-cgt-msp430_4.4.3\lib\</path>
         <kind>archive</kind>
         <file>rts430x_lc_rd_eabi.lib</file>
         <name>memory.obj</name>
      </input_file>
      <input_file id="fl-c8">
         <path>G:\DeveloperFiles\ti\ccsv6\tools\compiler\ti-cgt-msp430_4.4.3\lib\</path>
         <kind>archive</kind>
         <file>rts430x_lc_rd_eabi.lib</file>
         <name>memset.obj</name>
      </input_file>
      <input_file id="fl-c9">
         <path>G:\DeveloperFiles\ti\ccsv6\tools\compiler\ti-cgt-msp430_4.4.3\lib\</path>
         <kind>archive</kind>
         <file>rts430x_lc_rd_eabi.lib</file>
         <name>mpu_init.obj</name>
      </input_file>
      <input_file id="fl-ca">
         <path>G:\DeveloperFiles\ti\ccsv6\tools\compiler\ti-cgt-msp430_4.4.3\lib\</path>
         <kind>archive</kind>
         <file>rts430x_lc_rd_eabi.lib</file>
         <name>mpyd.obj</name>
      </input_file>
      <input_file id="fl-cb">
         <path>G:\DeveloperFiles\ti\ccsv6\tools\compiler\ti-cgt-msp430_4.4.3\lib\</path>
         <kind>archive</kind>
         <file>rts430x_lc_rd_eabi.lib</file>
         <name>mult16.obj</name>
      </input_file>
      <input_file id="fl-cc">
         <path>G:\DeveloperFiles\ti\ccsv6\tools\compiler\ti-cgt-msp430_4.4.3\lib\</path>
         <kind>archive</kind>
         <file>rts430x_lc_rd_eabi.lib</file>
         <name>mult1632.obj</name>
      </input_file>
      <input_file id="fl-cd">
         <path>G:\DeveloperFiles\ti\ccsv6\tools\compiler\ti-cgt-msp430_4.4.3\lib\</path>
         <kind>archive</kind>
         <file>rts430x_lc_rd_eabi.lib</file>
         <name>mult1632_f5hw.obj</name>
      </input_file>
      <input_file id="fl-ce">
         <path>G:\DeveloperFiles\ti\ccsv6\tools\compiler\ti-cgt-msp430_4.4.3\lib\</path>
         <kind>archive</kind>
         <file>rts430x_lc_rd_eabi.lib</file>
         <name>mult16_f5hw.obj</name>
      </input_file>
      <input_file id="fl-cf">
         <path>G:\DeveloperFiles\ti\ccsv6\tools\compiler\ti-cgt-msp430_4.4.3\lib\</path>
         <kind>archive</kind>
         <file>rts430x_lc_rd_eabi.lib</file>
         <name>mult32.obj</name>
      </input_file>
      <input_file id="fl-d0">
         <path>G:\DeveloperFiles\ti\ccsv6\tools\compiler\ti-cgt-msp430_4.4.3\lib\</path>
         <kind>archive</kind>
         <file>rts430x_lc_rd_eabi.lib</file>
         <name>mult3264_f5hw.obj</name>
      </input_file>
      <input_file id="fl-d1">
         <path>G:\DeveloperFiles\ti\ccsv6\tools\compiler\ti-cgt-msp430_4.4.3\lib\</path>
         <kind>archive</kind>
         <file>rts430x_lc_rd_eabi.lib</file>
         <name>mult32_f5hw.obj</name>
      </input_file>
      <input_file id="fl-d2">
         <path>G:\DeveloperFiles\ti\ccsv6\tools\compiler\ti-cgt-msp430_4.4.3\lib\</path>
         <kind>archive</kind>
         <file>rts430x_lc_rd_eabi.lib</file>
         <name>mult64.obj</name>
      </input_file>
      <input_file id="fl-d3">
         <path>G:\DeveloperFiles\ti\ccsv6\tools\compiler\ti-cgt-msp430_4.4.3\lib\</path>
         <kind>archive</kind>
         <file>rts430x_lc_rd_eabi.lib</file>
         <name>mult64_f5hw.obj</name>
      </input_file>
      <input_file id="fl-d4">
         <path>G:\DeveloperFiles\ti\ccsv6\tools\compiler\ti-cgt-msp430_4.4.3\lib\</path>
         <kind>archive</kind>
         <file>rts430x_lc_rd_eabi.lib</file>
         <name>pow.obj</name>
      </input_file>
      <input_file id="fl-d5">
         <path>G:\DeveloperFiles\ti\ccsv6\tools\compiler\ti-cgt-msp430_4.4.3\lib\</path>
         <kind>archive</kind>
         <file>rts430x_lc_rd_eabi.lib</file>
         <name>pre_init.obj</name>
      </input_file>
      <input_file id="fl-d6">
         <path>G:\DeveloperFiles\ti\ccsv6\tools\compiler\ti-cgt-msp430_4.4.3\lib\</path>
         <kind>archive</kind>
         <file>rts430x_lc_rd_eabi.lib</file>
         <name>renormd.obj</name>
      </input_file>
      <input_file id="fl-d7">
         <path>G:\DeveloperFiles\ti\ccsv6\tools\compiler\ti-cgt-msp430_4.4.3\lib\</path>
         <kind>archive</kind>
         <file>rts430x_lc_rd_eabi.lib</file>
         <name>rotl32.obj</name>
      </input_file>
      <input_file id="fl-d8">
         <path>G:\DeveloperFiles\ti\ccsv6\tools\compiler\ti-cgt-msp430_4.4.3\lib\</path>
         <kind>archive</kind>
         <file>rts430x_lc_rd_eabi.lib</file>
         <name>sprintf.obj</name>
      </input_file>
      <input_file id="fl-d9">
         <path>G:\DeveloperFiles\ti\ccsv6\tools\compiler\ti-cgt-msp430_4.4.3\lib\</path>
         <kind>archive</kind>
         <file>rts430x_lc_rd_eabi.lib</file>
         <name>strcat.obj</name>
      </input_file>
      <input_file id="fl-da">
         <path>G:\DeveloperFiles\ti\ccsv6\tools\compiler\ti-cgt-msp430_4.4.3\lib\</path>
         <kind>archive</kind>
         <file>rts430x_lc_rd_eabi.lib</file>
         <name>strchr.obj</name>
      </input_file>
      <input_file id="fl-db">
         <path>G:\DeveloperFiles\ti\ccsv6\tools\compiler\ti-cgt-msp430_4.4.3\lib\</path>
         <kind>archive</kind>
         <file>rts430x_lc_rd_eabi.lib</file>
         <name>strcmp.obj</name>
      </input_file>
      <input_file id="fl-dc">
         <path>G:\DeveloperFiles\ti\ccsv6\tools\compiler\ti-cgt-msp430_4.4.3\lib\</path>
         <kind>archive</kind>
         <file>rts430x_lc_rd_eabi.lib</file>
         <name>strcpy.obj</name>
      </input_file>
      <input_file id="fl-dd">
         <path>G:\DeveloperFiles\ti\ccsv6\tools\compiler\ti-cgt-msp430_4.4.3\lib\</path>
         <kind>archive</kind>
         <file>rts430x_lc_rd_eabi.lib</file>
         <name>strlen.obj</name>
      </input_file>
      <input_file id="fl-de">
         <path>G:\DeveloperFiles\ti\ccsv6\tools\compiler\ti-cgt-msp430_4.4.3\lib\</path>
         <kind>archive</kind>
         <file>rts430x_lc_rd_eabi.lib</file>
         <name>strncmp.obj</name>
      </input_file>
      <input_file id="fl-df">
         <path>G:\DeveloperFiles\ti\ccsv6\tools\compiler\ti-cgt-msp430_4.4.3\lib\</path>
         <kind>archive</kind>
         <file>rts430x_lc_rd_eabi.lib</file>
         <name>strncpy.obj</name>
      </input_file>
      <input_file id="fl-e0">
         <path>G:\DeveloperFiles\ti\ccsv6\tools\compiler\ti-cgt-msp430_4.4.3\lib\</path>
         <kind>archive</kind>
         <file>rts430x_lc_rd_eabi.lib</file>
         <name>strstr.obj</name>
      </input_file>
      <input_file id="fl-e1">
         <path>G:\DeveloperFiles\ti\ccsv6\tools\compiler\ti-cgt-msp430_4.4.3\lib\</path>
         <kind>archive</kind>
         <file>rts430x_lc_rd_eabi.lib</file>
         <name>subd.obj</name>
      </input_file>
      <input_file id="fl-e2">
         <path>G:\DeveloperFiles\ti\ccsv6\tools\compiler\ti-cgt-msp430_4.4.3\lib\</path>
         <kind>archive</kind>
         <file>rts430x_lc_rd_eabi.lib</file>
         <name>tolower.obj</name>
      </input_file>
      <input_file id="fl-e3">
         <path>G:\DeveloperFiles\ti\ccsv6\tools\compiler\ti-cgt-msp430_4.4.3\lib\</path>
         <kind>archive</kind>
         <file>rts430x_lc_rd_eabi.lib</file>
         <name>xdint.obj</name>
      </input_file>
      <input_file id="fl-e4">
         <path>G:\DeveloperFiles\ti\ccsv6\tools\compiler\ti-cgt-msp430_4.4.3\lib\</path>
         <kind>archive</kind>
         <file>rts430x_lc_rd_eabi.lib</file>
         <name>xdunscal.obj</name>
      </input_file>
      <input_file id="fl-e5">
         <path>G:\DeveloperFiles\ti\ccsv6\tools\compiler\ti-cgt-msp430_4.4.3\lib\</path>
         <kind>archive</kind>
         <file>rts430x_lc_rd_eabi.lib</file>
         <name>xexp.obj</name>
      </input_file>
      <input_file id="fl-e6">
         <path>G:\DeveloperFiles\ti\ccsv6\tools\compiler\ti-cgt-msp430_4.4.3\lib\</path>
         <kind>archive</kind>
         <file>rts430x_lc_rd_eabi.lib</file>
         <name>xferaise.obj</name>
      </input_file>
      <input_file id="fl-e7">
         <path>G:\DeveloperFiles\ti\ccsv6\tools\compiler\ti-cgt-msp430_4.4.3\lib\</path>
         <kind>archive</kind>
         <file>rts430x_lc_rd_eabi.lib</file>
         <name>xvalues.obj</name>
      </input_file>
      <input_file id="fl-e8">
         <path>G:\DeveloperFiles\ti\ccsv6\tools\compiler\ti-cgt-msp430_4.4.3\lib\</path>
         <kind>archive</kind>
         <file>rts430x_lc_rd_eabi.lib</file>
         <name>_lock.obj</name>
      </input_file>
      <input_file id="fl-e9">
         <path>G:\DeveloperFiles\ti\ccsv6\tools\compiler\ti-cgt-msp430_4.4.3\lib\</path>
         <kind>archive</kind>
         <file>rts430x_lc_rd_eabi.lib</file>
         <name>_printfi.obj</name>
      </input_file>
      <input_file id="fl-ea">
         <path>G:\DeveloperFiles\ti\ccsv6\tools\compiler\ti-cgt-msp430_4.4.3\lib\</path>
         <kind>archive</kind>
         <file>rts430x_lc_rd_eabi.lib</file>
         <name>args_main.obj</name>
      </input_file>
      <input_file id="fl-eb">
         <path>G:\DeveloperFiles\ti\ccsv6\tools\compiler\ti-cgt-msp430_4.4.3\lib\</path>
         <kind>archive</kind>
         <file>rts430x_lc_rd_eabi.lib</file>
         <name>atoi.obj</name>
      </input_file>
      <input_file id="fl-ec">
         <path>G:\DeveloperFiles\ti\ccsv6\tools\compiler\ti-cgt-msp430_4.4.3\lib\</path>
         <kind>archive</kind>
         <file>rts430x_lc_rd_eabi.lib</file>
         <name>autoinit_wdt.obj</name>
      </input_file>
      <input_file id="fl-ed">
         <path>G:\DeveloperFiles\ti\ccsv6\tools\compiler\ti-cgt-msp430_4.4.3\lib\</path>
         <kind>archive</kind>
         <file>rts430x_lc_rd_eabi.lib</file>
         <name>ctype.obj</name>
      </input_file>
      <input_file id="fl-ee">
         <path>G:\DeveloperFiles\ti\ccsv6\tools\compiler\ti-cgt-msp430_4.4.3\lib\</path>
         <kind>archive</kind>
         <file>rts430x_lc_rd_eabi.lib</file>
         <name>div64u.obj</name>
      </input_file>
      <input_file id="fl-ef">
         <path>G:\DeveloperFiles\ti\ccsv6\tools\compiler\ti-cgt-msp430_4.4.3\lib\</path>
         <kind>archive</kind>
         <file>rts430x_lc_rd_eabi.lib</file>
         <name>divd.obj</name>
      </input_file>
      <input_file id="fl-f0">
         <path>G:\DeveloperFiles\ti\ccsv6\tools\compiler\ti-cgt-msp430_4.4.3\lib\</path>
         <kind>archive</kind>
         <file>rts430x_lc_rd_eabi.lib</file>
         <name>errno.obj</name>
      </input_file>
      <input_file id="fl-f1">
         <path>G:\DeveloperFiles\ti\ccsv6\tools\compiler\ti-cgt-msp430_4.4.3\lib\</path>
         <kind>archive</kind>
         <file>rts430x_lc_rd_eabi.lib</file>
         <name>feraiseexcept.obj</name>
      </input_file>
      <input_file id="fl-f2">
         <path>G:\DeveloperFiles\ti\ccsv6\tools\compiler\ti-cgt-msp430_4.4.3\lib\</path>
         <kind>archive</kind>
         <file>rts430x_lc_rd_eabi.lib</file>
         <name>frcdivd.obj</name>
      </input_file>
      <input_file id="fl-f3">
         <path>G:\DeveloperFiles\ti\ccsv6\tools\compiler\ti-cgt-msp430_4.4.3\lib\</path>
         <kind>archive</kind>
         <file>rts430x_lc_rd_eabi.lib</file>
         <name>frcmpyd.obj</name>
      </input_file>
      <input_file id="fl-f4">
         <path>G:\DeveloperFiles\ti\ccsv6\tools\compiler\ti-cgt-msp430_4.4.3\lib\</path>
         <kind>archive</kind>
         <file>rts430x_lc_rd_eabi.lib</file>
         <name>frexp.obj</name>
      </input_file>
      <input_file id="fl-f5">
         <path>G:\DeveloperFiles\ti\ccsv6\tools\compiler\ti-cgt-msp430_4.4.3\lib\</path>
         <kind>archive</kind>
         <file>rts430x_lc_rd_eabi.lib</file>
         <name>ldexp.obj</name>
      </input_file>
      <input_file id="fl-f6">
         <path>G:\DeveloperFiles\ti\ccsv6\tools\compiler\ti-cgt-msp430_4.4.3\lib\</path>
         <kind>archive</kind>
         <file>rts430x_lc_rd_eabi.lib</file>
         <name>log.obj</name>
      </input_file>
      <input_file id="fl-f7">
         <path>G:\DeveloperFiles\ti\ccsv6\tools\compiler\ti-cgt-msp430_4.4.3\lib\</path>
         <kind>archive</kind>
         <file>rts430x_lc_rd_eabi.lib</file>
         <name>ltoa.obj</name>
      </input_file>
      <input_file id="fl-f8">
         <path>G:\DeveloperFiles\ti\ccsv6\tools\compiler\ti-cgt-msp430_4.4.3\lib\</path>
         <kind>archive</kind>
         <file>rts430x_lc_rd_eabi.lib</file>
         <name>memccpy.obj</name>
      </input_file>
      <input_file id="fl-f9">
         <path>G:\DeveloperFiles\ti\ccsv6\tools\compiler\ti-cgt-msp430_4.4.3\lib\</path>
         <kind>archive</kind>
         <file>rts430x_lc_rd_eabi.lib</file>
         <name>negd.obj</name>
      </input_file>
      <input_file id="fl-fa">
         <path>G:\DeveloperFiles\ti\ccsv6\tools\compiler\ti-cgt-msp430_4.4.3\lib\</path>
         <kind>archive</kind>
         <file>rts430x_lc_rd_eabi.lib</file>
         <name>raise.obj</name>
      </input_file>
      <input_file id="fl-fb">
         <path>G:\DeveloperFiles\ti\ccsv6\tools\compiler\ti-cgt-msp430_4.4.3\lib\</path>
         <kind>archive</kind>
         <file>rts430x_lc_rd_eabi.lib</file>
         <name>signal.obj</name>
      </input_file>
      <input_file id="fl-fc">
         <path>G:\DeveloperFiles\ti\ccsv6\tools\compiler\ti-cgt-msp430_4.4.3\lib\</path>
         <kind>archive</kind>
         <file>rts430x_lc_rd_eabi.lib</file>
         <name>toupper.obj</name>
      </input_file>
      <input_file id="fl-fd">
         <path>G:\DeveloperFiles\ti\ccsv6\tools\compiler\ti-cgt-msp430_4.4.3\lib\</path>
         <kind>archive</kind>
         <file>rts430x_lc_rd_eabi.lib</file>
         <name>xdclass.obj</name>
      </input_file>
      <input_file id="fl-fe">
         <path>G:\DeveloperFiles\ti\ccsv6\tools\compiler\ti-cgt-msp430_4.4.3\lib\</path>
         <kind>archive</kind>
         <file>rts430x_lc_rd_eabi.lib</file>
         <name>xdnorm.obj</name>
      </input_file>
      <input_file id="fl-ff">
         <path>G:\DeveloperFiles\ti\ccsv6\tools\compiler\ti-cgt-msp430_4.4.3\lib\</path>
         <kind>archive</kind>
         <file>rts430x_lc_rd_eabi.lib</file>
         <name>xdscale.obj</name>
      </input_file>
      <input_file id="fl-100">
         <path>G:\DeveloperFiles\ti\ccsv6\tools\compiler\ti-cgt-msp430_4.4.3\lib\</path>
         <kind>archive</kind>
         <file>rts430x_lc_rd_eabi.lib</file>
         <name>xlog.obj</name>
      </input_file>
      <input_file id="fl-101">
         <path>G:\DeveloperFiles\ti\ccsv6\tools\compiler\ti-cgt-msp430_4.4.3\lib\</path>
         <kind>archive</kind>
         <file>rts430x_lc_rd_eabi.lib</file>
         <name>abs.obj</name>
      </input_file>
      <input_file id="fl-102">
         <path>G:\DeveloperFiles\ti\ccsv6\tools\compiler\ti-cgt-msp430_4.4.3\lib\</path>
         <kind>archive</kind>
         <file>rts430x_lc_rd_eabi.lib</file>
         <name>lsr16.obj</name>
      </input_file>
      <input_file id="fl-103">
         <path>G:\DeveloperFiles\ti\ccsv6\tools\compiler\ti-cgt-msp430_4.4.3\lib\</path>
         <kind>archive</kind>
         <file>rts430x_lc_rd_eabi.lib</file>
         <name>xfvalues.obj</name>
      </input_file>
   </input_file_list>
   <object_component_list>
      <object_component id="oc-28c">
         <name>.common:OSCtxSwCtr</name>
         <uninitialized>true</uninitialized>
         <run_address>0x4c56</run_address>
         <size>0x4</size>
      </object_component>
      <object_component id="oc-3f6">
         <name>.common:OSEventFreeList</name>
         <uninitialized>true</uninitialized>
         <run_address>0x4c5a</run_address>
         <size>0x4</size>
      </object_component>
      <object_component id="oc-3f5">
         <name>.common:OSEventTbl</name>
         <uninitialized>true</uninitialized>
         <run_address>0x47cc</run_address>
         <size>0xb4</size>
      </object_component>
      <object_component id="oc-3f8">
         <name>.common:OSFlagTbl</name>
         <uninitialized>true</uninitialized>
         <run_address>0x4b92</run_address>
         <size>0x3c</size>
      </object_component>
      <object_component id="oc-3fa">
         <name>.common:OSFlagFreeList</name>
         <uninitialized>true</uninitialized>
         <run_address>0x4c5e</run_address>
         <size>0x4</size>
      </object_component>
      <object_component id="oc-585">
         <name>.common:OSCPUUsage</name>
         <uninitialized>true</uninitialized>
         <run_address>0x49d5</run_address>
         <size>0x1</size>
      </object_component>
      <object_component id="oc-3e1">
         <name>.common:OSIdleCtrMax</name>
         <uninitialized>true</uninitialized>
         <run_address>0x4c6a</run_address>
         <size>0x4</size>
      </object_component>
      <object_component id="oc-3e0">
         <name>.common:OSIdleCtrRun</name>
         <uninitialized>true</uninitialized>
         <run_address>0x4c6e</run_address>
         <size>0x4</size>
      </object_component>
      <object_component id="oc-3e2">
         <name>.common:OSStatRdy</name>
         <uninitialized>true</uninitialized>
         <run_address>0x4cb6</run_address>
         <size>0x1</size>
      </object_component>
      <object_component id="oc-414">
         <name>.common:OSTaskStatStk</name>
         <uninitialized>true</uninitialized>
         <run_address>0x43cc</run_address>
         <size>0x100</size>
      </object_component>
      <object_component id="oc-1ba">
         <name>.common:OSIntNesting</name>
         <uninitialized>true</uninitialized>
         <run_address>0x4cb0</run_address>
         <size>0x1</size>
      </object_component>
      <object_component id="oc-282">
         <name>.common:OSLockNesting</name>
         <uninitialized>true</uninitialized>
         <run_address>0x4cb1</run_address>
         <size>0x1</size>
      </object_component>
      <object_component id="oc-28b">
         <name>.common:OSPrioCur</name>
         <uninitialized>true</uninitialized>
         <run_address>0x4cb2</run_address>
         <size>0x1</size>
      </object_component>
      <object_component id="oc-289">
         <name>.common:OSPrioHighRdy</name>
         <uninitialized>true</uninitialized>
         <run_address>0x4cb3</run_address>
         <size>0x1</size>
      </object_component>
      <object_component id="oc-29d">
         <name>.common:OSRdyGrp</name>
         <uninitialized>true</uninitialized>
         <run_address>0x4cb4</run_address>
         <size>0x1</size>
      </object_component>
      <object_component id="oc-29e">
         <name>.common:OSRdyTbl</name>
         <uninitialized>true</uninitialized>
         <run_address>0x4c7a</run_address>
         <size>0x4</size>
      </object_component>
      <object_component id="oc-264">
         <name>.common:OSRunning</name>
         <uninitialized>true</uninitialized>
         <run_address>0x4cb5</run_address>
         <size>0x1</size>
      </object_component>
      <object_component id="oc-3de">
         <name>.common:OSTaskCtr</name>
         <uninitialized>true</uninitialized>
         <run_address>0x4cb7</run_address>
         <size>0x1</size>
      </object_component>
      <object_component id="oc-3df">
         <name>.common:OSIdleCtr</name>
         <uninitialized>true</uninitialized>
         <run_address>0x4c66</run_address>
         <size>0x4</size>
      </object_component>
      <object_component id="oc-406">
         <name>.common:OSTaskIdleStk</name>
         <uninitialized>true</uninitialized>
         <run_address>0x42cc</run_address>
         <size>0x100</size>
      </object_component>
      <object_component id="oc-1bd">
         <name>.common:OSTCBCur</name>
         <uninitialized>true</uninitialized>
         <run_address>0x4c7e</run_address>
         <size>0x4</size>
      </object_component>
      <object_component id="oc-3f3">
         <name>.common:OSTCBFreeList</name>
         <uninitialized>true</uninitialized>
         <run_address>0x4c82</run_address>
         <size>0x4</size>
      </object_component>
      <object_component id="oc-1c7">
         <name>.common:OSTCBHighRdy</name>
         <uninitialized>true</uninitialized>
         <run_address>0x4c86</run_address>
         <size>0x4</size>
      </object_component>
      <object_component id="oc-29c">
         <name>.common:OSTCBList</name>
         <uninitialized>true</uninitialized>
         <run_address>0x4c8a</run_address>
         <size>0x4</size>
      </object_component>
      <object_component id="oc-28a">
         <name>.common:OSTCBPrioTbl</name>
         <uninitialized>true</uninitialized>
         <run_address>0x49d6</run_address>
         <size>0x80</size>
      </object_component>
      <object_component id="oc-3e6">
         <name>.common:OSTCBTbl</name>
         <uninitialized>true</uninitialized>
         <run_address>0x3400</run_address>
         <size>0x408</size>
      </object_component>
      <object_component id="oc-29b">
         <name>.common:OSTickStepState</name>
         <uninitialized>true</uninitialized>
         <run_address>0x4cb9</run_address>
         <size>0x1</size>
      </object_component>
      <object_component id="oc-3ff">
         <name>.common:OSMemFreeList</name>
         <uninitialized>true</uninitialized>
         <run_address>0x4c72</run_address>
         <size>0x4</size>
      </object_component>
      <object_component id="oc-3fd">
         <name>.common:OSMemTbl</name>
         <uninitialized>true</uninitialized>
         <run_address>0x4a56</run_address>
         <size>0x78</size>
      </object_component>
      <object_component id="oc-403">
         <name>.common:OSQFreeList</name>
         <uninitialized>true</uninitialized>
         <run_address>0x4c76</run_address>
         <size>0x4</size>
      </object_component>
      <object_component id="oc-402">
         <name>.common:OSQTbl</name>
         <uninitialized>true</uninitialized>
         <run_address>0x4b32</run_address>
         <size>0x60</size>
      </object_component>
      <object_component id="oc-3e3">
         <name>.common:OSTaskRegNextAvailID</name>
         <uninitialized>true</uninitialized>
         <run_address>0x4cb8</run_address>
         <size>0x1</size>
      </object_component>
      <object_component id="oc-29a">
         <name>.common:OSTime</name>
         <uninitialized>true</uninitialized>
         <run_address>0x4c8e</run_address>
         <size>0x4</size>
      </object_component>
      <object_component id="oc-421">
         <name>.common:OSTmrFree</name>
         <uninitialized>true</uninitialized>
         <run_address>0x4caa</run_address>
         <size>0x2</size>
      </object_component>
      <object_component id="oc-420">
         <name>.common:OSTmrUsed</name>
         <uninitialized>true</uninitialized>
         <run_address>0x4cac</run_address>
         <size>0x2</size>
      </object_component>
      <object_component id="oc-41f">
         <name>.common:OSTmrTime</name>
         <uninitialized>true</uninitialized>
         <run_address>0x4c9e</run_address>
         <size>0x4</size>
      </object_component>
      <object_component id="oc-429">
         <name>.common:OSTmrSem</name>
         <uninitialized>true</uninitialized>
         <run_address>0x4c96</run_address>
         <size>0x4</size>
      </object_component>
      <object_component id="oc-42a">
         <name>.common:OSTmrSemSignal</name>
         <uninitialized>true</uninitialized>
         <run_address>0x4c9a</run_address>
         <size>0x4</size>
      </object_component>
      <object_component id="oc-41c">
         <name>.common:OSTmrTbl</name>
         <uninitialized>true</uninitialized>
         <run_address>0x4880</run_address>
         <size>0xb4</size>
      </object_component>
      <object_component id="oc-422">
         <name>.common:OSTmrFreeList</name>
         <uninitialized>true</uninitialized>
         <run_address>0x4c92</run_address>
         <size>0x4</size>
      </object_component>
      <object_component id="oc-5a3">
         <name>.common:OSTmrTaskStk</name>
         <uninitialized>true</uninitialized>
         <run_address>0x44cc</run_address>
         <size>0x100</size>
      </object_component>
      <object_component id="oc-41d">
         <name>.common:OSTmrWheelTbl</name>
         <uninitialized>true</uninitialized>
         <run_address>0x4c00</run_address>
         <size>0x2a</size>
      </object_component>
      <object_component id="oc-1be">
         <name>.common:OSISRStkPtr</name>
         <uninitialized>true</uninitialized>
         <run_address>0x4c62</run_address>
         <size>0x4</size>
      </object_component>
      <object_component id="oc-64d">
         <name>.common:SensorStatus_H</name>
         <uninitialized>true</uninitialized>
         <run_address>0x4cba</run_address>
         <size>0x1</size>
      </object_component>
      <object_component id="oc-653">
         <name>.common:SensorStatus_L</name>
         <uninitialized>true</uninitialized>
         <run_address>0x4cbb</run_address>
         <size>0x1</size>
      </object_component>
      <object_component id="oc-654">
         <name>.common:SensorStatusBuff</name>
         <uninitialized>true</uninitialized>
         <run_address>0x4cae</run_address>
         <size>0x2</size>
      </object_component>
      <object_component id="oc-447">
         <name>.common:App</name>
         <uninitialized>true</uninitialized>
         <run_address>0x4008</run_address>
         <size>0x2c4</size>
      </object_component>
      <object_component id="oc-2ae">
         <name>.common:AppDataPointer</name>
         <uninitialized>true</uninitialized>
         <run_address>0x4c52</run_address>
         <size>0x4</size>
      </object_component>
      <object_component id="oc-48e">
         <name>.common:gManager</name>
         <uninitialized>true</uninitialized>
         <run_address>0x4cbc</run_address>
         <size>0x1</size>
      </object_component>
      <object_component id="oc-26e">
         <name>.common:g_ConfigQueue</name>
         <uninitialized>true</uninitialized>
         <run_address>0x4ca2</run_address>
         <size>0x4</size>
      </object_component>
      <object_component id="oc-373">
         <name>.common:QConfiMsgTb</name>
         <uninitialized>true</uninitialized>
         <run_address>0x4c2a</run_address>
         <size>0x28</size>
      </object_component>
      <object_component id="oc-7c3">
         <name>.common:m$1</name>
         <uninitialized>true</uninitialized>
         <run_address>0x4cbd</run_address>
         <size>0x1</size>
      </object_component>
      <object_component id="oc-490">
         <name>.common:g_prfbuf</name>
         <uninitialized>true</uninitialized>
         <run_address>0x46cc</run_address>
         <size>0x100</size>
      </object_component>
      <object_component id="oc-687">
         <name>.common:g_pfnCharPrint</name>
         <uninitialized>true</uninitialized>
         <run_address>0x4ca6</run_address>
         <size>0x4</size>
      </object_component>
      <object_component id="oc-1cc">
         <name>.common:aRxBuff</name>
         <uninitialized>true</uninitialized>
         <run_address>0x45cc</run_address>
         <size>0x100</size>
      </object_component>
      <object_component id="oc-1b2">
         <name>.common:bRxBuff</name>
         <uninitialized>true</uninitialized>
         <run_address>0x4934</run_address>
         <size>0xa1</size>
      </object_component>
      <object_component id="oc-19d">
         <name>.common:cRxBuff</name>
         <uninitialized>true</uninitialized>
         <run_address>0x4ace</run_address>
         <size>0x64</size>
      </object_component>
      <object_component id="oc-198">
         <name>.common:dRxBuff</name>
         <uninitialized>true</uninitialized>
         <run_address>0x4bce</run_address>
         <size>0x32</size>
      </object_component>
      <object_component id="oc-1f5">
         <name>.common:ScadaTaskStartStk</name>
         <uninitialized>true</uninitialized>
         <run_address>0x3c08</run_address>
         <size>0x400</size>
      </object_component>
      <object_component id="oc-205">
         <name>.common:TransmitTaskStartStk</name>
         <uninitialized>true</uninitialized>
         <run_address>0x2400</run_address>
         <size>0x1000</size>
      </object_component>
      <object_component id="oc-20c">
         <name>.common:ManagerTaskStartStk</name>
         <uninitialized>true</uninitialized>
         <run_address>0x3808</run_address>
         <size>0x400</size>
      </object_component>
      <object_component id="oc-db">
         <name>.sysmem</name>
         <uninitialized>true</uninitialized>
         <run_address>0x4de8</run_address>
         <size>0x6</size>
         <input_file_ref idref="fl-c7"/>
      </object_component>
      <object_component id="oc-862">
         <name>.sysmem</name>
         <uninitialized>true</uninitialized>
         <run_address>0x4de8</run_address>
         <size>0x0</size>
      </object_component>
      <object_component id="oc-d7">
         <name>.stack</name>
         <uninitialized>true</uninitialized>
         <run_address>0xa160</run_address>
         <size>0x4</size>
         <input_file_ref idref="fl-8f"/>
      </object_component>
      <object_component id="oc-861">
         <name>.stack</name>
         <uninitialized>true</uninitialized>
         <run_address>0xa160</run_address>
         <size>0x0</size>
      </object_component>
      <object_component id="oc-4e2">
         <name>.text:FirmCMD_Receive</name>
         <load_address>0x10000</load_address>
         <run_address>0x10000</run_address>
         <size>0x4e8</size>
         <input_file_ref idref="fl-4d"/>
      </object_component>
      <object_component id="oc-491">
         <name>.text:am_util_stdio_vsprintf</name>
         <load_address>0x104e8</load_address>
         <run_address>0x104e8</run_address>
         <size>0x412</size>
         <input_file_ref idref="fl-51"/>
      </object_component>
      <object_component id="oc-4a1">
         <name>.text:AnalyzeComand</name>
         <load_address>0x108fa</load_address>
         <run_address>0x108fa</run_address>
         <size>0x362</size>
         <input_file_ref idref="fl-1e"/>
      </object_component>
      <object_component id="oc-395">
         <name>.text:g_Device_GPS_Config</name>
         <load_address>0x10c5c</load_address>
         <run_address>0x10c5c</run_address>
         <size>0x358</size>
         <input_file_ref idref="fl-4d"/>
      </object_component>
      <object_component id="oc-1cd">
         <name>.text:g_Device_check_Response</name>
         <load_address>0x10fb4</load_address>
         <run_address>0x10fb4</run_address>
         <size>0x282</size>
         <input_file_ref idref="fl-4f"/>
      </object_component>
      <object_component id="oc-623">
         <name>.text:ftoa</name>
         <load_address>0x11236</load_address>
         <run_address>0x11236</run_address>
         <size>0x20e</size>
         <input_file_ref idref="fl-51"/>
      </object_component>
      <object_component id="oc-33a">
         <name>.text:Terminal_Para_Init</name>
         <load_address>0x11444</load_address>
         <run_address>0x11444</run_address>
         <size>0x1d2</size>
         <input_file_ref idref="fl-1e"/>
      </object_component>
      <object_component id="oc-54b">
         <name>.text:g_Device_SD_Init</name>
         <load_address>0x11616</load_address>
         <run_address>0x11616</run_address>
         <size>0x1b2</size>
         <input_file_ref idref="fl-53"/>
      </object_component>
      <object_component id="oc-758">
         <name>.text:divu64_10</name>
         <load_address>0x117c8</load_address>
         <run_address>0x117c8</run_address>
         <size>0x17a</size>
         <input_file_ref idref="fl-51"/>
      </object_component>
      <object_component id="oc-20d">
         <name>.text:ManagerTaskStart</name>
         <load_address>0x11942</load_address>
         <run_address>0x11942</run_address>
         <size>0x170</size>
         <input_file_ref idref="fl-4d"/>
      </object_component>
      <object_component id="oc-4ba">
         <name>.text:OS_TCBInit</name>
         <load_address>0x11ab2</load_address>
         <run_address>0x11ab2</run_address>
         <size>0x168</size>
         <input_file_ref idref="fl-2"/>
      </object_component>
      <object_component id="oc-4fb">
         <name>.text</name>
         <load_address>0x11c1a</load_address>
         <run_address>0x11c1a</run_address>
         <size>0x130</size>
         <input_file_ref idref="fl-a4"/>
      </object_component>
      <object_component id="oc-4d8">
         <name>.text:OSQPend</name>
         <load_address>0x11d4a</load_address>
         <run_address>0x11d4a</run_address>
         <size>0x11c</size>
         <input_file_ref idref="fl-7"/>
      </object_component>
      <object_component id="oc-69e">
         <name>.text:Power</name>
         <load_address>0x11e66</load_address>
         <run_address>0x11e66</run_address>
         <size>0x106</size>
         <input_file_ref idref="fl-50"/>
      </object_component>
      <object_component id="oc-4b4">
         <name>.text:OSTaskStkInit</name>
         <load_address>0x11f6c</load_address>
         <run_address>0x11f6c</run_address>
         <size>0xee</size>
         <input_file_ref idref="fl-d"/>
      </object_component>
      <object_component id="oc-695">
         <name>.text:Init_FLL</name>
         <load_address>0x1205a</load_address>
         <run_address>0x1205a</run_address>
         <size>0xe8</size>
         <input_file_ref idref="fl-4b"/>
      </object_component>
      <object_component id="oc-316">
         <name>.text:OSTmr_Init</name>
         <load_address>0x12142</load_address>
         <run_address>0x12142</run_address>
         <size>0xe8</size>
         <input_file_ref idref="fl-b"/>
      </object_component>
      <object_component id="oc-72b">
         <name>.text:OSSemPend</name>
         <load_address>0x1222a</load_address>
         <run_address>0x1222a</run_address>
         <size>0xe0</size>
         <input_file_ref idref="fl-8"/>
      </object_component>
      <object_component id="oc-40d">
         <name>.text:OSTaskCreateExt</name>
         <load_address>0x1230a</load_address>
         <run_address>0x1230a</run_address>
         <size>0xd8</size>
         <input_file_ref idref="fl-9"/>
      </object_component>
      <object_component id="oc-34d">
         <name>.text:InqureSensor</name>
         <load_address>0x123e2</load_address>
         <run_address>0x123e2</run_address>
         <size>0xd6</size>
         <input_file_ref idref="fl-1e"/>
      </object_component>
      <object_component id="oc-487">
         <name>.text:g_Device_Usart1_Init</name>
         <load_address>0x124b8</load_address>
         <run_address>0x124b8</run_address>
         <size>0xd0</size>
         <input_file_ref idref="fl-56"/>
      </object_component>
      <object_component id="oc-387">
         <name>.text:g_Device_Usart_UserCmd_Copy</name>
         <load_address>0x12588</load_address>
         <run_address>0x12588</run_address>
         <size>0xcc</size>
         <input_file_ref idref="fl-56"/>
      </object_component>
      <object_component id="oc-481">
         <name>.text:g_Device_Usart0_Init</name>
         <load_address>0x12654</load_address>
         <run_address>0x12654</run_address>
         <size>0xca</size>
         <input_file_ref idref="fl-56"/>
      </object_component>
      <object_component id="oc-62f">
         <name>.text:uint64_to_hexstr</name>
         <load_address>0x1271e</load_address>
         <run_address>0x1271e</run_address>
         <size>0xc6</size>
         <input_file_ref idref="fl-51"/>
      </object_component>
      <object_component id="oc-539">
         <name>.text:g_Device_Usart2_Init</name>
         <load_address>0x127e4</load_address>
         <run_address>0x127e4</run_address>
         <size>0xc2</size>
         <input_file_ref idref="fl-56"/>
      </object_component>
      <object_component id="oc-53f">
         <name>.text:g_Device_Usart3_Init</name>
         <load_address>0x128a6</load_address>
         <run_address>0x128a6</run_address>
         <size>0xc2</size>
         <input_file_ref idref="fl-56"/>
      </object_component>
      <object_component id="oc-415">
         <name>.text:OS_TaskStat</name>
         <load_address>0x12968</load_address>
         <run_address>0x12968</run_address>
         <size>0xbc</size>
         <input_file_ref idref="fl-2"/>
      </object_component>
      <object_component id="oc-353">
         <name>.text:OSTimeDlyHMSM</name>
         <load_address>0x12a24</load_address>
         <run_address>0x12a24</run_address>
         <size>0xba</size>
         <input_file_ref idref="fl-a"/>
      </object_component>
      <object_component id="oc-3bf">
         <name>.text:BSP_Init</name>
         <load_address>0x12ade</load_address>
         <run_address>0x12ade</run_address>
         <size>0xb8</size>
         <input_file_ref idref="fl-1d"/>
      </object_component>
      <object_component id="oc-4f6">
         <name>.text</name>
         <load_address>0x12b96</load_address>
         <run_address>0x12b96</run_address>
         <size>0xb6</size>
         <input_file_ref idref="fl-a8"/>
      </object_component>
      <object_component id="oc-475">
         <name>.text:Hal_getDeviceName</name>
         <load_address>0x12c4c</load_address>
         <run_address>0x12c4c</run_address>
         <size>0xb2</size>
         <input_file_ref idref="fl-48"/>
      </object_component>
      <object_component id="oc-47b">
         <name>.text:Hal_getDeviceSecret</name>
         <load_address>0x12cfe</load_address>
         <run_address>0x12cfe</run_address>
         <size>0xb2</size>
         <input_file_ref idref="fl-48"/>
      </object_component>
      <object_component id="oc-46e">
         <name>.text:Hal_getProductKey</name>
         <load_address>0x12db0</load_address>
         <run_address>0x12db0</run_address>
         <size>0xb2</size>
         <input_file_ref idref="fl-48"/>
      </object_component>
      <object_component id="oc-1c1">
         <name>.text:OSTimeTick</name>
         <load_address>0x12e62</load_address>
         <run_address>0x12e62</run_address>
         <size>0xb2</size>
         <input_file_ref idref="fl-2"/>
      </object_component>
      <object_component id="oc-713">
         <name>.text:DS1302_write_time</name>
         <load_address>0x12f14</load_address>
         <run_address>0x12f14</run_address>
         <size>0xae</size>
         <input_file_ref idref="fl-52"/>
      </object_component>
      <object_component id="oc-721">
         <name>.text:OSTaskStkChk</name>
         <load_address>0x12fc2</load_address>
         <run_address>0x12fc2</run_address>
         <size>0xae</size>
         <input_file_ref idref="fl-9"/>
      </object_component>
      <object_component id="oc-73d">
         <name>.text:OSTmr_Link</name>
         <load_address>0x13070</load_address>
         <run_address>0x13070</run_address>
         <size>0xae</size>
         <input_file_ref idref="fl-b"/>
      </object_component>
      <object_component id="oc-35a">
         <name>.text:OSTaskCreate</name>
         <load_address>0x1311e</load_address>
         <run_address>0x1311e</run_address>
         <size>0xa8</size>
         <input_file_ref idref="fl-9"/>
      </object_component>
      <object_component id="oc-4d1">
         <name>.text:OSQCreate</name>
         <load_address>0x131c6</load_address>
         <run_address>0x131c6</run_address>
         <size>0x9a</size>
         <input_file_ref idref="fl-7"/>
      </object_component>
      <object_component id="oc-586">
         <name>.text:OSTaskSuspend</name>
         <load_address>0x13260</load_address>
         <run_address>0x13260</run_address>
         <size>0x9a</size>
         <input_file_ref idref="fl-9"/>
      </object_component>
      <object_component id="oc-533">
         <name>.text:g_DeviceIO_Init</name>
         <load_address>0x132fa</load_address>
         <run_address>0x132fa</run_address>
         <size>0x98</size>
         <input_file_ref idref="fl-50"/>
      </object_component>
      <object_component id="oc-2ec">
         <name>.text:OS_InitTCBList</name>
         <load_address>0x13392</load_address>
         <run_address>0x13392</run_address>
         <size>0x96</size>
         <input_file_ref idref="fl-2"/>
      </object_component>
      <object_component id="oc-5a4">
         <name>.text:OSTmr_Task</name>
         <load_address>0x13428</load_address>
         <run_address>0x13428</run_address>
         <size>0x94</size>
         <input_file_ref idref="fl-b"/>
      </object_component>
      <object_component id="oc-70d">
         <name>.text:DS1302_read_time</name>
         <load_address>0x134bc</load_address>
         <run_address>0x134bc</run_address>
         <size>0x92</size>
         <input_file_ref idref="fl-52"/>
      </object_component>
      <object_component id="oc-6a4">
         <name>.text:ResetWirelesModule</name>
         <load_address>0x1354e</load_address>
         <run_address>0x1354e</run_address>
         <size>0x92</size>
         <input_file_ref idref="fl-50"/>
      </object_component>
      <object_component id="oc-500">
         <name>.text</name>
         <load_address>0x135e0</load_address>
         <run_address>0x135e0</run_address>
         <size>0x8e</size>
         <input_file_ref idref="fl-a6"/>
      </object_component>
      <object_component id="oc-2f2">
         <name>.text:OS_InitEventList</name>
         <load_address>0x1366e</load_address>
         <run_address>0x1366e</run_address>
         <size>0x8c</size>
         <input_file_ref idref="fl-2"/>
      </object_component>
      <object_component id="oc-61d">
         <name>.text:__mspabi_cvtdf</name>
         <load_address>0x136fa</load_address>
         <run_address>0x136fa</run_address>
         <size>0x8c</size>
         <input_file_ref idref="fl-95"/>
      </object_component>
      <object_component id="oc-45c">
         <name>.text:Hal_getManufactureDate</name>
         <load_address>0x13786</load_address>
         <run_address>0x13786</run_address>
         <size>0x88</size>
         <input_file_ref idref="fl-48"/>
      </object_component>
      <object_component id="oc-2f8">
         <name>.text:OS_FlagInit</name>
         <load_address>0x1380e</load_address>
         <run_address>0x1380e</run_address>
         <size>0x88</size>
         <input_file_ref idref="fl-3"/>
      </object_component>
      <object_component id="oc-3a9">
         <name>.text:OSQPost</name>
         <load_address>0x13896</load_address>
         <run_address>0x13896</run_address>
         <size>0x86</size>
         <input_file_ref idref="fl-7"/>
      </object_component>
      <object_component id="oc-389">
         <name>.text:g_Device_Board_Config</name>
         <load_address>0x1391c</load_address>
         <run_address>0x1391c</run_address>
         <size>0x86</size>
         <input_file_ref idref="fl-4d"/>
      </object_component>
      <object_component id="oc-6dc">
         <name>.text:SD_SendCommand</name>
         <load_address>0x139a2</load_address>
         <run_address>0x139a2</run_address>
         <size>0x82</size>
         <input_file_ref idref="fl-53"/>
      </object_component>
      <object_component id="oc-700">
         <name>.text:FlashRsvWrite</name>
         <load_address>0x13a24</load_address>
         <run_address>0x13a24</run_address>
         <size>0x80</size>
         <input_file_ref idref="fl-4e"/>
      </object_component>
      <object_component id="oc-360">
         <name>.text:OSTaskNameSet</name>
         <load_address>0x13aa4</load_address>
         <run_address>0x13aa4</run_address>
         <size>0x80</size>
         <input_file_ref idref="fl-9"/>
      </object_component>
      <object_component id="oc-611">
         <name>.text:uint64_to_str</name>
         <load_address>0x13b24</load_address>
         <run_address>0x13b24</run_address>
         <size>0x7e</size>
         <input_file_ref idref="fl-51"/>
      </object_component>
      <object_component id="oc-2fe">
         <name>.text:OS_MemInit</name>
         <load_address>0x13ba2</load_address>
         <run_address>0x13ba2</run_address>
         <size>0x7a</size>
         <input_file_ref idref="fl-5"/>
      </object_component>
      <object_component id="oc-511">
         <name>.text:OS_EventTaskRdy</name>
         <load_address>0x13c1c</load_address>
         <run_address>0x13c1c</run_address>
         <size>0x78</size>
         <input_file_ref idref="fl-2"/>
      </object_component>
      <object_component id="oc-27d">
         <name>.text</name>
         <load_address>0x13c94</load_address>
         <run_address>0x13c94</run_address>
         <size>0x76</size>
         <input_file_ref idref="fl-c"/>
      </object_component>
      <object_component id="oc-304">
         <name>.text:OS_QInit</name>
         <load_address>0x13d0a</load_address>
         <run_address>0x13d0a</run_address>
         <size>0x74</size>
         <input_file_ref idref="fl-7"/>
      </object_component>
      <object_component id="oc-1a5">
         <name>.text:g_Device_Config_QueuePost</name>
         <load_address>0x13d7e</load_address>
         <run_address>0x13d7e</run_address>
         <size>0x72</size>
         <input_file_ref idref="fl-4d"/>
      </object_component>
      <object_component id="oc-737">
         <name>.text:OSTmr_Unlink</name>
         <load_address>0x13df0</load_address>
         <run_address>0x13df0</run_address>
         <size>0x6e</size>
         <input_file_ref idref="fl-b"/>
      </object_component>
      <object_component id="oc-139">
         <name>.text:_auto_init_hold_wdt</name>
         <load_address>0x13e5e</load_address>
         <run_address>0x13e5e</run_address>
         <size>0x6c</size>
         <input_file_ref idref="fl-ec"/>
      </object_component>
      <object_component id="oc-eb">
         <name>.text:__TI_decompress_rle_core</name>
         <load_address>0x13eca</load_address>
         <run_address>0x13eca</run_address>
         <size>0x68</size>
         <input_file_ref idref="fl-93"/>
      </object_component>
      <object_component id="oc-6d6">
         <name>.text:SD_SendCommand_NoDeassert</name>
         <load_address>0x13f32</load_address>
         <run_address>0x13f32</run_address>
         <size>0x66</size>
         <input_file_ref idref="fl-53"/>
      </object_component>
      <object_component id="oc-441">
         <name>.text:__mspabi_cvtfd</name>
         <load_address>0x13f98</load_address>
         <run_address>0x13f98</run_address>
         <size>0x64</size>
         <input_file_ref idref="fl-96"/>
      </object_component>
      <object_component id="oc-7c6">
         <name>.text:DS1302_read_byte</name>
         <load_address>0x13ffc</load_address>
         <run_address>0x13ffc</run_address>
         <size>0x62</size>
         <input_file_ref idref="fl-52"/>
      </object_component>
      <object_component id="oc-707">
         <name>.text:DS1302_write_byte</name>
         <load_address>0x1405e</load_address>
         <run_address>0x1405e</run_address>
         <size>0x60</size>
         <input_file_ref idref="fl-52"/>
      </object_component>
      <object_component id="oc-1ab">
         <name>.text:OSIntExit</name>
         <load_address>0x140be</load_address>
         <run_address>0x140be</run_address>
         <size>0x60</size>
         <input_file_ref idref="fl-2"/>
      </object_component>
      <object_component id="oc-456">
         <name>.text:Hal_getSerialNumber</name>
         <load_address>0x1411e</load_address>
         <run_address>0x1411e</run_address>
         <size>0x5c</size>
         <input_file_ref idref="fl-48"/>
      </object_component>
      <object_component id="oc-592">
         <name>.text:OS_TaskStatStkChk</name>
         <load_address>0x1417a</load_address>
         <run_address>0x1417a</run_address>
         <size>0x5c</size>
         <input_file_ref idref="fl-2"/>
      </object_component>
      <object_component id="oc-448">
         <name>.text:Hal_getDeviceID</name>
         <load_address>0x141d6</load_address>
         <run_address>0x141d6</run_address>
         <size>0x5a</size>
         <input_file_ref idref="fl-48"/>
      </object_component>
      <object_component id="oc-468">
         <name>.text:Hal_getTransmitPeriod</name>
         <load_address>0x14230</load_address>
         <run_address>0x14230</run_address>
         <size>0x5a</size>
         <input_file_ref idref="fl-48"/>
      </object_component>
      <object_component id="oc-7d8">
         <name>.text:__mpyll</name>
         <load_address>0x1428a</load_address>
         <run_address>0x1428a</run_address>
         <size>0x5a</size>
[...]
         <object_component_ref idref="oc-5de"/>
      </symbol>
      <symbol id="sm-c22">
         <name>g_Device_Usart_Rxbuff_Copy</name>
         <value>0x14c74</value>
         <object_component_ref idref="oc-38f"/>
      </symbol>
      <symbol id="sm-c23">
         <name>__TI_int59</name>
         <value>0xfff6</value>
         <object_component_ref idref="oc-91"/>
      </symbol>
      <symbol id="sm-c24">
         <name>__TI_int56</name>
         <value>0xfff0</value>
         <object_component_ref idref="oc-8e"/>
      </symbol>
      <symbol id="sm-c25">
         <name>__TI_int53</name>
         <value>0xffea</value>
         <object_component_ref idref="oc-8b"/>
      </symbol>
      <symbol id="sm-c26">
         <name>USCI_A0_ISR</name>
         <value>0xa47e</value>
         <object_component_ref idref="oc-126"/>
      </symbol>
      <symbol id="sm-c27">
         <name>USCI_A1_ISR</name>
         <value>0xa400</value>
         <object_component_ref idref="oc-11b"/>
      </symbol>
      <symbol id="sm-c28">
         <name>TimebuffNum</name>
         <value>0x4daf</value>
         <object_component_ref idref="oc-186"/>
      </symbol>
      <symbol id="sm-c29">
         <name>USCI_A2_ISR</name>
         <value>0xa4e8</value>
         <object_component_ref idref="oc-115"/>
      </symbol>
      <symbol id="sm-c2a">
         <name>g_Device_Usart_UserCmd_Copy</name>
         <value>0x12588</value>
         <object_component_ref idref="oc-387"/>
      </symbol>
      <symbol id="sm-c2b">
         <name>USCI_A3_ISR</name>
         <value>0xa57e</value>
         <object_component_ref idref="oc-109"/>
      </symbol>
      <symbol id="sm-c2c">
         <name>cRxNum</name>
         <value>0x4db1</value>
         <object_component_ref idref="oc-186"/>
      </symbol>
      <symbol id="sm-c2d">
         <name>aRxNum</name>
         <value>0x4db0</value>
         <object_component_ref idref="oc-186"/>
      </symbol>
      <symbol id="sm-c2e">
         <name>dRxNum</name>
         <value>0x4db2</value>
         <object_component_ref idref="oc-186"/>
      </symbol>
      <symbol id="sm-c2f">
         <name>Clear_CMD_Buffer</name>
         <value>0x15180</value>
         <object_component_ref idref="oc-655"/>
      </symbol>
      <symbol id="sm-c30">
         <name>g_Device_SendString_Uart3</name>
         <value>0x15228</value>
         <object_component_ref idref="oc-6c2"/>
      </symbol>
      <symbol id="sm-c31">
         <name>g_Device_SendString_Uart2</name>
         <value>0x15216</value>
         <object_component_ref idref="oc-6b3"/>
      </symbol>
      <symbol id="sm-c32">
         <name>g_Device_SendString_Uart1</name>
         <value>0x15204</value>
         <object_component_ref idref="oc-5fe"/>
      </symbol>
      <symbol id="sm-c33">
         <name>g_Device_SendString_Uart0</name>
         <value>0x151f2</value>
         <object_component_ref idref="oc-5e9"/>
      </symbol>
      <symbol id="sm-c34">
         <name>g_Device_SendNByte_Uart1</name>
         <value>0x1500e</value>
         <object_component_ref idref="oc-5fc"/>
      </symbol>
      <symbol id="sm-c35">
         <name>g_Device_SendNByte_Uart0</name>
         <value>0x14fec</value>
         <object_component_ref idref="oc-5e7"/>
      </symbol>
      <symbol id="sm-c36">
         <name>g_Device_SendNByte_Uart3</name>
         <value>0x15052</value>
         <object_component_ref idref="oc-6c0"/>
      </symbol>
      <symbol id="sm-c37">
         <name>g_Device_SendNByte_Uart2</name>
         <value>0x15030</value>
         <object_component_ref idref="oc-6b1"/>
      </symbol>
      <symbol id="sm-c62">
         <name>main</name>
         <value>0x14702</value>
         <object_component_ref idref="oc-153"/>
      </symbol>
      <symbol id="sm-c74">
         <name>__mspabi_sral</name>
         <value>0x1525e</value>
         <object_component_ref idref="oc-768"/>
      </symbol>
      <symbol id="sm-c75">
         <name>__mspabi_sral_15</name>
         <value>0x148e8</value>
         <object_component_ref idref="oc-5ae"/>
      </symbol>
      <symbol id="sm-c76">
         <name>__mspabi_sral_14</name>
         <value>0x148ec</value>
         <object_component_ref idref="oc-5ae"/>
      </symbol>
      <symbol id="sm-c77">
         <name>__mspabi_sral_13</name>
         <value>0x148f0</value>
         <object_component_ref idref="oc-5ae"/>
      </symbol>
      <symbol id="sm-c78">
         <name>__mspabi_sral_12</name>
         <value>0x148f4</value>
         <object_component_ref idref="oc-5ae"/>
      </symbol>
      <symbol id="sm-c79">
         <name>__mspabi_sral_11</name>
         <value>0x148f8</value>
         <object_component_ref idref="oc-5ae"/>
      </symbol>
      <symbol id="sm-c7a">
         <name>__mspabi_sral_10</name>
         <value>0x148fc</value>
         <object_component_ref idref="oc-5ae"/>
      </symbol>
      <symbol id="sm-c7b">
         <name>__mspabi_sral_8</name>
         <value>0x14904</value>
         <object_component_ref idref="oc-5ae"/>
      </symbol>
      <symbol id="sm-c7c">
         <name>__mspabi_sral_9</name>
         <value>0x14900</value>
         <object_component_ref idref="oc-5ae"/>
      </symbol>
      <symbol id="sm-c7d">
         <name>__mspabi_sral_6</name>
         <value>0x1490c</value>
         <object_component_ref idref="oc-5ae"/>
      </symbol>
      <symbol id="sm-c7e">
         <name>__mspabi_sral_7</name>
         <value>0x14908</value>
         <object_component_ref idref="oc-5ae"/>
      </symbol>
      <symbol id="sm-c7f">
         <name>__mspabi_sral_4</name>
         <value>0x14914</value>
         <object_component_ref idref="oc-5ae"/>
      </symbol>
      <symbol id="sm-c80">
         <name>__mspabi_sral_5</name>
         <value>0x14910</value>
         <object_component_ref idref="oc-5ae"/>
      </symbol>
      <symbol id="sm-c81">
         <name>__mspabi_sral_2</name>
         <value>0x1491c</value>
         <object_component_ref idref="oc-5ae"/>
      </symbol>
      <symbol id="sm-c82">
         <name>__mspabi_sral_3</name>
         <value>0x14918</value>
         <object_component_ref idref="oc-5ae"/>
      </symbol>
      <symbol id="sm-c83">
         <name>__mspabi_sral_1</name>
         <value>0x14920</value>
         <object_component_ref idref="oc-5ae"/>
      </symbol>
      <symbol id="sm-c8c">
         <name>_stack</name>
         <value>0xa160</value>
         <object_component_ref idref="oc-d7"/>
      </symbol>
      <symbol id="sm-c8d">
         <name>_reset_vector</name>
         <value>0xfffe</value>
         <object_component_ref idref="oc-da"/>
      </symbol>
      <symbol id="sm-c98">
         <name>_c_int00_noargs_noexit</name>
         <value>0xa5bc</value>
         <object_component_ref idref="oc-b3"/>
      </symbol>
      <symbol id="sm-caf">
         <name>__TI_decompress_none</name>
         <value>0x151e0</value>
         <object_component_ref idref="oc-6f"/>
      </symbol>
      <symbol id="sm-cd1">
         <name>__TI_decompress_rle24</name>
         <value>0x15306</value>
         <object_component_ref idref="oc-75"/>
      </symbol>
      <symbol id="sm-ce4">
         <name>__TI_zero_init</name>
         <value>0x14f62</value>
         <object_component_ref idref="oc-95"/>
      </symbol>
      <symbol id="sm-cfc">
         <name>__mspabi_cvtdf</name>
         <value>0x136fa</value>
         <object_component_ref idref="oc-61d"/>
      </symbol>
      <symbol id="sm-d0a">
         <name>__mspabi_cvtfd</name>
         <value>0x13f98</value>
         <object_component_ref idref="oc-441"/>
      </symbol>
      <symbol id="sm-d1d">
         <name>__mspabi_remul</name>
         <value>0x142e4</value>
         <object_component_ref idref="oc-4ae"/>
      </symbol>
      <symbol id="sm-d1e">
         <name>__mspabi_divul</name>
         <value>0x142e4</value>
         <object_component_ref idref="oc-4ae"/>
      </symbol>
      <symbol id="sm-d29">
         <name>C$$EXIT</name>
         <value>0x15310</value>
         <object_component_ref idref="oc-15b"/>
      </symbol>
      <symbol id="sm-d2a">
         <name>abort</name>
         <value>0x15310</value>
         <object_component_ref idref="oc-15b"/>
      </symbol>
      <symbol id="sm-d57">
         <name>__mspabi_subf</name>
         <value>0x11c1a</value>
         <object_component_ref idref="oc-4fb"/>
      </symbol>
      <symbol id="sm-d58">
         <name>__mspabi_addf</name>
         <value>0x11c20</value>
         <object_component_ref idref="oc-4fb"/>
      </symbol>
      <symbol id="sm-d6d">
         <name>__mspabi_cmpf</name>
         <value>0x1474c</value>
         <object_component_ref idref="oc-763"/>
      </symbol>
      <symbol id="sm-d8d">
         <name>__mspabi_divf</name>
         <value>0x135e0</value>
         <object_component_ref idref="oc-500"/>
      </symbol>
      <symbol id="sm-da0">
         <name>__mspabi_fltif</name>
         <value>0x14b72</value>
         <object_component_ref idref="oc-4f1"/>
      </symbol>
      <symbol id="sm-dc6">
         <name>__mspabi_mpyf</name>
         <value>0x12b96</value>
         <object_component_ref idref="oc-4f6"/>
      </symbol>
      <symbol id="sm-dd0">
         <name>__mspabi_negf</name>
         <value>0x152dc</value>
         <object_component_ref idref="oc-64e"/>
      </symbol>
      <symbol id="sm-dec">
         <name>__mspabi_fixfu</name>
         <value>0x147dc</value>
         <object_component_ref idref="oc-5d9"/>
      </symbol>
      <symbol id="sm-dfd">
         <name>__mspabi_fltulf</name>
         <value>0x14ca6</value>
         <object_component_ref idref="oc-5d4"/>
      </symbol>
      <symbol id="sm-e06">
         <name>__TI_int36</name>
         <value>0xffc8</value>
         <object_component_ref idref="oc-7b"/>
      </symbol>
      <symbol id="sm-e09">
         <name>__TI_int38</name>
         <value>0xffcc</value>
         <object_component_ref idref="oc-7d"/>
      </symbol>
      <symbol id="sm-e0c">
         <name>__TI_int39</name>
         <value>0xffce</value>
         <object_component_ref idref="oc-7e"/>
      </symbol>
      <symbol id="sm-e0f">
         <name>__TI_int40</name>
         <value>0xffd0</value>
         <object_component_ref idref="oc-7f"/>
      </symbol>
      <symbol id="sm-e12">
         <name>__TI_int41</name>
         <value>0xffd2</value>
         <object_component_ref idref="oc-80"/>
      </symbol>
      <symbol id="sm-e15">
         <name>__TI_int42</name>
         <value>0xffd4</value>
         <object_component_ref idref="oc-81"/>
      </symbol>
      <symbol id="sm-e18">
         <name>__TI_int43</name>
         <value>0xffd6</value>
         <object_component_ref idref="oc-82"/>
      </symbol>
      <symbol id="sm-e1b">
         <name>__TI_int44</name>
         <value>0xffd8</value>
         <object_component_ref idref="oc-83"/>
      </symbol>
      <symbol id="sm-e1e">
         <name>__TI_int45</name>
         <value>0xffda</value>
         <object_component_ref idref="oc-84"/>
      </symbol>
      <symbol id="sm-e21">
         <name>__TI_int48</name>
         <value>0xffe0</value>
         <object_component_ref idref="oc-87"/>
      </symbol>
      <symbol id="sm-e24">
         <name>__TI_int50</name>
         <value>0xffe4</value>
         <object_component_ref idref="oc-88"/>
      </symbol>
      <symbol id="sm-e27">
         <name>__TI_int51</name>
         <value>0xffe6</value>
         <object_component_ref idref="oc-89"/>
      </symbol>
      <symbol id="sm-e2a">
         <name>__TI_int54</name>
         <value>0xffec</value>
         <object_component_ref idref="oc-8c"/>
      </symbol>
      <symbol id="sm-e2d">
         <name>__TI_int55</name>
         <value>0xffee</value>
         <object_component_ref idref="oc-8d"/>
      </symbol>
      <symbol id="sm-e30">
         <name>__TI_int58</name>
         <value>0xfff4</value>
         <object_component_ref idref="oc-90"/>
      </symbol>
      <symbol id="sm-e33">
         <name>__TI_int60</name>
         <value>0xfff8</value>
         <object_component_ref idref="oc-92"/>
      </symbol>
      <symbol id="sm-e36">
         <name>__TI_int61</name>
         <value>0xfffa</value>
         <object_component_ref idref="oc-93"/>
      </symbol>
      <symbol id="sm-e39">
         <name>__TI_int62</name>
         <value>0xfffc</value>
         <object_component_ref idref="oc-94"/>
      </symbol>
      <symbol id="sm-e41">
         <name>__TI_ISR_TRAP</name>
         <value>0xa5fc</value>
         <object_component_ref idref="oc-f8"/>
      </symbol>
      <symbol id="sm-e52">
         <name>__mspabi_slll_9</name>
         <value>0x1493e</value>
         <object_component_ref idref="oc-5b9"/>
      </symbol>
      <symbol id="sm-e53">
         <name>__mspabi_slll_8</name>
         <value>0x14942</value>
         <object_component_ref idref="oc-5b9"/>
      </symbol>
      <symbol id="sm-e54">
         <name>__mspabi_slll_7</name>
         <value>0x14946</value>
         <object_component_ref idref="oc-5b9"/>
      </symbol>
      <symbol id="sm-e55">
         <name>__mspabi_slll_6</name>
         <value>0x1494a</value>
         <object_component_ref idref="oc-5b9"/>
      </symbol>
      <symbol id="sm-e56">
         <name>__mspabi_slll_5</name>
         <value>0x1494e</value>
         <object_component_ref idref="oc-5b9"/>
      </symbol>
      <symbol id="sm-e57">
         <name>__mspabi_slll_4</name>
         <value>0x14952</value>
         <object_component_ref idref="oc-5b9"/>
      </symbol>
      <symbol id="sm-e58">
         <name>__mspabi_slll_3</name>
         <value>0x14956</value>
         <object_component_ref idref="oc-5b9"/>
      </symbol>
      <symbol id="sm-e59">
         <name>__mspabi_slll_2</name>
         <value>0x1495a</value>
         <object_component_ref idref="oc-5b9"/>
      </symbol>
      <symbol id="sm-e5a">
         <name>__mspabi_slll_1</name>
         <value>0x1495e</value>
         <object_component_ref idref="oc-5b9"/>
      </symbol>
      <symbol id="sm-e5b">
         <name>__mspabi_slll</name>
         <value>0x1526e</value>
         <object_component_ref idref="oc-65f"/>
      </symbol>
      <symbol id="sm-e5c">
         <name>__mspabi_slll_15</name>
         <value>0x14926</value>
         <object_component_ref idref="oc-5b9"/>
      </symbol>
      <symbol id="sm-e5d">
         <name>__mspabi_slll_14</name>
         <value>0x1492a</value>
         <object_component_ref idref="oc-5b9"/>
      </symbol>
      <symbol id="sm-e5e">
         <name>__mspabi_slll_13</name>
         <value>0x1492e</value>
         <object_component_ref idref="oc-5b9"/>
      </symbol>
      <symbol id="sm-e5f">
         <name>__mspabi_slll_12</name>
         <value>0x14932</value>
         <object_component_ref idref="oc-5b9"/>
      </symbol>
      <symbol id="sm-e60">
         <name>__mspabi_slll_11</name>
         <value>0x14936</value>
         <object_component_ref idref="oc-5b9"/>
      </symbol>
      <symbol id="sm-e61">
         <name>__mspabi_slll_10</name>
         <value>0x1493a</value>
         <object_component_ref idref="oc-5b9"/>
      </symbol>
      <symbol id="sm-e6a">
         <name>__mspabi_srll_8</name>
         <value>0x14980</value>
         <object_component_ref idref="oc-44e"/>
      </symbol>
      <symbol id="sm-e6b">
         <name>__mspabi_srll_9</name>
         <value>0x1497c</value>
         <object_component_ref idref="oc-44e"/>
      </symbol>
      <symbol id="sm-e6c">
         <name>__mspabi_srll_6</name>
         <value>0x14988</value>
         <object_component_ref idref="oc-44e"/>
      </symbol>
      <symbol id="sm-e6d">
         <name>__mspabi_srll_7</name>
         <value>0x14984</value>
         <object_component_ref idref="oc-44e"/>
      </symbol>
      <symbol id="sm-e6e">
         <name>__mspabi_srll_4</name>
         <value>0x14990</value>
         <object_component_ref idref="oc-44e"/>
      </symbol>
      <symbol id="sm-e6f">
         <name>__mspabi_srll_5</name>
         <value>0x1498c</value>
         <object_component_ref idref="oc-44e"/>
      </symbol>
      <symbol id="sm-e70">
         <name>__mspabi_srll_2</name>
         <value>0x14998</value>
         <object_component_ref idref="oc-44e"/>
      </symbol>
      <symbol id="sm-e71">
         <name>__mspabi_srll_3</name>
         <value>0x14994</value>
         <object_component_ref idref="oc-44e"/>
      </symbol>
      <symbol id="sm-e72">
         <name>__mspabi_srll_1</name>
         <value>0x1499c</value>
         <object_component_ref idref="oc-44e"/>
      </symbol>
      <symbol id="sm-e73">
         <name>__mspabi_srll_15</name>
         <value>0x14964</value>
         <object_component_ref idref="oc-44e"/>
      </symbol>
      <symbol id="sm-e74">
         <name>__mspabi_srll_14</name>
         <value>0x14968</value>
         <object_component_ref idref="oc-44e"/>
      </symbol>
      <symbol id="sm-e75">
         <name>__mspabi_srll_13</name>
         <value>0x1496c</value>
         <object_component_ref idref="oc-44e"/>
      </symbol>
      <symbol id="sm-e76">
         <name>__mspabi_srll_12</name>
         <value>0x14970</value>
         <object_component_ref idref="oc-44e"/>
      </symbol>
      <symbol id="sm-e77">
         <name>__mspabi_srll_11</name>
         <value>0x14974</value>
         <object_component_ref idref="oc-44e"/>
      </symbol>
      <symbol id="sm-e78">
         <name>__mspabi_srll_10</name>
         <value>0x14978</value>
         <object_component_ref idref="oc-44e"/>
      </symbol>
      <symbol id="sm-e85">
         <name>__mspabi_srlll</name>
         <value>0x14a90</value>
         <object_component_ref idref="oc-76e"/>
      </symbol>
      <symbol id="sm-e93">
         <name>memcpy</name>
         <value>0x151a8</value>
         <object_component_ref idref="oc-de"/>
      </symbol>
      <symbol id="sm-ea3">
         <name>_sys_memory</name>
         <value>0x4de8</value>
         <object_component_ref idref="oc-db"/>
      </symbol>
      <symbol id="sm-eb1">
         <name>memset</name>
         <value>0x15154</value>
         <object_component_ref idref="oc-1b3"/>
      </symbol>
      <symbol id="sm-eca">
         <name>__mspabi_mpyi_f5hw</name>
         <value>0x1516a</value>
         <object_component_ref idref="oc-3ed"/>
      </symbol>
      <symbol id="sm-eec">
         <name>__mspabi_mpyl_f5hw</name>
         <value>0x15074</value>
         <object_component_ref idref="oc-4a9"/>
      </symbol>
      <symbol id="sm-f01">
         <name>__mspabi_mpyll_f5hw</name>
         <value>0x1428a</value>
         <object_component_ref idref="oc-7d8"/>
      </symbol>
      <symbol id="sm-f0b">
         <name>_system_pre_init</name>
         <value>0x1530c</value>
         <object_component_ref idref="oc-133"/>
      </symbol>
      <symbol id="sm-f1e">
         <name>strcmp</name>
         <value>0x150d6</value>
         <object_component_ref idref="oc-381"/>
      </symbol>
      <symbol id="sm-f2b">
         <name>strcpy</name>
         <value>0x1524c</value>
         <object_component_ref idref="oc-2a8"/>
      </symbol>
      <symbol id="sm-f3d">
         <name>strncpy</name>
         <value>0x14cd8</value>
         <object_component_ref idref="oc-5cb"/>
      </symbol>
      <symbol id="sm-f50">
         <name>strstr</name>
         <value>0x14a1a</value>
         <object_component_ref idref="oc-3cf"/>
      </symbol>
      <symbol id="sm-f78">
         <name>_auto_init_hold_wdt</name>
         <value>0x13e5e</value>
         <object_component_ref idref="oc-139"/>
      </symbol>
      <symbol id="sm-f91">
         <name>__TI_INITARRAY_Base</name>
         <value>0x0</value>
      </symbol>
      <symbol id="sm-f92">
         <name>__TI_INITARRAY_Limit</name>
         <value>0x0</value>
      </symbol>
   </symbol_table>
   <title>Link successful</title>
</link_info>
