<?xml version="1.0"?>
<link_info>
   <banner>MSP430 Linker PC v4.4.3</banner>
   <copyright>Copyright (c) 2003-2015 Texas Instruments Incorporated</copyright>
   <link_time>0x5d2c8181</link_time>
   <link_errors>0x0</link_errors>
   <output_file>glz_msp430_ucOS_II.out</output_file>
   <entry_point>
      <name>_c_int00_noargs</name>
      <address>0xa442</address>
   </entry_point>
   <input_file_list>
      <input_file id="fl-2">
         <path>.\uCOS-II\Source\</path>
         <kind>object</kind>
         <file>os_core.obj</file>
         <name>os_core.obj</name>
      </input_file>
      <input_file id="fl-3">
         <path>.\uCOS-II\Source\</path>
         <kind>object</kind>
         <file>os_flag.obj</file>
         <name>os_flag.obj</name>
      </input_file>
      <input_file id="fl-4">
         <path>.\uCOS-II\Source\</path>
         <kind>object</kind>
         <file>os_mbox.obj</file>
         <name>os_mbox.obj</name>
      </input_file>
      <input_file id="fl-5">
         <path>.\uCOS-II\Source\</path>
         <kind>object</kind>
         <file>os_mem.obj</file>
         <name>os_mem.obj</name>
      </input_file>
      <input_file id="fl-6">
         <path>.\uCOS-II\Source\</path>
         <kind>object</kind>
         <file>os_mutex.obj</file>
         <name>os_mutex.obj</name>
      </input_file>
      <input_file id="fl-7">
         <path>.\uCOS-II\Source\</path>
         <kind>object</kind>
         <file>os_q.obj</file>
         <name>os_q.obj</name>
      </input_file>
      <input_file id="fl-8">
         <path>.\uCOS-II\Source\</path>
         <kind>object</kind>
         <file>os_sem.obj</file>
         <name>os_sem.obj</name>
      </input_file>
      <input_file id="fl-9">
         <path>.\uCOS-II\Source\</path>
         <kind>object</kind>
         <file>os_task.obj</file>
         <name>os_task.obj</name>
      </input_file>
      <input_file id="fl-a">
         <path>.\uCOS-II\Source\</path>
         <kind>object</kind>
         <file>os_time.obj</file>
         <name>os_time.obj</name>
      </input_file>
      <input_file id="fl-b">
         <path>.\uCOS-II\Source\</path>
         <kind>object</kind>
         <file>os_tmr.obj</file>
         <name>os_tmr.obj</name>
      </input_file>
      <input_file id="fl-c">
         <path>.\uCOS-II\Ports\MSP430X\CCS\</path>
         <kind>object</kind>
         <file>os_cpu_a.obj</file>
         <name>os_cpu_a.obj</name>
      </input_file>
      <input_file id="fl-d">
         <path>.\uCOS-II\Ports\MSP430X\CCS\</path>
         <kind>object</kind>
         <file>os_cpu_c.obj</file>
         <name>os_cpu_c.obj</name>
      </input_file>
      <input_file id="fl-e">
         <path>.\uC-LIB\</path>
         <kind>object</kind>
         <file>lib_ascii.obj</file>
         <name>lib_ascii.obj</name>
      </input_file>
      <input_file id="fl-f">
         <path>.\uC-LIB\</path>
         <kind>object</kind>
         <file>lib_math.obj</file>
         <name>lib_math.obj</name>
      </input_file>
      <input_file id="fl-10">
         <path>.\uC-LIB\</path>
         <kind>object</kind>
         <file>lib_mem.obj</file>
         <name>lib_mem.obj</name>
      </input_file>
      <input_file id="fl-11">
         <path>.\uC-LIB\</path>
         <kind>object</kind>
         <file>lib_str.obj</file>
         <name>lib_str.obj</name>
      </input_file>
      <input_file id="fl-12">
         <path>.\uC-CPU\</path>
         <kind>object</kind>
         <file>cpu_core.obj</file>
         <name>cpu_core.obj</name>
      </input_file>
      <input_file id="fl-13">
         <path>.\uC-CPU\MSP430\CCS\</path>
         <kind>object</kind>
         <file>cpu_a.obj</file>
         <name>cpu_a.obj</name>
      </input_file>
      <input_file id="fl-14">
         <path>.\BSP\</path>
         <kind>object</kind>
         <file>bsp.obj</file>
         <name>bsp.obj</name>
      </input_file>
      <input_file id="fl-15">
         <path>.\App\</path>
         <kind>object</kind>
         <file>app.obj</file>
         <name>app.obj</name>
      </input_file>
      <input_file id="fl-16">
         <path>.\App\</path>
         <kind>object</kind>
         <file>app_hooks.obj</file>
         <name>app_hooks.obj</name>
      </input_file>
      <input_file id="fl-4b">
         <path>G:\DeveloperFiles\ti\ccsv6\tools\compiler\ti-cgt-msp430_4.4.3\lib\</path>
         <kind>archive</kind>
         <file>rts430x_lc_rd_eabi.lib</file>
         <name>boot.obj</name>
      </input_file>
      <input_file id="fl-4c">
         <path>G:\DeveloperFiles\ti\ccsv6\tools\compiler\ti-cgt-msp430_4.4.3\lib\</path>
         <kind>archive</kind>
         <file>rts430x_lc_rd_eabi.lib</file>
         <name>boot_special.obj</name>
      </input_file>
      <input_file id="fl-4d">
         <path>G:\DeveloperFiles\ti\ccsv6\tools\compiler\ti-cgt-msp430_4.4.3\lib\</path>
         <kind>archive</kind>
         <file>rts430x_lc_rd_eabi.lib</file>
         <name>copy_decompress_none.obj</name>
      </input_file>
      <input_file id="fl-4e">
         <path>G:\DeveloperFiles\ti\ccsv6\tools\compiler\ti-cgt-msp430_4.4.3\lib\</path>
         <kind>archive</kind>
         <file>rts430x_lc_rd_eabi.lib</file>
         <name>copy_decompress_rle.obj</name>
      </input_file>
      <input_file id="fl-4f">
         <path>G:\DeveloperFiles\ti\ccsv6\tools\compiler\ti-cgt-msp430_4.4.3\lib\</path>
         <kind>archive</kind>
         <file>rts430x_lc_rd_eabi.lib</file>
         <name>copy_zero_init.obj</name>
      </input_file>
      <input_file id="fl-50">
         <path>G:\DeveloperFiles\ti\ccsv6\tools\compiler\ti-cgt-msp430_4.4.3\lib\</path>
         <kind>archive</kind>
         <file>rts430x_lc_rd_eabi.lib</file>
         <name>div32u.obj</name>
      </input_file>
      <input_file id="fl-51">
         <path>G:\DeveloperFiles\ti\ccsv6\tools\compiler\ti-cgt-msp430_4.4.3\lib\</path>
         <kind>archive</kind>
         <file>rts430x_lc_rd_eabi.lib</file>
         <name>exit.obj</name>
      </input_file>
      <input_file id="fl-52">
         <path>G:\DeveloperFiles\ti\ccsv6\tools\compiler\ti-cgt-msp430_4.4.3\lib\</path>
         <kind>archive</kind>
         <file>rts430x_lc_rd_eabi.lib</file>
         <name>int36.obj</name>
      </input_file>
      <input_file id="fl-53">
         <path>G:\DeveloperFiles\ti\ccsv6\tools\compiler\ti-cgt-msp430_4.4.3\lib\</path>
         <kind>archive</kind>
         <file>rts430x_lc_rd_eabi.lib</file>
         <name>int37.obj</name>
      </input_file>
      <input_file id="fl-54">
         <path>G:\DeveloperFiles\ti\ccsv6\tools\compiler\ti-cgt-msp430_4.4.3\lib\</path>
         <kind>archive</kind>
         <file>rts430x_lc_rd_eabi.lib</file>
         <name>int38.obj</name>
      </input_file>
      <input_file id="fl-55">
         <path>G:\DeveloperFiles\ti\ccsv6\tools\compiler\ti-cgt-msp430_4.4.3\lib\</path>
         <kind>archive</kind>
         <file>rts430x_lc_rd_eabi.lib</file>
         <name>int39.obj</name>
      </input_file>
      <input_file id="fl-56">
         <path>G:\DeveloperFiles\ti\ccsv6\tools\compiler\ti-cgt-msp430_4.4.3\lib\</path>
         <kind>archive</kind>
         <file>rts430x_lc_rd_eabi.lib</file>
         <name>int40.obj</name>
      </input_file>
      <input_file id="fl-57">
         <path>G:\DeveloperFiles\ti\ccsv6\tools\compiler\ti-cgt-msp430_4.4.3\lib\</path>
         <kind>archive</kind>
         <file>rts430x_lc_rd_eabi.lib</file>
         <name>int41.obj</name>
      </input_file>
      <input_file id="fl-58">
         <path>G:\DeveloperFiles\ti\ccsv6\tools\compiler\ti-cgt-msp430_4.4.3\lib\</path>
         <kind>archive</kind>
         <file>rts430x_lc_rd_eabi.lib</file>
         <name>int42.obj</name>
      </input_file>
      <input_file id="fl-59">
         <path>G:\DeveloperFiles\ti\ccsv6\tools\compiler\ti-cgt-msp430_4.4.3\lib\</path>
         <kind>archive</kind>
         <file>rts430x_lc_rd_eabi.lib</file>
         <name>int43.obj</name>
      </input_file>
      <input_file id="fl-5a">
         <path>G:\DeveloperFiles\ti\ccsv6\tools\compiler\ti-cgt-msp430_4.4.3\lib\</path>
         <kind>archive</kind>
         <file>rts430x_lc_rd_eabi.lib</file>
         <name>int44.obj</name>
      </input_file>
      <input_file id="fl-5b">
         <path>G:\DeveloperFiles\ti\ccsv6\tools\compiler\ti-cgt-msp430_4.4.3\lib\</path>
         <kind>archive</kind>
         <file>rts430x_lc_rd_eabi.lib</file>
         <name>int45.obj</name>
      </input_file>
      <input_file id="fl-5c">
         <path>G:\DeveloperFiles\ti\ccsv6\tools\compiler\ti-cgt-msp430_4.4.3\lib\</path>
         <kind>archive</kind>
         <file>rts430x_lc_rd_eabi.lib</file>
         <name>int46.obj</name>
      </input_file>
      <input_file id="fl-5d">
         <path>G:\DeveloperFiles\ti\ccsv6\tools\compiler\ti-cgt-msp430_4.4.3\lib\</path>
         <kind>archive</kind>
         <file>rts430x_lc_rd_eabi.lib</file>
         <name>int47.obj</name>
      </input_file>
      <input_file id="fl-5e">
         <path>G:\DeveloperFiles\ti\ccsv6\tools\compiler\ti-cgt-msp430_4.4.3\lib\</path>
         <kind>archive</kind>
         <file>rts430x_lc_rd_eabi.lib</file>
         <name>int48.obj</name>
      </input_file>
      <input_file id="fl-5f">
         <path>G:\DeveloperFiles\ti\ccsv6\tools\compiler\ti-cgt-msp430_4.4.3\lib\</path>
         <kind>archive</kind>
         <file>rts430x_lc_rd_eabi.lib</file>
         <name>int50.obj</name>
      </input_file>
      <input_file id="fl-60">
         <path>G:\DeveloperFiles\ti\ccsv6\tools\compiler\ti-cgt-msp430_4.4.3\lib\</path>
         <kind>archive</kind>
         <file>rts430x_lc_rd_eabi.lib</file>
         <name>int51.obj</name>
      </input_file>
      <input_file id="fl-61">
         <path>G:\DeveloperFiles\ti\ccsv6\tools\compiler\ti-cgt-msp430_4.4.3\lib\</path>
         <kind>archive</kind>
         <file>rts430x_lc_rd_eabi.lib</file>
         <name>int52.obj</name>
      </input_file>
      <input_file id="fl-62">
         <path>G:\DeveloperFiles\ti\ccsv6\tools\compiler\ti-cgt-msp430_4.4.3\lib\</path>
         <kind>archive</kind>
         <file>rts430x_lc_rd_eabi.lib</file>
         <name>int53.obj</name>
      </input_file>
      <input_file id="fl-63">
         <path>G:\DeveloperFiles\ti\ccsv6\tools\compiler\ti-cgt-msp430_4.4.3\lib\</path>
         <kind>archive</kind>
         <file>rts430x_lc_rd_eabi.lib</file>
         <name>int54.obj</name>
      </input_file>
      <input_file id="fl-64">
         <path>G:\DeveloperFiles\ti\ccsv6\tools\compiler\ti-cgt-msp430_4.4.3\lib\</path>
         <kind>archive</kind>
         <file>rts430x_lc_rd_eabi.lib</file>
         <name>int55.obj</name>
      </input_file>
      <input_file id="fl-65">
         <path>G:\DeveloperFiles\ti\ccsv6\tools\compiler\ti-cgt-msp430_4.4.3\lib\</path>
         <kind>archive</kind>
         <file>rts430x_lc_rd_eabi.lib</file>
         <name>int56.obj</name>
      </input_file>
      <input_file id="fl-66">
         <path>G:\DeveloperFiles\ti\ccsv6\tools\compiler\ti-cgt-msp430_4.4.3\lib\</path>
         <kind>archive</kind>
         <file>rts430x_lc_rd_eabi.lib</file>
         <name>int58.obj</name>
      </input_file>
      <input_file id="fl-67">
         <path>G:\DeveloperFiles\ti\ccsv6\tools\compiler\ti-cgt-msp430_4.4.3\lib\</path>
         <kind>archive</kind>
         <file>rts430x_lc_rd_eabi.lib</file>
         <name>int59.obj</name>
      </input_file>
      <input_file id="fl-68">
         <path>G:\DeveloperFiles\ti\ccsv6\tools\compiler\ti-cgt-msp430_4.4.3\lib\</path>
         <kind>archive</kind>
         <file>rts430x_lc_rd_eabi.lib</file>
         <name>int60.obj</name>
      </input_file>
      <input_file id="fl-69">
         <path>G:\DeveloperFiles\ti\ccsv6\tools\compiler\ti-cgt-msp430_4.4.3\lib\</path>
         <kind>archive</kind>
         <file>rts430x_lc_rd_eabi.lib</file>
         <name>int61.obj</name>
      </input_file>
      <input_file id="fl-6a">
         <path>G:\DeveloperFiles\ti\ccsv6\tools\compiler\ti-cgt-msp430_4.4.3\lib\</path>
         <kind>archive</kind>
         <file>rts430x_lc_rd_eabi.lib</file>
         <name>int62.obj</name>
      </input_file>
      <input_file id="fl-6b">
         <path>G:\DeveloperFiles\ti\ccsv6\tools\compiler\ti-cgt-msp430_4.4.3\lib\</path>
         <kind>archive</kind>
         <file>rts430x_lc_rd_eabi.lib</file>
         <name>isr_trap.obj</name>
      </input_file>
      <input_file id="fl-6c">
         <path>G:\DeveloperFiles\ti\ccsv6\tools\compiler\ti-cgt-msp430_4.4.3\lib\</path>
         <kind>archive</kind>
         <file>rts430x_lc_rd_eabi.lib</file>
         <name>lsl32.obj</name>
      </input_file>
      <input_file id="fl-6d">
         <path>G:\DeveloperFiles\ti\ccsv6\tools\compiler\ti-cgt-msp430_4.4.3\lib\</path>
         <kind>archive</kind>
         <file>rts430x_lc_rd_eabi.lib</file>
         <name>lsr32.obj</name>
      </input_file>
      <input_file id="fl-6e">
         <path>G:\DeveloperFiles\ti\ccsv6\tools\compiler\ti-cgt-msp430_4.4.3\lib\</path>
         <kind>archive</kind>
         <file>rts430x_lc_rd_eabi.lib</file>
         <name>lsr64.obj</name>
      </input_file>
      <input_file id="fl-6f">
         <path>G:\DeveloperFiles\ti\ccsv6\tools\compiler\ti-cgt-msp430_4.4.3\lib\</path>
         <kind>archive</kind>
         <file>rts430x_lc_rd_eabi.lib</file>
         <name>memcpy.obj</name>
      </input_file>
      <input_file id="fl-70">
         <path>G:\DeveloperFiles\ti\ccsv6\tools\compiler\ti-cgt-msp430_4.4.3\lib\</path>
         <kind>archive</kind>
         <file>rts430x_lc_rd_eabi.lib</file>
         <name>mpu_init.obj</name>
      </input_file>
      <input_file id="fl-71">
         <path>G:\DeveloperFiles\ti\ccsv6\tools\compiler\ti-cgt-msp430_4.4.3\lib\</path>
         <kind>archive</kind>
         <file>rts430x_lc_rd_eabi.lib</file>
         <name>mult16.obj</name>
      </input_file>
      <input_file id="fl-72">
         <path>G:\DeveloperFiles\ti\ccsv6\tools\compiler\ti-cgt-msp430_4.4.3\lib\</path>
         <kind>archive</kind>
         <file>rts430x_lc_rd_eabi.lib</file>
         <name>mult1632_f5hw.obj</name>
      </input_file>
      <input_file id="fl-73">
         <path>G:\DeveloperFiles\ti\ccsv6\tools\compiler\ti-cgt-msp430_4.4.3\lib\</path>
         <kind>archive</kind>
         <file>rts430x_lc_rd_eabi.lib</file>
         <name>mult16_f5hw.obj</name>
      </input_file>
      <input_file id="fl-74">
         <path>G:\DeveloperFiles\ti\ccsv6\tools\compiler\ti-cgt-msp430_4.4.3\lib\</path>
         <kind>archive</kind>
         <file>rts430x_lc_rd_eabi.lib</file>
         <name>mult32.obj</name>
      </input_file>
      <input_file id="fl-75">
         <path>G:\DeveloperFiles\ti\ccsv6\tools\compiler\ti-cgt-msp430_4.4.3\lib\</path>
         <kind>archive</kind>
         <file>rts430x_lc_rd_eabi.lib</file>
         <name>mult3264_f5hw.obj</name>
      </input_file>
      <input_file id="fl-76">
         <path>G:\DeveloperFiles\ti\ccsv6\tools\compiler\ti-cgt-msp430_4.4.3\lib\</path>
         <kind>archive</kind>
         <file>rts430x_lc_rd_eabi.lib</file>
         <name>mult32_f5hw.obj</name>
      </input_file>
      <input_file id="fl-77">
         <path>G:\DeveloperFiles\ti\ccsv6\tools\compiler\ti-cgt-msp430_4.4.3\lib\</path>
         <kind>archive</kind>
         <file>rts430x_lc_rd_eabi.lib</file>
         <name>mult64_f5hw.obj</name>
      </input_file>
      <input_file id="fl-78">
         <path>G:\DeveloperFiles\ti\ccsv6\tools\compiler\ti-cgt-msp430_4.4.3\lib\</path>
         <kind>archive</kind>
         <file>rts430x_lc_rd_eabi.lib</file>
         <name>pre_init.obj</name>
      </input_file>
      <input_file id="fl-79">
         <path>G:\DeveloperFiles\ti\ccsv6\tools\compiler\ti-cgt-msp430_4.4.3\lib\</path>
         <kind>archive</kind>
         <file>rts430x_lc_rd_eabi.lib</file>
         <name>printf.obj</name>
      </input_file>
      <input_file id="fl-7a">
         <path>G:\DeveloperFiles\ti\ccsv6\tools\compiler\ti-cgt-msp430_4.4.3\lib\</path>
         <kind>archive</kind>
         <file>rts430x_lc_rd_eabi.lib</file>
         <name>_lock.obj</name>
      </input_file>
      <input_file id="fl-7b">
         <path>G:\DeveloperFiles\ti\ccsv6\tools\compiler\ti-cgt-msp430_4.4.3\lib\</path>
         <kind>archive</kind>
         <file>rts430x_lc_rd_eabi.lib</file>
         <name>_printfi_min.obj</name>
      </input_file>
      <input_file id="fl-7c">
         <path>G:\DeveloperFiles\ti\ccsv6\tools\compiler\ti-cgt-msp430_4.4.3\lib\</path>
         <kind>archive</kind>
         <file>rts430x_lc_rd_eabi.lib</file>
         <name>args_main.obj</name>
      </input_file>
      <input_file id="fl-7d">
         <path>G:\DeveloperFiles\ti\ccsv6\tools\compiler\ti-cgt-msp430_4.4.3\lib\</path>
         <kind>archive</kind>
         <file>rts430x_lc_rd_eabi.lib</file>
         <name>autoinit_wdt.obj</name>
      </input_file>
      <input_file id="fl-7e">
         <path>G:\DeveloperFiles\ti\ccsv6\tools\compiler\ti-cgt-msp430_4.4.3\lib\</path>
         <kind>archive</kind>
         <file>rts430x_lc_rd_eabi.lib</file>
         <name>defs.obj</name>
      </input_file>
      <input_file id="fl-7f">
         <path>G:\DeveloperFiles\ti\ccsv6\tools\compiler\ti-cgt-msp430_4.4.3\lib\</path>
         <kind>archive</kind>
         <file>rts430x_lc_rd_eabi.lib</file>
         <name>div16u.obj</name>
      </input_file>
      <input_file id="fl-80">
         <path>G:\DeveloperFiles\ti\ccsv6\tools\compiler\ti-cgt-msp430_4.4.3\lib\</path>
         <kind>archive</kind>
         <file>rts430x_lc_rd_eabi.lib</file>
         <name>fputc.obj</name>
      </input_file>
      <input_file id="fl-81">
         <path>G:\DeveloperFiles\ti\ccsv6\tools\compiler\ti-cgt-msp430_4.4.3\lib\</path>
         <kind>archive</kind>
         <file>rts430x_lc_rd_eabi.lib</file>
         <name>fputs.obj</name>
      </input_file>
      <input_file id="fl-82">
         <path>G:\DeveloperFiles\ti\ccsv6\tools\compiler\ti-cgt-msp430_4.4.3\lib\</path>
         <kind>archive</kind>
         <file>rts430x_lc_rd_eabi.lib</file>
         <name>lowlev.obj</name>
      </input_file>
      <input_file id="fl-83">
         <path>G:\DeveloperFiles\ti\ccsv6\tools\compiler\ti-cgt-msp430_4.4.3\lib\</path>
         <kind>archive</kind>
         <file>rts430x_lc_rd_eabi.lib</file>
         <name>memccpy.obj</name>
      </input_file>
      <input_file id="fl-84">
         <path>G:\DeveloperFiles\ti\ccsv6\tools\compiler\ti-cgt-msp430_4.4.3\lib\</path>
         <kind>archive</kind>
         <file>rts430x_lc_rd_eabi.lib</file>
         <name>memchr.obj</name>
      </input_file>
      <input_file id="fl-85">
         <path>G:\DeveloperFiles\ti\ccsv6\tools\compiler\ti-cgt-msp430_4.4.3\lib\</path>
         <kind>archive</kind>
         <file>rts430x_lc_rd_eabi.lib</file>
         <name>memset.obj</name>
      </input_file>
      <input_file id="fl-86">
         <path>G:\DeveloperFiles\ti\ccsv6\tools\compiler\ti-cgt-msp430_4.4.3\lib\</path>
         <kind>archive</kind>
         <file>rts430x_lc_rd_eabi.lib</file>
         <name>strchr.obj</name>
      </input_file>
      <input_file id="fl-87">
         <path>G:\DeveloperFiles\ti\ccsv6\tools\compiler\ti-cgt-msp430_4.4.3\lib\</path>
         <kind>archive</kind>
         <file>rts430x_lc_rd_eabi.lib</file>
         <name>strcmp.obj</name>
      </input_file>
      <input_file id="fl-88">
         <path>G:\DeveloperFiles\ti\ccsv6\tools\compiler\ti-cgt-msp430_4.4.3\lib\</path>
         <kind>archive</kind>
         <file>rts430x_lc_rd_eabi.lib</file>
         <name>strlen.obj</name>
      </input_file>
      <input_file id="fl-89">
         <path>G:\DeveloperFiles\ti\ccsv6\tools\compiler\ti-cgt-msp430_4.4.3\lib\</path>
         <kind>archive</kind>
         <file>rts430x_lc_rd_eabi.lib</file>
         <name>strncpy.obj</name>
      </input_file>
      <input_file id="fl-8a">
         <path>G:\DeveloperFiles\ti\ccsv6\tools\compiler\ti-cgt-msp430_4.4.3\lib\</path>
         <kind>archive</kind>
         <file>rts430x_lc_rd_eabi.lib</file>
         <name>trgdrv.obj</name>
      </input_file>
      <input_file id="fl-8b">
         <path>G:\DeveloperFiles\ti\ccsv6\tools\compiler\ti-cgt-msp430_4.4.3\lib\</path>
         <kind>archive</kind>
         <file>rts430x_lc_rd_eabi.lib</file>
         <name>trgmsg.obj</name>
      </input_file>
      <input_file id="fl-8c">
         <path>G:\DeveloperFiles\ti\ccsv6\tools\compiler\ti-cgt-msp430_4.4.3\lib\</path>
         <kind>archive</kind>
         <file>rts430x_lc_rd_eabi.lib</file>
         <name>_io_perm.obj</name>
      </input_file>
      <input_file id="fl-8d">
         <path>G:\DeveloperFiles\ti\ccsv6\tools\compiler\ti-cgt-msp430_4.4.3\lib\</path>
         <kind>archive</kind>
         <file>rts430x_lc_rd_eabi.lib</file>
         <name>div16s.obj</name>
      </input_file>
      <input_file id="fl-8e">
         <path>G:\DeveloperFiles\ti\ccsv6\tools\compiler\ti-cgt-msp430_4.4.3\lib\</path>
         <kind>archive</kind>
         <file>rts430x_lc_rd_eabi.lib</file>
         <name>fflush.obj</name>
      </input_file>
      <input_file id="fl-8f">
         <path>G:\DeveloperFiles\ti\ccsv6\tools\compiler\ti-cgt-msp430_4.4.3\lib\</path>
         <kind>archive</kind>
         <file>rts430x_lc_rd_eabi.lib</file>
         <name>fseek.obj</name>
      </input_file>
      <input_file id="fl-90">
         <path>G:\DeveloperFiles\ti\ccsv6\tools\compiler\ti-cgt-msp430_4.4.3\lib\</path>
         <kind>archive</kind>
         <file>rts430x_lc_rd_eabi.lib</file>
         <name>setvbuf.obj</name>
      </input_file>
      <input_file id="fl-91">
         <path>G:\DeveloperFiles\ti\ccsv6\tools\compiler\ti-cgt-msp430_4.4.3\lib\</path>
         <kind>archive</kind>
         <file>rts430x_lc_rd_eabi.lib</file>
         <name>strcpy.obj</name>
      </input_file>
      <input_file id="fl-92">
         <path>G:\DeveloperFiles\ti\ccsv6\tools\compiler\ti-cgt-msp430_4.4.3\lib\</path>
         <kind>archive</kind>
         <file>rts430x_lc_rd_eabi.lib</file>
         <name>fopen.obj</name>
      </input_file>
      <input_file id="fl-93">
         <path>G:\DeveloperFiles\ti\ccsv6\tools\compiler\ti-cgt-msp430_4.4.3\lib\</path>
         <kind>archive</kind>
         <file>rts430x_lc_rd_eabi.lib</file>
         <name>memory.obj</name>
      </input_file>
      <input_file id="fl-94">
         <path>G:\DeveloperFiles\ti\ccsv6\tools\compiler\ti-cgt-msp430_4.4.3\lib\</path>
         <kind>archive</kind>
         <file>rts430x_lc_rd_eabi.lib</file>
         <name>fclose.obj</name>
      </input_file>
      <input_file id="fl-95">
         <path>G:\DeveloperFiles\ti\ccsv6\tools\compiler\ti-cgt-msp430_4.4.3\lib\</path>
         <kind>archive</kind>
         <file>rts430x_lc_rd_eabi.lib</file>
         <name>remove.obj</name>
      </input_file>
   </input_file_list>
   <object_component_list>
      <object_component id="oc-1e6">
         <name>.common:OSCtxSwCtr</name>
         <uninitialized>true</uninitialized>
         <run_address>0x2fd6</run_address>
         <size>0x4</size>
      </object_component>
      <object_component id="oc-2b2">
         <name>.common:OSEventFreeList</name>
         <uninitialized>true</uninitialized>
         <run_address>0x2fda</run_address>
         <size>0x4</size>
      </object_component>
      <object_component id="oc-2b1">
         <name>.common:OSEventTbl</name>
         <uninitialized>true</uninitialized>
         <run_address>0x2c08</run_address>
         <size>0xb4</size>
      </object_component>
      <object_component id="oc-2b4">
         <name>.common:OSFlagTbl</name>
         <uninitialized>true</uninitialized>
         <run_address>0x2f68</run_address>
         <size>0x3c</size>
      </object_component>
      <object_component id="oc-2b6">
         <name>.common:OSFlagFreeList</name>
         <uninitialized>true</uninitialized>
         <run_address>0x2fde</run_address>
         <size>0x4</size>
      </object_component>
      <object_component id="oc-356">
         <name>.common:OSCPUUsage</name>
         <uninitialized>true</uninitialized>
         <run_address>0x3030</run_address>
         <size>0x1</size>
      </object_component>
      <object_component id="oc-29d">
         <name>.common:OSIdleCtrMax</name>
         <uninitialized>true</uninitialized>
         <run_address>0x2fea</run_address>
         <size>0x4</size>
      </object_component>
      <object_component id="oc-29c">
         <name>.common:OSIdleCtrRun</name>
         <uninitialized>true</uninitialized>
         <run_address>0x2fee</run_address>
         <size>0x4</size>
      </object_component>
      <object_component id="oc-29e">
         <name>.common:OSStatRdy</name>
         <uninitialized>true</uninitialized>
         <run_address>0x3037</run_address>
         <size>0x1</size>
      </object_component>
      <object_component id="oc-2d0">
         <name>.common:OSTaskStatStk</name>
         <uninitialized>true</uninitialized>
         <run_address>0x2a08</run_address>
         <size>0x100</size>
      </object_component>
      <object_component id="oc-15a">
         <name>.common:OSIntNesting</name>
         <uninitialized>true</uninitialized>
         <run_address>0x3031</run_address>
         <size>0x1</size>
      </object_component>
      <object_component id="oc-1dc">
         <name>.common:OSLockNesting</name>
         <uninitialized>true</uninitialized>
         <run_address>0x3032</run_address>
         <size>0x1</size>
      </object_component>
      <object_component id="oc-1e5">
         <name>.common:OSPrioCur</name>
         <uninitialized>true</uninitialized>
         <run_address>0x3033</run_address>
         <size>0x1</size>
      </object_component>
      <object_component id="oc-1e3">
         <name>.common:OSPrioHighRdy</name>
         <uninitialized>true</uninitialized>
         <run_address>0x3034</run_address>
         <size>0x1</size>
      </object_component>
      <object_component id="oc-1d9">
         <name>.common:OSRdyGrp</name>
         <uninitialized>true</uninitialized>
         <run_address>0x3035</run_address>
         <size>0x1</size>
      </object_component>
      <object_component id="oc-1da">
         <name>.common:OSRdyTbl</name>
         <uninitialized>true</uninitialized>
         <run_address>0x2ffa</run_address>
         <size>0x4</size>
      </object_component>
      <object_component id="oc-1d6">
         <name>.common:OSRunning</name>
         <uninitialized>true</uninitialized>
         <run_address>0x3036</run_address>
         <size>0x1</size>
      </object_component>
      <object_component id="oc-29a">
         <name>.common:OSTaskCtr</name>
         <uninitialized>true</uninitialized>
         <run_address>0x3038</run_address>
         <size>0x1</size>
      </object_component>
      <object_component id="oc-29b">
         <name>.common:OSIdleCtr</name>
         <uninitialized>true</uninitialized>
         <run_address>0x2fe6</run_address>
         <size>0x4</size>
      </object_component>
      <object_component id="oc-2c2">
         <name>.common:OSTaskIdleStk</name>
         <uninitialized>true</uninitialized>
         <run_address>0x2908</run_address>
         <size>0x100</size>
      </object_component>
      <object_component id="oc-15d">
         <name>.common:OSTCBCur</name>
         <uninitialized>true</uninitialized>
         <run_address>0x2ffe</run_address>
         <size>0x4</size>
      </object_component>
      <object_component id="oc-2af">
         <name>.common:OSTCBFreeList</name>
         <uninitialized>true</uninitialized>
         <run_address>0x3002</run_address>
         <size>0x4</size>
      </object_component>
      <object_component id="oc-16d">
         <name>.common:OSTCBHighRdy</name>
         <uninitialized>true</uninitialized>
         <run_address>0x3006</run_address>
         <size>0x4</size>
      </object_component>
      <object_component id="oc-1d8">
         <name>.common:OSTCBList</name>
         <uninitialized>true</uninitialized>
         <run_address>0x300a</run_address>
         <size>0x4</size>
      </object_component>
      <object_component id="oc-1e4">
         <name>.common:OSTCBPrioTbl</name>
         <uninitialized>true</uninitialized>
         <run_address>0x2e10</run_address>
         <size>0x80</size>
      </object_component>
      <object_component id="oc-2a2">
         <name>.common:OSTCBTbl</name>
         <uninitialized>true</uninitialized>
         <run_address>0x2400</run_address>
         <size>0x408</size>
      </object_component>
      <object_component id="oc-1d7">
         <name>.common:OSTickStepState</name>
         <uninitialized>true</uninitialized>
         <run_address>0x303a</run_address>
         <size>0x1</size>
      </object_component>
      <object_component id="oc-2bb">
         <name>.common:OSMemFreeList</name>
         <uninitialized>true</uninitialized>
         <run_address>0x2ff2</run_address>
         <size>0x4</size>
      </object_component>
      <object_component id="oc-2b9">
         <name>.common:OSMemTbl</name>
         <uninitialized>true</uninitialized>
         <run_address>0x2e90</run_address>
         <size>0x78</size>
      </object_component>
      <object_component id="oc-2bf">
         <name>.common:OSQFreeList</name>
         <uninitialized>true</uninitialized>
         <run_address>0x2ff6</run_address>
         <size>0x4</size>
      </object_component>
      <object_component id="oc-2be">
         <name>.common:OSQTbl</name>
         <uninitialized>true</uninitialized>
         <run_address>0x2f08</run_address>
         <size>0x60</size>
      </object_component>
      <object_component id="oc-29f">
         <name>.common:OSTaskRegNextAvailID</name>
         <uninitialized>true</uninitialized>
         <run_address>0x3039</run_address>
         <size>0x1</size>
      </object_component>
      <object_component id="oc-1d5">
         <name>.common:OSTime</name>
         <uninitialized>true</uninitialized>
         <run_address>0x300e</run_address>
         <size>0x4</size>
      </object_component>
      <object_component id="oc-2dd">
         <name>.common:OSTmrFree</name>
         <uninitialized>true</uninitialized>
         <run_address>0x302a</run_address>
         <size>0x2</size>
      </object_component>
      <object_component id="oc-2dc">
         <name>.common:OSTmrUsed</name>
         <uninitialized>true</uninitialized>
         <run_address>0x302c</run_address>
         <size>0x2</size>
      </object_component>
      <object_component id="oc-2db">
         <name>.common:OSTmrTime</name>
         <uninitialized>true</uninitialized>
         <run_address>0x301e</run_address>
         <size>0x4</size>
      </object_component>
      <object_component id="oc-2e5">
         <name>.common:OSTmrSem</name>
         <uninitialized>true</uninitialized>
         <run_address>0x3016</run_address>
         <size>0x4</size>
      </object_component>
      <object_component id="oc-2e6">
         <name>.common:OSTmrSemSignal</name>
         <uninitialized>true</uninitialized>
         <run_address>0x301a</run_address>
         <size>0x4</size>
      </object_component>
      <object_component id="oc-2d8">
         <name>.common:OSTmrTbl</name>
         <uninitialized>true</uninitialized>
         <run_address>0x2cbc</run_address>
         <size>0xb4</size>
      </object_component>
      <object_component id="oc-2de">
         <name>.common:OSTmrFreeList</name>
         <uninitialized>true</uninitialized>
         <run_address>0x3012</run_address>
         <size>0x4</size>
      </object_component>
      <object_component id="oc-374">
         <name>.common:OSTmrTaskStk</name>
         <uninitialized>true</uninitialized>
         <run_address>0x2b08</run_address>
         <size>0x100</size>
      </object_component>
      <object_component id="oc-2d9">
         <name>.common:OSTmrWheelTbl</name>
         <uninitialized>true</uninitialized>
         <run_address>0x2fa4</run_address>
         <size>0x2a</size>
      </object_component>
      <object_component id="oc-15e">
         <name>.common:OSISRStkPtr</name>
         <uninitialized>true</uninitialized>
         <run_address>0x2fe2</run_address>
         <size>0x4</size>
      </object_component>
      <object_component id="oc-190">
         <name>.common:AppTaskStartStk</name>
         <uninitialized>true</uninitialized>
         <run_address>0x2808</run_address>
         <size>0x100</size>
      </object_component>
      <object_component id="oc-508">
         <name>.common:__TI_tmpnams</name>
         <uninitialized>true</uninitialized>
         <run_address>0x2d70</run_address>
         <size>0xa0</size>
      </object_component>
      <object_component id="oc-513">
         <name>.common:parmbuf</name>
         <uninitialized>true</uninitialized>
         <run_address>0x2fce</run_address>
         <size>0x8</size>
      </object_component>
      <object_component id="oc-4b3">
         <name>.common:sys_free</name>
         <uninitialized>true</uninitialized>
         <run_address>0x3026</run_address>
         <size>0x4</size>
      </object_component>
      <object_component id="oc-500">
         <name>.common:sys_base</name>
         <uninitialized>true</uninitialized>
         <run_address>0x3022</run_address>
         <size>0x4</size>
      </object_component>
      <object_component id="oc-4ff">
         <name>.common:memsize</name>
         <uninitialized>true</uninitialized>
         <run_address>0x302e</run_address>
         <size>0x2</size>
      </object_component>
      <object_component id="oc-db">
         <name>.sysmem</name>
         <uninitialized>true</uninitialized>
         <run_address>0x32ec</run_address>
         <size>0x6</size>
         <input_file_ref idref="fl-93"/>
      </object_component>
      <object_component id="oc-5e1">
         <name>.sysmem</name>
         <uninitialized>true</uninitialized>
         <run_address>0x32ec</run_address>
         <size>0x0</size>
      </object_component>
      <object_component id="oc-d7">
         <name>.stack</name>
         <uninitialized>true</uninitialized>
         <run_address>0xa360</run_address>
         <size>0x4</size>
         <input_file_ref idref="fl-4b"/>
      </object_component>
      <object_component id="oc-5e0">
         <name>.stack</name>
         <uninitialized>true</uninitialized>
         <run_address>0xa360</run_address>
         <size>0x0</size>
      </object_component>
      <object_component id="oc-272">
         <name>.text:OS_TCBInit</name>
         <load_address>0x10000</load_address>
         <run_address>0x10000</run_address>
         <size>0x168</size>
         <input_file_ref idref="fl-2"/>
      </object_component>
      <object_component id="oc-397">
         <name>.text:_setfield</name>
         <load_address>0x10168</load_address>
         <run_address>0x10168</run_address>
         <size>0x132</size>
         <input_file_ref idref="fl-7b"/>
      </object_component>
      <object_component id="oc-383">
         <name>.text:fputs</name>
         <load_address>0x1029a</load_address>
         <run_address>0x1029a</run_address>
         <size>0xf0</size>
         <input_file_ref idref="fl-81"/>
      </object_component>
      <object_component id="oc-26c">
         <name>.text:OSTaskStkInit</name>
         <load_address>0x1038a</load_address>
         <run_address>0x1038a</run_address>
         <size>0xee</size>
         <input_file_ref idref="fl-d"/>
      </object_component>
      <object_component id="oc-244">
         <name>.text:OSTmr_Init</name>
         <load_address>0x10478</load_address>
         <run_address>0x10478</run_address>
         <size>0xe8</size>
         <input_file_ref idref="fl-b"/>
      </object_component>
      <object_component id="oc-3ca">
         <name>.text:OSSemPend</name>
         <load_address>0x10560</load_address>
         <run_address>0x10560</run_address>
         <size>0xe0</size>
         <input_file_ref idref="fl-8"/>
      </object_component>
      <object_component id="oc-43d">
         <name>.text:setvbuf</name>
         <load_address>0x10640</load_address>
         <run_address>0x10640</run_address>
         <size>0xe0</size>
         <input_file_ref idref="fl-90"/>
      </object_component>
      <object_component id="oc-2c9">
         <name>.text:OSTaskCreateExt</name>
         <load_address>0x10720</load_address>
         <run_address>0x10720</run_address>
         <size>0xd8</size>
         <input_file_ref idref="fl-9"/>
      </object_component>
      <object_component id="oc-30d">
         <name>.text:__TI_printfi_minimal</name>
         <load_address>0x107f8</load_address>
         <run_address>0x107f8</run_address>
         <size>0xd2</size>
         <input_file_ref idref="fl-7b"/>
      </object_component>
      <object_component id="oc-2d1">
         <name>.text:OS_TaskStat</name>
         <load_address>0x108ca</load_address>
         <run_address>0x108ca</run_address>
         <size>0xbc</size>
         <input_file_ref idref="fl-2"/>
      </object_component>
      <object_component id="oc-265">
         <name>.text:OSTimeDlyHMSM</name>
         <load_address>0x10986</load_address>
         <run_address>0x10986</run_address>
         <size>0xba</size>
         <input_file_ref idref="fl-a"/>
      </object_component>
      <object_component id="oc-47a">
         <name>.text:malloc</name>
         <load_address>0x10a40</load_address>
         <run_address>0x10a40</run_address>
         <size>0xba</size>
         <input_file_ref idref="fl-93"/>
      </object_component>
      <object_component id="oc-161">
         <name>.text:OSTimeTick</name>
         <load_address>0x10afa</load_address>
         <run_address>0x10afa</run_address>
         <size>0xb2</size>
         <input_file_ref idref="fl-2"/>
      </object_component>
      <object_component id="oc-3c0">
         <name>.text:OSTaskStkChk</name>
         <load_address>0x10bac</load_address>
         <run_address>0x10bac</run_address>
         <size>0xae</size>
         <input_file_ref idref="fl-9"/>
      </object_component>
      <object_component id="oc-3dc">
         <name>.text:OSTmr_Link</name>
         <load_address>0x10c5a</load_address>
         <run_address>0x10c5a</run_address>
         <size>0xae</size>
         <input_file_ref idref="fl-b"/>
      </object_component>
      <object_component id="oc-199">
         <name>.text:OSTaskCreate</name>
         <load_address>0x10d08</load_address>
         <run_address>0x10d08</run_address>
         <size>0xa8</size>
         <input_file_ref idref="fl-9"/>
      </object_component>
      <object_component id="oc-4e3">
         <name>.text:HOSTlseek</name>
         <load_address>0x10db0</load_address>
         <run_address>0x10db0</run_address>
         <size>0x9e</size>
         <input_file_ref idref="fl-8a"/>
      </object_component>
      <object_component id="oc-357">
         <name>.text:OSTaskSuspend</name>
         <load_address>0x10e4e</load_address>
         <run_address>0x10e4e</run_address>
         <size>0x9a</size>
         <input_file_ref idref="fl-9"/>
      </object_component>
      <object_component id="oc-21a">
         <name>.text:OS_InitTCBList</name>
         <load_address>0x10ee8</load_address>
         <run_address>0x10ee8</run_address>
         <size>0x96</size>
         <input_file_ref idref="fl-2"/>
      </object_component>
      <object_component id="oc-375">
         <name>.text:OSTmr_Task</name>
         <load_address>0x10f7e</load_address>
         <run_address>0x10f7e</run_address>
         <size>0x94</size>
         <input_file_ref idref="fl-b"/>
      </object_component>
      <object_component id="oc-38a">
         <name>.text:fputc</name>
         <load_address>0x11012</load_address>
         <run_address>0x11012</run_address>
         <size>0x90</size>
         <input_file_ref idref="fl-80"/>
      </object_component>
      <object_component id="oc-474">
         <name>.text:free</name>
         <load_address>0x110a2</load_address>
         <run_address>0x110a2</run_address>
         <size>0x8e</size>
         <input_file_ref idref="fl-93"/>
      </object_component>
      <object_component id="oc-220">
         <name>.text:OS_InitEventList</name>
         <load_address>0x11130</load_address>
         <run_address>0x11130</run_address>
         <size>0x8c</size>
         <input_file_ref idref="fl-2"/>
      </object_component>
      <object_component id="oc-226">
         <name>.text:OS_FlagInit</name>
         <load_address>0x111bc</load_address>
         <run_address>0x111bc</run_address>
         <size>0x88</size>
         <input_file_ref idref="fl-3"/>
      </object_component>
      <object_component id="oc-1a0">
         <name>.text:OSTaskNameSet</name>
         <load_address>0x11244</load_address>
         <run_address>0x11244</run_address>
         <size>0x80</size>
         <input_file_ref idref="fl-9"/>
      </object_component>
      <object_component id="oc-3eb">
         <name>.text:__TI_wrt_ok</name>
         <load_address>0x112c4</load_address>
         <run_address>0x112c4</run_address>
         <size>0x7e</size>
         <input_file_ref idref="fl-8c"/>
      </object_component>
      <object_component id="oc-22c">
         <name>.text:OS_MemInit</name>
         <load_address>0x11342</load_address>
         <run_address>0x11342</run_address>
         <size>0x7a</size>
         <input_file_ref idref="fl-5"/>
      </object_component>
      <object_component id="oc-1d0">
         <name>.text</name>
         <load_address>0x113bc</load_address>
         <run_address>0x113bc</run_address>
         <size>0x76</size>
         <input_file_ref idref="fl-c"/>
      </object_component>
      <object_component id="oc-4ef">
         <name>.text:HOSTrename</name>
         <load_address>0x11432</load_address>
         <run_address>0x11432</run_address>
         <size>0x74</size>
         <input_file_ref idref="fl-8a"/>
      </object_component>
      <object_component id="oc-232">
         <name>.text:OS_QInit</name>
         <load_address>0x114a6</load_address>
         <run_address>0x114a6</run_address>
         <size>0x74</size>
         <input_file_ref idref="fl-7"/>
      </object_component>
      <object_component id="oc-4bf">
         <name>.text:__TI_closefile</name>
         <load_address>0x1151a</load_address>
         <run_address>0x1151a</run_address>
         <size>0x70</size>
         <input_file_ref idref="fl-94"/>
      </object_component>
      <object_component id="oc-4cb">
         <name>.text:HOSTopen</name>
         <load_address>0x1158a</load_address>
         <run_address>0x1158a</run_address>
         <size>0x6e</size>
         <input_file_ref idref="fl-8a"/>
      </object_component>
      <object_component id="oc-3d6">
         <name>.text:OSTmr_Unlink</name>
         <load_address>0x115f8</load_address>
         <run_address>0x115f8</run_address>
         <size>0x6e</size>
         <input_file_ref idref="fl-b"/>
      </object_component>
      <object_component id="oc-10f">
         <name>.text:_auto_init_hold_wdt</name>
         <load_address>0x11666</load_address>
         <run_address>0x11666</run_address>
         <size>0x6c</size>
         <input_file_ref idref="fl-7d"/>
      </object_component>
      <object_component id="oc-4dd">
         <name>.text:HOSTwrite</name>
         <load_address>0x116d2</load_address>
         <run_address>0x116d2</run_address>
         <size>0x6a</size>
         <input_file_ref idref="fl-8a"/>
      </object_component>
      <object_component id="oc-437">
         <name>.text:fseek</name>
         <load_address>0x1173c</load_address>
         <run_address>0x1173c</run_address>
         <size>0x6a</size>
         <input_file_ref idref="fl-8f"/>
      </object_component>
      <object_component id="oc-4d7">
         <name>.text:HOSTread</name>
         <load_address>0x117a6</load_address>
         <run_address>0x117a6</run_address>
         <size>0x68</size>
         <input_file_ref idref="fl-8a"/>
      </object_component>
      <object_component id="oc-eb">
         <name>.text:__TI_decompress_rle_core</name>
         <load_address>0x1180e</load_address>
         <run_address>0x1180e</run_address>
         <size>0x68</size>
         <input_file_ref idref="fl-4e"/>
      </object_component>
      <object_component id="oc-3f7">
         <name>.text:__TI_doflush</name>
         <load_address>0x11876</load_address>
         <run_address>0x11876</run_address>
         <size>0x64</size>
         <input_file_ref idref="fl-8e"/>
      </object_component>
      <object_component id="oc-167">
         <name>.text:OSIntExit</name>
         <load_address>0x118da</load_address>
         <run_address>0x118da</run_address>
         <size>0x60</size>
         <input_file_ref idref="fl-2"/>
      </object_component>
      <object_component id="oc-363">
         <name>.text:OS_TaskStatStkChk</name>
         <load_address>0x1193a</load_address>
         <run_address>0x1193a</run_address>
         <size>0x5c</size>
         <input_file_ref idref="fl-2"/>
      </object_component>
      <object_component id="oc-45c">
         <name>.text:_ltostr</name>
         <load_address>0x11996</load_address>
         <run_address>0x11996</run_address>
         <size>0x5a</size>
         <input_file_ref idref="fl-7b"/>
      </object_component>
      <object_component id="oc-502">
         <name>.text:close</name>
         <load_address>0x119f0</load_address>
         <run_address>0x119f0</run_address>
         <size>0x5a</size>
         <input_file_ref idref="fl-82"/>
      </object_component>
      <object_component id="oc-536">
         <name>.text:getdevice</name>
         <load_address>0x11a4a</load_address>
         <run_address>0x11a4a</run_address>
         <size>0x5a</size>
         <input_file_ref idref="fl-82"/>
      </object_component>
      <object_component id="oc-31a">
         <name>.text</name>
         <load_address>0x11aa4</load_address>
         <run_address>0x11aa4</run_address>
         <size>0x58</size>
         <input_file_ref idref="fl-50"/>
      </object_component>
      <object_component id="oc-2df">
         <name>.text:OSSemCreate</name>
         <load_address>0x11afc</load_address>
         <run_address>0x11afc</run_address>
         <size>0x52</size>
         <input_file_ref idref="fl-8"/>
      </object_component>
      <object_component id="oc-2f7">
         <name>.text:OSTimeDly</name>
         <load_address>0x11b4e</load_address>
         <run_address>0x11b4e</run_address>
         <size>0x50</size>
         <input_file_ref idref="fl-a"/>
      </object_component>
      <object_component id="oc-2ed">
         <name>.text:OSTmr_InitTask</name>
         <load_address>0x11b9e</load_address>
         <run_address>0x11b9e</run_address>
         <size>0x50</size>
         <input_file_ref idref="fl-b"/>
      </object_component>
      <object_component id="oc-23e">
         <name>.text:OS_InitTaskStat</name>
         <load_address>0x11bee</load_address>
         <run_address>0x11bee</run_address>
         <size>0x50</size>
         <input_file_ref idref="fl-2"/>
      </object_component>
      <object_component id="oc-278">
         <name>.text:OS_Sched</name>
         <load_address>0x11c3e</load_address>
         <run_address>0x11c3e</run_address>
         <size>0x50</size>
         <input_file_ref idref="fl-2"/>
      </object_component>
      <object_component id="oc-2e7">
         <name>.text:OSEventNameSet</name>
         <load_address>0x11c8e</load_address>
         <run_address>0x11c8e</run_address>
         <size>0x4e</size>
         <input_file_ref idref="fl-2"/>
      </object_component>
      <object_component id="oc-238">
         <name>.text:OS_InitTaskIdle</name>
         <load_address>0x11cdc</load_address>
         <run_address>0x11cdc</run_address>
         <size>0x4e</size>
         <input_file_ref idref="fl-2"/>
      </object_component>
      <object_component id="oc-4d1">
         <name>.text:HOSTclose</name>
         <load_address>0x11d2a</load_address>
         <run_address>0x11d2a</run_address>
         <size>0x4c</size>
         <input_file_ref idref="fl-8a"/>
      </object_component>
      <object_component id="oc-410">
         <name>.text:_pproc_diouxp</name>
         <load_address>0x11d76</load_address>
         <run_address>0x11d76</run_address>
         <size>0x4c</size>
         <input_file_ref idref="fl-7b"/>
      </object_component>
      <object_component id="oc-25f">
         <name>.text:printf</name>
         <load_address>0x11dc2</load_address>
         <run_address>0x11dc2</run_address>
         <size>0x4a</size>
         <input_file_ref idref="fl-79"/>
      </object_component>
      <object_component id="oc-39d">
         <name>.text:_pproc_str</name>
         <load_address>0x11e0c</load_address>
         <run_address>0x11e0c</run_address>
         <size>0x48</size>
         <input_file_ref idref="fl-7b"/>
      </object_component>
      <object_component id="oc-4e9">
         <name>.text:HOSTunlink</name>
         <load_address>0x11e54</load_address>
         <run_address>0x11e54</run_address>
         <size>0x46</size>
         <input_file_ref idref="fl-8a"/>
      </object_component>
      <object_component id="oc-426">
         <name>.text:OS_EventTaskWait</name>
         <load_address>0x11e9a</load_address>
         <run_address>0x11e9a</run_address>
         <size>0x46</size>
         <input_file_ref idref="fl-2"/>
      </object_component>
      <object_component id="oc-4b8">
         <name>.text:minit</name>
         <load_address>0x11ee0</load_address>
         <run_address>0x11ee0</run_address>
         <size>0x42</size>
         <input_file_ref idref="fl-93"/>
      </object_component>
      <object_component id="oc-456">
         <name>.text:_getarg_diouxp</name>
         <load_address>0x11f22</load_address>
         <run_address>0x11f22</run_address>
         <size>0x3e</size>
         <input_file_ref idref="fl-7b"/>
      </object_component>
      <object_component id="oc-526">
         <name>.text:l_lsl_const</name>
         <load_address>0x11f60</load_address>
         <run_address>0x11f60</run_address>
         <size>0x3e</size>
         <input_file_ref idref="fl-6c"/>
      </object_component>
      <object_component id="oc-320">
         <name>.text:l_lsr_const</name>
         <load_address>0x11f9e</load_address>
         <run_address>0x11f9e</run_address>
         <size>0x3e</size>
         <input_file_ref idref="fl-6d"/>
      </object_component>
      <object_component id="oc-46c">
         <name>.text:lseek</name>
         <load_address>0x11fdc</load_address>
         <run_address>0x11fdc</run_address>
         <size>0x3e</size>
         <input_file_ref idref="fl-82"/>
      </object_component>
      <object_component id="oc-129">
         <name>.text:main</name>
         <load_address>0x1201a</load_address>
         <run_address>0x1201a</run_address>
         <size>0x3c</size>
         <input_file_ref idref="fl-15"/>
      </object_component>
      <object_component id="oc-3fd">
         <name>.text:write</name>
         <load_address>0x12056</load_address>
         <run_address>0x12056</run_address>
         <size>0x3c</size>
         <input_file_ref idref="fl-82"/>
      </object_component>
      <object_component id="oc-259">
         <name>.text:OSStatInit</name>
         <load_address>0x12092</load_address>
         <run_address>0x12092</run_address>
         <size>0x3a</size>
         <input_file_ref idref="fl-2"/>
      </object_component>
      <object_component id="oc-3e2">
         <name>.text:OSSchedUnlock</name>
         <load_address>0x120cc</load_address>
         <run_address>0x120cc</run_address>
         <size>0x38</size>
         <input_file_ref idref="fl-2"/>
      </object_component>
      <object_component id="oc-20e">
         <name>.text:OS_InitMisc</name>
         <load_address>0x12104</load_address>
         <run_address>0x12104</run_address>
         <size>0x38</size>
         <input_file_ref idref="fl-2"/>
      </object_component>
      <object_component id="oc-480">
         <name>.text:__TI_cleanup</name>
         <load_address>0x1213c</load_address>
         <run_address>0x1213c</run_address>
         <size>0x36</size>
         <input_file_ref idref="fl-92"/>
      </object_component>
      <object_component id="oc-516">
         <name>.text:__TI_writemsg</name>
         <load_address>0x12172</load_address>
         <run_address>0x12172</run_address>
         <size>0x36</size>
         <input_file_ref idref="fl-8b"/>
      </object_component>
      <object_component id="oc-18a">
         <name>.text:OSInit</name>
         <load_address>0x121a8</load_address>
         <run_address>0x121a8</run_address>
         <size>0x32</size>
         <input_file_ref idref="fl-2"/>
      </object_component>
      <object_component id="oc-51c">
         <name>.text:__TI_readmsg</name>
         <load_address>0x121da</load_address>
         <run_address>0x121da</run_address>
         <size>0x32</size>
         <input_file_ref idref="fl-8b"/>
      </object_component>
      <object_component id="oc-550">
         <name>.text:strncpy</name>
         <load_address>0x1220c</load_address>
         <run_address>0x1220c</run_address>
         <size>0x32</size>
         <input_file_ref idref="fl-89"/>
      </object_component>
      <object_component id="oc-509">
         <name>.text:unlink</name>
         <load_address>0x1223e</load_address>
         <run_address>0x1223e</run_address>
         <size>0x30</size>
         <input_file_ref idref="fl-82"/>
      </object_component>
      <object_component id="oc-11b">
         <name>.text:exit</name>
         <load_address>0x1226e</load_address>
         <run_address>0x1226e</run_address>
         <size>0x2e</size>
         <input_file_ref idref="fl-51"/>
      </object_component>
      <object_component id="oc-556">
         <name>.text:finddevice</name>
         <load_address>0x1229c</load_address>
         <run_address>0x1229c</run_address>
         <size>0x2e</size>
         <input_file_ref idref="fl-82"/>
      </object_component>
      <object_component id="oc-1a6">
         <name>.text:OSStart</name>
         <load_address>0x122ca</load_address>
         <run_address>0x122ca</run_address>
         <size>0x2c</size>
         <input_file_ref idref="fl-2"/>
      </object_component>
      <object_component id="oc-42c">
         <name>.text:OS_EventTaskRemove</name>
         <load_address>0x122f6</load_address>
         <run_address>0x122f6</run_address>
         <size>0x2c</size>
         <input_file_ref idref="fl-2"/>
      </object_component>
      <object_component id="oc-214">
         <name>.text:OS_InitRdyList</name>
         <load_address>0x12322</load_address>
         <run_address>0x12322</run_address>
         <size>0x2c</size>
         <input_file_ref idref="fl-2"/>
      </object_component>
      <object_component id="oc-193">
         <name>.text:AppTaskStart</name>
         <load_address>0x1234e</load_address>
         <run_address>0x1234e</run_address>
         <size>0x28</size>
         <input_file_ref idref="fl-15"/>
      </object_component>
      <object_component id="oc-95">
         <name>.text:decompress:ZI:__TI_zero_init</name>
         <load_address>0x12376</load_address>
         <run_address>0x12376</run_address>
         <size>0x24</size>
         <input_file_ref idref="fl-4f"/>
      </object_component>
      <object_component id="oc-34f">
         <name>.text:OS_TaskStkClr</name>
         <load_address>0x1239a</load_address>
         <run_address>0x1239a</run_address>
         <size>0x22</size>
         <input_file_ref idref="fl-9"/>
      </object_component>
      <object_component id="oc-315">
         <name>.text</name>
         <load_address>0x123bc</load_address>
         <run_address>0x123bc</run_address>
         <size>0x22</size>
         <input_file_ref idref="fl-76"/>
      </object_component>
      <object_component id="oc-3d0">
         <name>.text:OSSchedLock</name>
         <load_address>0x123de</load_address>
         <run_address>0x123de</run_address>
         <size>0x20</size>
         <input_file_ref idref="fl-2"/>
      </object_component>
      <object_component id="oc-1dd">
         <name>.text:OS_SchedNew</name>
         <load_address>0x123fe</load_address>
         <run_address>0x123fe</run_address>
         <size>0x20</size>
         <input_file_ref idref="fl-2"/>
      </object_component>
      <object_component id="oc-416">
         <name>.text:memccpy</name>
         <load_address>0x1241e</load_address>
         <run_address>0x1241e</run_address>
         <size>0x1e</size>
         <input_file_ref idref="fl-83"/>
      </object_component>
      <object_component id="oc-54a">
         <name>.text:strchr</name>
         <load_address>0x1243c</load_address>
         <run_address>0x1243c</run_address>
         <size>0x1c</size>
         <input_file_ref idref="fl-86"/>
      </object_component>
      <object_component id="oc-567">
         <name>.text:strcmp</name>
         <load_address>0x12458</load_address>
         <run_address>0x12458</run_address>
         <size>0x1c</size>
         <input_file_ref idref="fl-87"/>
      </object_component>
      <object_component id="oc-36b">
         <name>.text:OS_EventWaitListInit</name>
         <load_address>0x12474</load_address>
         <run_address>0x12474</run_address>
         <size>0x1a</size>
         <input_file_ref idref="fl-2"/>
      </object_component>
      <object_component id="oc-4a7">
         <name>.text:_div</name>
         <load_address>0x1248e</load_address>
         <run_address>0x1248e</run_address>
         <size>0x1a</size>
         <input_file_ref idref="fl-7b"/>
      </object_component>
      <object_component id="oc-2c3">
         <name>.text:OS_TaskIdle</name>
         <load_address>0x124a8</load_address>
         <run_address>0x124a8</run_address>
         <size>0x18</size>
         <input_file_ref idref="fl-2"/>
      </object_component>
      <object_component id="oc-3f1">
         <name>.text:memchr</name>
         <load_address>0x124c0</load_address>
         <run_address>0x124c0</run_address>
         <size>0x16</size>
         <input_file_ref idref="fl-84"/>
      </object_component>
      <object_component id="oc-409">
         <name>.text:memset</name>
         <load_address>0x124d6</load_address>
         <run_address>0x124d6</run_address>
         <size>0x16</size>
         <input_file_ref idref="fl-85"/>
      </object_component>
      <object_component id="oc-4f7">
         <name>.text</name>
         <load_address>0x124ec</load_address>
         <run_address>0x124ec</run_address>
         <size>0x16</size>
         <input_file_ref idref="fl-7f"/>
      </object_component>
      <object_component id="oc-2a9">
         <name>.text</name>
         <load_address>0x12502</load_address>
         <run_address>0x12502</run_address>
         <size>0x16</size>
         <input_file_ref idref="fl-73"/>
      </object_component>
      <object_component id="oc-de">
         <name>.text:memcpy</name>
         <load_address>0x12518</load_address>
         <run_address>0x12518</run_address>
         <size>0x14</size>
         <input_file_ref idref="fl-6f"/>
      </object_component>
      <object_component id="oc-2a3">
         <name>.text:OS_MemClr</name>
         <load_address>0x1252c</load_address>
         <run_address>0x1252c</run_address>
         <size>0x12</size>
         <input_file_ref idref="fl-2"/>
      </object_component>
      <object_component id="oc-6f">
         <name>.text:decompress:none:__TI_decompress_none</name>
         <load_address>0x1253e</load_address>
         <run_address>0x1253e</run_address>
         <size>0x12</size>
         <input_file_ref idref="fl-4d"/>
      </object_component>
      <object_component id="oc-52d">
         <name>.text:strcpy</name>
         <load_address>0x12550</load_address>
         <run_address>0x12550</run_address>
         <size>0x12</size>
         <input_file_ref idref="fl-91"/>
      </object_component>
      <object_component id="oc-326">
         <name>.text:l_lsl</name>
         <load_address>0x12562</load_address>
         <run_address>0x12562</run_address>
         <size>0x10</size>
         <input_file_ref idref="fl-6c"/>
      </object_component>
      <object_component id="oc-391">
         <name>.text:strlen</name>
         <load_address>0x12572</load_address>
         <run_address>0x12572</run_address>
         <size>0xe</size>
         <input_file_ref idref="fl-88"/>
      </object_component>
      <object_component id="oc-253">
         <name>.text:BSP_OSTickInit</name>
         <load_address>0x12580</load_address>
         <run_address>0x12580</run_address>
         <size>0xc</size>
         <input_file_ref idref="fl-14"/>
      </object_component>
      <object_component id="oc-307">
         <name>.text:_outc</name>
         <load_address>0x1258c</load_address>
         <run_address>0x1258c</run_address>
         <size>0x6</size>
         <input_file_ref idref="fl-79"/>
      </object_component>
      <object_component id="oc-75">
         <name>.text:decompress:rle24:__TI_decompress_rle24</name>
         <load_address>0x12592</load_address>
         <run_address>0x12592</run_address>
         <size>0x6</size>
         <input_file_ref idref="fl-4e"/>
      </object_component>
      <object_component id="oc-301">
         <name>.text:_outs</name>
         <load_address>0x12598</load_address>
         <run_address>0x12598</run_address>
         <size>0x4</size>
         <input_file_ref idref="fl-79"/>
      </object_component>
      <object_component id="oc-109">
         <name>.text:_system_pre_init</name>
         <load_address>0x1259c</load_address>
         <run_address>0x1259c</run_address>
         <size>0x4</size>
         <input_file_ref idref="fl-78"/>
      </object_component>
      <object_component id="oc-131">
         <name>.text:abort</name>
         <load_address>0x125a0</load_address>
         <run_address>0x125a0</run_address>
         <size>0x4</size>
         <input_file_ref idref="fl-51"/>
      </object_component>
      <object_component id="oc-208">
         <name>.text:OSInitHookBegin</name>
         <load_address>0x125a4</load_address>
         <run_address>0x125a4</run_address>
         <size>0x2</size>
         <input_file_ref idref="fl-d"/>
      </object_component>
      <object_component id="oc-24a">
         <name>.text:OSInitHookEnd</name>
         <load_address>0x125a6</load_address>
         <run_address>0x125a6</run_address>
         <size>0x2</size>
         <input_file_ref idref="fl-d"/>
      </object_component>
      <object_component id="oc-32b">
         <name>.text:OSTCBInitHook</name>
         <load_address>0x125a8</load_address>
         <run_address>0x125a8</run_address>
         <size>0x2</size>
         <input_file_ref idref="fl-d"/>
      </object_component>
      <object_component id="oc-331">
         <name>.text:OSTaskCreateHook</name>
         <load_address>0x125aa</load_address>
         <run_address>0x125aa</run_address>
         <size>0x2</size>
         <input_file_ref idref="fl-d"/>
      </object_component>
      <object_component id="oc-348">
         <name>.text:OSTaskIdleHook</name>
         <load_address>0x125ac</load_address>
         <run_address>0x125ac</run_address>
         <size>0x2</size>
         <input_file_ref idref="fl-d"/>
      </object_component>
      <object_component id="oc-35d">
         <name>.text:OSTaskStatHook</name>
         <load_address>0x125ae</load_address>
         <run_address>0x125ae</run_address>
         <size>0x2</size>
         <input_file_ref idref="fl-d"/>
      </object_component>
      <object_component id="oc-289">
         <name>.text:OSTaskSwHook</name>
         <load_address>0x125b0</load_address>
         <run_address>0x125b0</run_address>
         <size>0x2</size>
         <input_file_ref idref="fl-d"/>
      </object_component>
      <object_component id="oc-1ca">
         <name>.text:OSTimeTickHook</name>
         <load_address>0x125b2</load_address>
         <run_address>0x125b2</run_address>
         <size>0x2</size>
         <input_file_ref idref="fl-d"/>
      </object_component>
      <object_component id="oc-1f6">
         <name>.text:_nop</name>
         <load_address>0x125b4</load_address>
         <run_address>0x125b4</run_address>
         <size>0x2</size>
         <input_file_ref idref="fl-7a"/>
      </object_component>
      <object_component id="oc-fd">
         <name>.text:_isr</name>
         <load_address>0xa400</load_address>
         <run_address>0xa400</run_address>
         <size>0x42</size>
         <input_file_ref idref="fl-c"/>
      </object_component>
      <object_component id="oc-a7">
         <name>.text:_isr:_c_int00_noargs</name>
         <load_address>0xa442</load_address>
         <run_address>0xa442</run_address>
         <size>0x1c</size>
         <input_file_ref idref="fl-4c"/>
      </object_component>
      <object_component id="oc-f8">
         <name>.text:_isr:__TI_ISR_TRAP</name>
         <load_address>0xa45e</load_address>
         <run_address>0xa45e</run_address>
         <size>0x6</size>
         <input_file_ref idref="fl-6b"/>
      </object_component>
      <object_component id="oc-5de">
         <name>.cinit..data.load</name>
         <load_address>0xa5ea</load_address>
         <run_address>0xa5ea</run_address>
         <size>0x58</size>
      </object_component>
      <object_component id="oc-5db">
         <name>__TI_handler_table</name>
         <load_address>0xa642</load_address>
         <run_address>0xa642</run_address>
         <size>0xc</size>
      </object_component>
      <object_component id="oc-5dd">
         <name>.cinit..bss.load</name>
         <load_address>0xa64e</load_address>
         <run_address>0xa64e</run_address>
         <size>0x6</size>
      </object_component>
      <object_component id="oc-5df">
         <name>.cinit..cio.load</name>
         <load_address>0xa654</load_address>
         <run_address>0xa654</run_address>
         <size>0x6</size>
      </object_component>
      <object_component id="oc-5dc">
         <name>__TI_cinit_table</name>
         <load_address>0xa65a</load_address>
         <run_address>0xa65a</run_address>
         <size>0x18</size>
      </object_component>
      <object_component id="oc-290">
         <name>.const:.string:OSUnMapTbl</name>
         <load_address>0xa464</load_address>
         <run_address>0xa464</run_address>
         <size>0x100</size>
         <input_file_ref idref="fl-2"/>
      </object_component>
      <object_component id="oc-2da">
         <name>.const:.string</name>
         <load_address>0xa564</load_address>
         <run_address>0xa564</run_address>
         <size>0x36</size>
         <input_file_ref idref="fl-b"/>
      </object_component>
      <object_component id="oc-2ae">
         <name>.const:.string</name>
         <load_address>0xa59a</load_address>
         <run_address>0xa59a</run_address>
         <size>0x1e</size>
         <input_file_ref idref="fl-2"/>
      </object_component>
      <object_component id="oc-19f">
         <name>.const:.string</name>
         <load_address>0xa5b8</load_address>
         <run_address>0xa5b8</run_address>
         <size>0x18</size>
         <input_file_ref idref="fl-15"/>
      </object_component>
      <object_component id="oc-40f">
         <name>.const:.string</name>
         <load_address>0xa5d0</load_address>
         <run_address>0xa5d0</run_address>
         <size>0x14</size>
         <input_file_ref idref="fl-7b"/>
      </object_component>
      <object_component id="oc-2b5">
         <name>.const:.string</name>
         <load_address>0xa5e4</load_address>
         <run_address>0xa5e4</run_address>
         <size>0x2</size>
         <input_file_ref idref="fl-3"/>
      </object_component>
      <object_component id="oc-2ba">
         <name>.const:.string</name>
         <load_address>0xa5e6</load_address>
         <run_address>0xa5e6</run_address>
         <size>0x2</size>
         <input_file_ref idref="fl-5"/>
      </object_component>
      <object_component id="oc-36a">
         <name>.const:.string</name>
         <load_address>0xa5e8</load_address>
         <run_address>0xa5e8</run_address>
         <size>0x2</size>
         <input_file_ref idref="fl-8"/>
      </object_component>
      <object_component id="oc-541">
         <name>.cio</name>
         <uninitialized>true</uninitialized>
         <run_address>0x31cc</run_address>
         <size>0x120</size>
         <input_file_ref idref="fl-8b"/>
      </object_component>
      <object_component id="oc-7b">
         <name>.int36</name>
         <load_address>0xffc8</load_address>
         <run_address>0xffc8</run_address>
         <size>0x2</size>
         <input_file_ref idref="fl-52"/>
      </object_component>
      <object_component id="oc-7c">
         <name>.int37</name>
         <load_address>0xffca</load_address>
         <run_address>0xffca</run_address>
         <size>0x2</size>
         <input_file_ref idref="fl-53"/>
      </object_component>
      <object_component id="oc-7d">
         <name>.int38</name>
         <load_address>0xffcc</load_address>
         <run_address>0xffcc</run_address>
         <size>0x2</size>
         <input_file_ref idref="fl-54"/>
      </object_component>
      <object_component id="oc-7e">
         <name>.int39</name>
         <load_address>0xffce</load_address>
         <run_address>0xffce</run_address>
         <size>0x2</size>
         <input_file_ref idref="fl-55"/>
      </object_component>
      <object_component id="oc-7f">
         <name>.int40</name>
         <load_address>0xffd0</load_address>
         <run_address>0xffd0</run_address>
         <size>0x2</size>
         <input_file_ref idref="fl-56"/>
      </object_component>
      <object_component id="oc-80">
         <name>.int41</name>
         <load_address>0xffd2</load_address>
         <run_address>0xffd2</run_address>
         <size>0x2</size>
         <input_file_ref idref="fl-57"/>
      </object_component>
      <object_component id="oc-81">
         <name>.int42</name>
         <load_address>0xffd4</load_address>
         <run_address>0xffd4</run_address>
         <size>0x2</size>
         <input_file_ref idref="fl-58"/>
      </object_component>
      <object_component id="oc-82">
         <name>.int43</name>
         <load_address>0xffd6</load_address>
         <run_address>0xffd6</run_address>
         <size>0x2</size>
         <input_file_ref idref="fl-59"/>
      </object_component>
      <object_component id="oc-83">
         <name>.int44</name>
         <load_address>0xffd8</load_address>
         <run_address>0xffd8</run_address>
         <size>0x2</size>
         <input_file_ref idref="fl-5a"/>
      </object_component>
      <object_component id="oc-84">
         <name>.int45</name>
         <load_address>0xffda</load_address>
         <run_address>0xffda</run_address>
         <size>0x2</size>
         <input_file_ref idref="fl-5b"/>
      </object_component>
      <object_component id="oc-85">
         <name>.int46</name>
         <load_address>0xffdc</load_address>
         <run_address>0xffdc</run_address>
         <size>0x2</size>
         <input_file_ref idref="fl-5c"/>
      </object_component>
      <object_component id="oc-86">
         <name>.int47</name>
         <load_address>0xffde</load_address>
         <run_address>0xffde</run_address>
         <size>0x2</size>
         <input_file_ref idref="fl-5d"/>
      </object_component>
      <object_component id="oc-87">
         <name>.int48</name>
         <load_address>0xffe0</load_address>
         <run_address>0xffe0</run_address>
         <size>0x2</size>
         <input_file_ref idref="fl-5e"/>
      </object_component>
      <object_component id="oc-88">
         <name>.int50</name>
         <load_address>0xffe4</load_address>
         <run_address>0xffe4</run_address>
         <size>0x2</size>
         <input_file_ref idref="fl-5f"/>
      </object_component>
      <object_component id="oc-89">
         <name>.int51</name>
         <load_address>0xffe6</load_address>
         <run_address>0xffe6</run_address>
         <size>0x2</size>
         <input_file_ref idref="fl-60"/>
      </object_component>
      <object_component id="oc-8a">
         <name>.int52</name>
         <load_address>0xffe8</load_address>
         <run_address>0xffe8</run_address>
         <size>0x2</size>
         <input_file_ref idref="fl-61"/>
      </object_component>
      <object_component id="oc-8b">
         <name>.int53</name>
         <load_address>0xffea</load_address>
         <run_address>0xffea</run_address>
         <size>0x2</size>
         <input_file_ref idref="fl-62"/>
      </object_component>
      <object_component id="oc-8c">
         <name>.int54</name>
         <load_address>0xffec</load_address>
         <run_address>0xffec</run_address>
         <size>0x2</size>
         <input_file_ref idref="fl-63"/>
      </object_component>
      <object_component id="oc-8d">
         <name>.int55</name>
         <load_address>0xffee</load_address>
         <run_address>0xffee</run_address>
         <size>0x2</size>
         <input_file_ref idref="fl-64"/>
      </object_component>
      <object_component id="oc-8e">
         <name>.int56</name>
         <load_address>0xfff0</load_address>
         <run_address>0xfff0</run_address>
         <size>0x2</size>
         <input_file_ref idref="fl-65"/>
      </object_component>
      <object_component id="oc-8f">
         <name>.int57</name>
         <load_address>0xfff2</load_address>
         <run_address>0xfff2</run_address>
         <size>0x2</size>
         <input_file_ref idref="fl-c"/>
      </object_component>
      <object_component id="oc-90">
         <name>.int58</name>
         <load_address>0xfff4</load_address>
         <run_address>0xfff4</run_address>
         <size>0x2</size>
         <input_file_ref idref="fl-66"/>
      </object_component>
      <object_component id="oc-91">
         <name>.int59</name>
         <load_address>0xfff6</load_address>
         <run_address>0xfff6</run_address>
         <size>0x2</size>
         <input_file_ref idref="fl-67"/>
      </object_component>
      <object_component id="oc-92">
         <name>.int60</name>
         <load_address>0xfff8</load_address>
         <run_address>0xfff8</run_address>
         <size>0x2</size>
         <input_file_ref idref="fl-68"/>
      </object_component>
      <object_component id="oc-93">
         <name>.int61</name>
         <load_address>0xfffa</load_address>
         <run_address>0xfffa</run_address>
         <size>0x2</size>
         <input_file_ref idref="fl-69"/>
      </object_component>
      <object_component id="oc-94">
         <name>.int62</name>
         <load_address>0xfffc</load_address>
         <run_address>0xfffc</run_address>
         <size>0x2</size>
         <input_file_ref idref="fl-6a"/>
      </object_component>
      <object_component id="oc-da">
         <name>.reset</name>
         <load_address>0xfffe</load_address>
         <run_address>0xfffe</run_address>
         <size>0x2</size>
         <input_file_ref idref="fl-4b"/>
      </object_component>
      <object_component id="oc-181">
         <name>.data:__TI_cleanup_ptr</name>
         <load_address>0x31b8</load_address>
         <run_address>0x31b8</run_address>
         <size>0x4</size>
         <input_file_ref idref="fl-4b"/>
      </object_component>
      <object_component id="oc-17e">
         <name>.data:__TI_dtors_ptr</name>
         <load_address>0x31bc</load_address>
         <run_address>0x31bc</run_address>
         <size>0x4</size>
         <input_file_ref idref="fl-4b"/>
      </object_component>
      <object_component id="oc-17b">
         <name>.data:_lock</name>
         <load_address>0x31c0</load_address>
         <run_address>0x31c0</run_address>
         <size>0x4</size>
         <input_file_ref idref="fl-7a"/>
      </object_component>
      <object_component id="oc-184">
         <name>.data:_unlock</name>
         <load_address>0x31c4</load_address>
         <run_address>0x31c4</run_address>
         <size>0x4</size>
         <input_file_ref idref="fl-7a"/>
      </object_component>
      <object_component id="oc-2fe">
         <name>.data:_ftable</name>
         <load_address>0x303c</load_address>
         <run_address>0x303c</run_address>
         <size>0xc8</size>
         <input_file_ref idref="fl-7e"/>
      </object_component>
      <object_component id="oc-4c5">
         <name>.data</name>
         <load_address>0x31c8</load_address>
         <run_address>0x31c8</run_address>
         <size>0x2</size>
         <input_file_ref idref="fl-7e"/>
      </object_component>
      <object_component id="oc-493">
         <name>.data:_device</name>
         <load_address>0x3104</load_address>
         <run_address>0x3104</run_address>
         <size>0x78</size>
         <input_file_ref idref="fl-82"/>
      </object_component>
      <object_component id="oc-449">
         <name>.data:_stream</name>
         <load_address>0x317c</load_address>
         <run_address>0x317c</run_address>
         <size>0x3c</size>
         <input_file_ref idref="fl-82"/>
      </object_component>
      <object_component id="oc-4b5">
         <name>.data</name>
         <load_address>0x31ca</load_address>
         <run_address>0x31ca</run_address>
         <size>0x2</size>
         <input_file_ref idref="fl-93"/>
      </object_component>
      <object_component id="oc-15b">
         <name>.debug_info</name>
         <load_address>0x0</load_address>
         <run_address>0x0</run_address>
         <size>0xc58</size>
         <input_file_ref idref="fl-2"/>
      </object_component>
      <object_component id="oc-291">
         <name>.debug_info</name>
         <load_address>0xc58</load_address>
         <run_address>0xc58</run_address>
         <size>0xde</size>
         <input_file_ref idref="fl-2"/>
      </object_component>
      <object_component id="oc-2e8">
         <name>.debug_info</name>
         <load_address>0xd36</load_address>
         <run_address>0xd36</run_address>
         <size>0x1d3</size>
         <input_file_ref idref="fl-2"/>
      </object_component>
      <object_component id="oc-18b">
         <name>.debug_info</name>
         <load_address>0xf09</load_address>
         <run_address>0xf09</run_address>
         <size>0x213</size>
         <input_file_ref idref="fl-2"/>
      </object_component>
      <object_component id="oc-168">
         <name>.debug_info</name>
         <load_address>0x111c</load_address>
         <run_address>0x111c</run_address>
         <size>0x192</size>
         <input_file_ref idref="fl-2"/>
      </object_component>
      <object_component id="oc-3d1">
         <name>.debug_info</name>
         <load_address>0x12ae</load_address>
         <run_address>0x12ae</run_address>
         <size>0x15e</size>
         <input_file_ref idref="fl-2"/>
      </object_component>
      <object_component id="oc-3e3">
         <name>.debug_info</name>
         <load_address>0x140c</load_address>
         <run_address>0x140c</run_address>
         <size>0x1b9</size>
         <input_file_ref idref="fl-2"/>
      </object_component>
      <object_component id="oc-1a7">
         <name>.debug_info</name>
         <load_address>0x15c5</load_address>
         <run_address>0x15c5</run_address>
         <size>0x150</size>
         <input_file_ref idref="fl-2"/>
      </object_component>
      <object_component id="oc-25a">
         <name>.debug_info</name>
         <load_address>0x1715</load_address>
         <run_address>0x1715</run_address>
         <size>0x1a9</size>
         <input_file_ref idref="fl-2"/>
[...]
         <object_component_ref idref="oc-24a"/>
      </symbol>
      <symbol id="sm-59f">
         <name>OSTaskCreateHook</name>
         <value>0x125aa</value>
         <object_component_ref idref="oc-331"/>
      </symbol>
      <symbol id="sm-5a0">
         <name>OSTaskSwHook</name>
         <value>0x125b0</value>
         <object_component_ref idref="oc-289"/>
      </symbol>
      <symbol id="sm-5b8">
         <name>BSP_Init</name>
         <value>0x12580</value>
         <object_component_ref idref="oc-253"/>
      </symbol>
      <symbol id="sm-5d2">
         <name>main</name>
         <value>0x1201a</value>
         <object_component_ref idref="oc-129"/>
      </symbol>
      <symbol id="sm-5e9">
         <name>_stack</name>
         <value>0xa360</value>
         <object_component_ref idref="oc-d7"/>
      </symbol>
      <symbol id="sm-5ea">
         <name>__TI_dtors_ptr</name>
         <value>0x31bc</value>
         <object_component_ref idref="oc-17e"/>
      </symbol>
      <symbol id="sm-5eb">
         <name>__TI_cleanup_ptr</name>
         <value>0x31b8</value>
         <object_component_ref idref="oc-181"/>
      </symbol>
      <symbol id="sm-5ec">
         <name>_reset_vector</name>
         <value>0xfffe</value>
         <object_component_ref idref="oc-da"/>
      </symbol>
      <symbol id="sm-5f7">
         <name>_c_int00_noargs</name>
         <value>0xa442</value>
         <object_component_ref idref="oc-a7"/>
      </symbol>
      <symbol id="sm-60d">
         <name>__TI_decompress_none</name>
         <value>0x1253e</value>
         <object_component_ref idref="oc-6f"/>
      </symbol>
      <symbol id="sm-62f">
         <name>__TI_decompress_rle24</name>
         <value>0x12592</value>
         <object_component_ref idref="oc-75"/>
      </symbol>
      <symbol id="sm-642">
         <name>__TI_zero_init</name>
         <value>0x12376</value>
         <object_component_ref idref="oc-95"/>
      </symbol>
      <symbol id="sm-651">
         <name>__mspabi_remul</name>
         <value>0x11aa4</value>
         <object_component_ref idref="oc-31a"/>
      </symbol>
      <symbol id="sm-652">
         <name>__mspabi_divul</name>
         <value>0x11aa4</value>
         <object_component_ref idref="oc-31a"/>
      </symbol>
      <symbol id="sm-669">
         <name>C$$EXIT</name>
         <value>0x125a0</value>
         <object_component_ref idref="oc-131"/>
      </symbol>
      <symbol id="sm-66a">
         <name>abort</name>
         <value>0x125a0</value>
         <object_component_ref idref="oc-131"/>
      </symbol>
      <symbol id="sm-66b">
         <name>exit</name>
         <value>0x1226e</value>
         <object_component_ref idref="oc-11b"/>
      </symbol>
      <symbol id="sm-66e">
         <name>__TI_int36</name>
         <value>0xffc8</value>
         <object_component_ref idref="oc-7b"/>
      </symbol>
      <symbol id="sm-671">
         <name>__TI_int37</name>
         <value>0xffca</value>
         <object_component_ref idref="oc-7c"/>
      </symbol>
      <symbol id="sm-674">
         <name>__TI_int38</name>
         <value>0xffcc</value>
         <object_component_ref idref="oc-7d"/>
      </symbol>
      <symbol id="sm-677">
         <name>__TI_int39</name>
         <value>0xffce</value>
         <object_component_ref idref="oc-7e"/>
      </symbol>
      <symbol id="sm-67a">
         <name>__TI_int40</name>
         <value>0xffd0</value>
         <object_component_ref idref="oc-7f"/>
      </symbol>
      <symbol id="sm-67d">
         <name>__TI_int41</name>
         <value>0xffd2</value>
         <object_component_ref idref="oc-80"/>
      </symbol>
      <symbol id="sm-680">
         <name>__TI_int42</name>
         <value>0xffd4</value>
         <object_component_ref idref="oc-81"/>
      </symbol>
      <symbol id="sm-683">
         <name>__TI_int43</name>
         <value>0xffd6</value>
         <object_component_ref idref="oc-82"/>
      </symbol>
      <symbol id="sm-686">
         <name>__TI_int44</name>
         <value>0xffd8</value>
         <object_component_ref idref="oc-83"/>
      </symbol>
      <symbol id="sm-689">
         <name>__TI_int45</name>
         <value>0xffda</value>
         <object_component_ref idref="oc-84"/>
      </symbol>
      <symbol id="sm-68c">
         <name>__TI_int46</name>
         <value>0xffdc</value>
         <object_component_ref idref="oc-85"/>
      </symbol>
      <symbol id="sm-68f">
         <name>__TI_int47</name>
         <value>0xffde</value>
         <object_component_ref idref="oc-86"/>
      </symbol>
      <symbol id="sm-692">
         <name>__TI_int48</name>
         <value>0xffe0</value>
         <object_component_ref idref="oc-87"/>
      </symbol>
      <symbol id="sm-695">
         <name>__TI_int50</name>
         <value>0xffe4</value>
         <object_component_ref idref="oc-88"/>
      </symbol>
      <symbol id="sm-698">
         <name>__TI_int51</name>
         <value>0xffe6</value>
         <object_component_ref idref="oc-89"/>
      </symbol>
      <symbol id="sm-69b">
         <name>__TI_int52</name>
         <value>0xffe8</value>
         <object_component_ref idref="oc-8a"/>
      </symbol>
      <symbol id="sm-69e">
         <name>__TI_int53</name>
         <value>0xffea</value>
         <object_component_ref idref="oc-8b"/>
      </symbol>
      <symbol id="sm-6a1">
         <name>__TI_int54</name>
         <value>0xffec</value>
         <object_component_ref idref="oc-8c"/>
      </symbol>
      <symbol id="sm-6a4">
         <name>__TI_int55</name>
         <value>0xffee</value>
         <object_component_ref idref="oc-8d"/>
      </symbol>
      <symbol id="sm-6a7">
         <name>__TI_int56</name>
         <value>0xfff0</value>
         <object_component_ref idref="oc-8e"/>
      </symbol>
      <symbol id="sm-6aa">
         <name>__TI_int58</name>
         <value>0xfff4</value>
         <object_component_ref idref="oc-90"/>
      </symbol>
      <symbol id="sm-6ad">
         <name>__TI_int59</name>
         <value>0xfff6</value>
         <object_component_ref idref="oc-91"/>
      </symbol>
      <symbol id="sm-6b0">
         <name>__TI_int60</name>
         <value>0xfff8</value>
         <object_component_ref idref="oc-92"/>
      </symbol>
      <symbol id="sm-6b3">
         <name>__TI_int61</name>
         <value>0xfffa</value>
         <object_component_ref idref="oc-93"/>
      </symbol>
      <symbol id="sm-6b6">
         <name>__TI_int62</name>
         <value>0xfffc</value>
         <object_component_ref idref="oc-94"/>
      </symbol>
      <symbol id="sm-6be">
         <name>__TI_ISR_TRAP</name>
         <value>0xa45e</value>
         <object_component_ref idref="oc-f8"/>
      </symbol>
      <symbol id="sm-6ce">
         <name>__mspabi_slll_9</name>
         <value>0x11f78</value>
         <object_component_ref idref="oc-526"/>
      </symbol>
      <symbol id="sm-6cf">
         <name>__mspabi_slll_8</name>
         <value>0x11f7c</value>
         <object_component_ref idref="oc-526"/>
      </symbol>
      <symbol id="sm-6d0">
         <name>__mspabi_slll_7</name>
         <value>0x11f80</value>
         <object_component_ref idref="oc-526"/>
      </symbol>
      <symbol id="sm-6d1">
         <name>__mspabi_slll_6</name>
         <value>0x11f84</value>
         <object_component_ref idref="oc-526"/>
      </symbol>
      <symbol id="sm-6d2">
         <name>__mspabi_slll_5</name>
         <value>0x11f88</value>
         <object_component_ref idref="oc-526"/>
      </symbol>
      <symbol id="sm-6d3">
         <name>__mspabi_slll_4</name>
         <value>0x11f8c</value>
         <object_component_ref idref="oc-526"/>
      </symbol>
      <symbol id="sm-6d4">
         <name>__mspabi_slll_3</name>
         <value>0x11f90</value>
         <object_component_ref idref="oc-526"/>
      </symbol>
      <symbol id="sm-6d5">
         <name>__mspabi_slll_2</name>
         <value>0x11f94</value>
         <object_component_ref idref="oc-526"/>
      </symbol>
      <symbol id="sm-6d6">
         <name>__mspabi_slll_1</name>
         <value>0x11f98</value>
         <object_component_ref idref="oc-526"/>
      </symbol>
      <symbol id="sm-6d7">
         <name>__mspabi_slll</name>
         <value>0x12562</value>
         <object_component_ref idref="oc-326"/>
      </symbol>
      <symbol id="sm-6d8">
         <name>__mspabi_slll_15</name>
         <value>0x11f60</value>
         <object_component_ref idref="oc-526"/>
      </symbol>
      <symbol id="sm-6d9">
         <name>__mspabi_slll_14</name>
         <value>0x11f64</value>
         <object_component_ref idref="oc-526"/>
      </symbol>
      <symbol id="sm-6da">
         <name>__mspabi_slll_13</name>
         <value>0x11f68</value>
         <object_component_ref idref="oc-526"/>
      </symbol>
      <symbol id="sm-6db">
         <name>__mspabi_slll_12</name>
         <value>0x11f6c</value>
         <object_component_ref idref="oc-526"/>
      </symbol>
      <symbol id="sm-6dc">
         <name>__mspabi_slll_11</name>
         <value>0x11f70</value>
         <object_component_ref idref="oc-526"/>
      </symbol>
      <symbol id="sm-6dd">
         <name>__mspabi_slll_10</name>
         <value>0x11f74</value>
         <object_component_ref idref="oc-526"/>
      </symbol>
      <symbol id="sm-6e5">
         <name>__mspabi_srll_8</name>
         <value>0x11fba</value>
         <object_component_ref idref="oc-320"/>
      </symbol>
      <symbol id="sm-6e6">
         <name>__mspabi_srll_9</name>
         <value>0x11fb6</value>
         <object_component_ref idref="oc-320"/>
      </symbol>
      <symbol id="sm-6e7">
         <name>__mspabi_srll_6</name>
         <value>0x11fc2</value>
         <object_component_ref idref="oc-320"/>
      </symbol>
      <symbol id="sm-6e8">
         <name>__mspabi_srll_7</name>
         <value>0x11fbe</value>
         <object_component_ref idref="oc-320"/>
      </symbol>
      <symbol id="sm-6e9">
         <name>__mspabi_srll_4</name>
         <value>0x11fca</value>
         <object_component_ref idref="oc-320"/>
      </symbol>
      <symbol id="sm-6ea">
         <name>__mspabi_srll_5</name>
         <value>0x11fc6</value>
         <object_component_ref idref="oc-320"/>
      </symbol>
      <symbol id="sm-6eb">
         <name>__mspabi_srll_2</name>
         <value>0x11fd2</value>
         <object_component_ref idref="oc-320"/>
      </symbol>
      <symbol id="sm-6ec">
         <name>__mspabi_srll_3</name>
         <value>0x11fce</value>
         <object_component_ref idref="oc-320"/>
      </symbol>
      <symbol id="sm-6ed">
         <name>__mspabi_srll_1</name>
         <value>0x11fd6</value>
         <object_component_ref idref="oc-320"/>
      </symbol>
      <symbol id="sm-6ee">
         <name>__mspabi_srll_15</name>
         <value>0x11f9e</value>
         <object_component_ref idref="oc-320"/>
      </symbol>
      <symbol id="sm-6ef">
         <name>__mspabi_srll_14</name>
         <value>0x11fa2</value>
         <object_component_ref idref="oc-320"/>
      </symbol>
      <symbol id="sm-6f0">
         <name>__mspabi_srll_13</name>
         <value>0x11fa6</value>
         <object_component_ref idref="oc-320"/>
      </symbol>
      <symbol id="sm-6f1">
         <name>__mspabi_srll_12</name>
         <value>0x11faa</value>
         <object_component_ref idref="oc-320"/>
      </symbol>
      <symbol id="sm-6f2">
         <name>__mspabi_srll_11</name>
         <value>0x11fae</value>
         <object_component_ref idref="oc-320"/>
      </symbol>
      <symbol id="sm-6f3">
         <name>__mspabi_srll_10</name>
         <value>0x11fb2</value>
         <object_component_ref idref="oc-320"/>
      </symbol>
      <symbol id="sm-707">
         <name>memcpy</name>
         <value>0x12518</value>
         <object_component_ref idref="oc-de"/>
      </symbol>
      <symbol id="sm-71e">
         <name>__mspabi_mpyi_f5hw</name>
         <value>0x12502</value>
         <object_component_ref idref="oc-2a9"/>
      </symbol>
      <symbol id="sm-740">
         <name>__mspabi_mpyl_f5hw</name>
         <value>0x123bc</value>
         <object_component_ref idref="oc-315"/>
      </symbol>
      <symbol id="sm-756">
         <name>_system_pre_init</name>
         <value>0x1259c</value>
         <object_component_ref idref="oc-109"/>
      </symbol>
      <symbol id="sm-779">
         <name>printf</name>
         <value>0x11dc2</value>
         <object_component_ref idref="oc-25f"/>
      </symbol>
      <symbol id="sm-78f">
         <name>_nop</name>
         <value>0x125b4</value>
         <object_component_ref idref="oc-1f6"/>
      </symbol>
      <symbol id="sm-790">
         <name>_lock</name>
         <value>0x31c0</value>
         <object_component_ref idref="oc-17b"/>
      </symbol>
      <symbol id="sm-791">
         <name>_unlock</name>
         <value>0x31c4</value>
         <object_component_ref idref="oc-184"/>
      </symbol>
      <symbol id="sm-7fe">
         <name>__TI_printfi_minimal</name>
         <value>0x107f8</value>
         <object_component_ref idref="oc-30d"/>
      </symbol>
      <symbol id="sm-81c">
         <name>_auto_init_hold_wdt</name>
         <value>0x11666</value>
         <object_component_ref idref="oc-10f"/>
      </symbol>
      <symbol id="sm-82c">
         <name>__TI_tmpnams</name>
         <value>0x2d70</value>
      </symbol>
      <symbol id="sm-82d">
         <name>_ftable</name>
         <value>0x303c</value>
         <object_component_ref idref="oc-2fe"/>
      </symbol>
      <symbol id="sm-82e">
         <name>__TI_ft_end</name>
         <value>0x31c8</value>
         <object_component_ref idref="oc-4c5"/>
      </symbol>
      <symbol id="sm-838">
         <name>__mspabi_remu</name>
         <value>0x124ec</value>
         <object_component_ref idref="oc-4f7"/>
      </symbol>
      <symbol id="sm-839">
         <name>__mspabi_divu</name>
         <value>0x124ec</value>
         <object_component_ref idref="oc-4f7"/>
      </symbol>
      <symbol id="sm-84c">
         <name>putc</name>
         <value>0x11012</value>
         <object_component_ref idref="oc-38a"/>
      </symbol>
      <symbol id="sm-84d">
         <name>fputc</name>
         <value>0x11012</value>
         <object_component_ref idref="oc-38a"/>
      </symbol>
      <symbol id="sm-865">
         <name>fputs</name>
         <value>0x1029a</value>
         <object_component_ref idref="oc-383"/>
      </symbol>
      <symbol id="sm-8bd">
         <name>lseek</name>
         <value>0x11fdc</value>
         <object_component_ref idref="oc-46c"/>
      </symbol>
      <symbol id="sm-8be">
         <name>write</name>
         <value>0x12056</value>
         <object_component_ref idref="oc-3fd"/>
      </symbol>
      <symbol id="sm-8bf">
         <name>close</name>
         <value>0x119f0</value>
         <object_component_ref idref="oc-502"/>
      </symbol>
      <symbol id="sm-8c0">
         <name>unlink</name>
         <value>0x1223e</value>
         <object_component_ref idref="oc-509"/>
      </symbol>
      <symbol id="sm-8cf">
         <name>memccpy</name>
         <value>0x1241e</value>
         <object_component_ref idref="oc-416"/>
      </symbol>
      <symbol id="sm-8de">
         <name>memchr</name>
         <value>0x124c0</value>
         <object_component_ref idref="oc-3f1"/>
      </symbol>
      <symbol id="sm-8ec">
         <name>memset</name>
         <value>0x124d6</value>
         <object_component_ref idref="oc-409"/>
      </symbol>
      <symbol id="sm-8fb">
         <name>strchr</name>
         <value>0x1243c</value>
         <object_component_ref idref="oc-54a"/>
      </symbol>
      <symbol id="sm-909">
         <name>strcmp</name>
         <value>0x12458</value>
         <object_component_ref idref="oc-567"/>
      </symbol>
      <symbol id="sm-916">
         <name>strlen</name>
         <value>0x12572</value>
         <object_component_ref idref="oc-391"/>
      </symbol>
      <symbol id="sm-926">
         <name>strncpy</name>
         <value>0x1220c</value>
         <object_component_ref idref="oc-550"/>
      </symbol>
      <symbol id="sm-961">
         <name>HOSTrename</name>
         <value>0x11432</value>
         <object_component_ref idref="oc-4ef"/>
      </symbol>
      <symbol id="sm-962">
         <name>HOSTclose</name>
         <value>0x11d2a</value>
         <object_component_ref idref="oc-4d1"/>
      </symbol>
      <symbol id="sm-963">
         <name>HOSTunlink</name>
         <value>0x11e54</value>
         <object_component_ref idref="oc-4e9"/>
      </symbol>
      <symbol id="sm-964">
         <name>HOSTlseek</name>
         <value>0x10db0</value>
         <object_component_ref idref="oc-4e3"/>
      </symbol>
      <symbol id="sm-965">
         <name>HOSTopen</name>
         <value>0x1158a</value>
         <object_component_ref idref="oc-4cb"/>
      </symbol>
      <symbol id="sm-966">
         <name>HOSTwrite</name>
         <value>0x116d2</value>
         <object_component_ref idref="oc-4dd"/>
      </symbol>
      <symbol id="sm-967">
         <name>HOSTread</name>
         <value>0x117a6</value>
         <object_component_ref idref="oc-4d7"/>
      </symbol>
      <symbol id="sm-985">
         <name>__TI_readmsg</name>
         <value>0x121da</value>
         <object_component_ref idref="oc-51c"/>
      </symbol>
      <symbol id="sm-986">
         <name>C$$IO$$</name>
         <value>0x121a4</value>
         <object_component_ref idref="oc-516"/>
      </symbol>
      <symbol id="sm-987">
         <name>_CIOBUF_</name>
         <value>0x31cc</value>
         <object_component_ref idref="oc-541"/>
      </symbol>
      <symbol id="sm-988">
         <name>__TI_writemsg</name>
         <value>0x12172</value>
         <object_component_ref idref="oc-516"/>
      </symbol>
      <symbol id="sm-9a0">
         <name>__TI_wrt_ok</name>
         <value>0x112c4</value>
         <object_component_ref idref="oc-3eb"/>
      </symbol>
      <symbol id="sm-9b2">
         <name>__TI_doflush</name>
         <value>0x11876</value>
         <object_component_ref idref="oc-3f7"/>
      </symbol>
      <symbol id="sm-9c2">
         <name>fseek</name>
         <value>0x1173c</value>
         <object_component_ref idref="oc-437"/>
      </symbol>
      <symbol id="sm-9da">
         <name>setvbuf</name>
         <value>0x10640</value>
         <object_component_ref idref="oc-43d"/>
      </symbol>
      <symbol id="sm-9e7">
         <name>strcpy</name>
         <value>0x12550</value>
         <object_component_ref idref="oc-52d"/>
      </symbol>
      <symbol id="sm-9f3">
         <name>__TI_cleanup</name>
         <value>0x1213c</value>
         <object_component_ref idref="oc-480"/>
      </symbol>
      <symbol id="sm-a3e">
         <name>_sys_memory</name>
         <value>0x32ec</value>
         <object_component_ref idref="oc-db"/>
      </symbol>
      <symbol id="sm-a3f">
         <name>free</name>
         <value>0x110a2</value>
         <object_component_ref idref="oc-474"/>
      </symbol>
      <symbol id="sm-a40">
         <name>malloc</name>
         <value>0x10a40</value>
         <object_component_ref idref="oc-47a"/>
      </symbol>
      <symbol id="sm-a41">
         <name>minit</name>
         <value>0x11ee0</value>
         <object_component_ref idref="oc-4b8"/>
      </symbol>
      <symbol id="sm-a52">
         <name>__TI_closefile</name>
         <value>0x1151a</value>
         <object_component_ref idref="oc-4bf"/>
      </symbol>
      <symbol id="sm-a55">
         <name>__TI_INITARRAY_Base</name>
         <value>0x0</value>
      </symbol>
      <symbol id="sm-a56">
         <name>__TI_INITARRAY_Limit</name>
         <value>0x0</value>
      </symbol>
      <symbol id="sm-a57">
         <name>remove</name>
         <value>0x1223e</value>
      </symbol>
   </symbol_table>
   <title>Link successful</title>
</link_info>
